// Jest Snapshot v1, https://goo.gl/fbAQLP

exports[`AcceptedDevices Component renders correctly 1`] = `
.emotion-1 {
  height: 100%;
  width: 100%;
}

.emotion-2 {
  -webkit-align-items: flex-end;
  -webkit-box-align: flex-end;
  -ms-flex-align: flex-end;
  align-items: flex-end;
}

<div
  class="widget emotion-0 "
>
  <div
    class="flexbox column emotion-1"
  >
    <div
      class="flexbox column widgetMainContent align-right emotion-2"
    >
      <div
        class="header"
      >
        Accepted devices
      </div>
      <div
        class="counter"
      />
    </div>
    <span
      class="link"
    />
  </div>
</div>
`;
