// Jest Snapshot v1, https://goo.gl/fbAQLP

exports[`MyOrganization Component renders correctly 1`] = `
.emotion-0 {
  list-style: none;
  margin: 0;
  padding: 0;
  position: relative;
  padding-top: 8px;
  padding-bottom: 8px;
}

.emotion-1 {
  display: -webkit-box;
  display: -webkit-flex;
  display: -ms-flexbox;
  display: flex;
  -webkit-box-pack: start;
  -ms-flex-pack: start;
  -webkit-justify-content: flex-start;
  justify-content: flex-start;
  -webkit-align-items: flex-start;
  -webkit-box-align: flex-start;
  -ms-flex-align: flex-start;
  align-items: flex-start;
  position: relative;
  -webkit-text-decoration: none;
  text-decoration: none;
  width: 100%;
  box-sizing: border-box;
  text-align: left;
  padding-top: 8px;
  padding-bottom: 8px;
  padding-left: 16px;
  padding-right: 16px;
}

.emotion-1.Mui-focusVisible {
  background-color: rgba(0, 0, 0, 0.12);
}

.emotion-1.Mui-selected {
  background-color: rgba(25, 118, 210, 0.08);
}

.emotion-1.Mui-selected.Mui-focusVisible {
  background-color: rgba(25, 118, 210, 0.2);
}

.emotion-1.Mui-disabled {
  opacity: 0.38;
}

.emotion-2 {
  display: grid;
  width: 100%;
  margin-bottom: 8px;
}

.emotion-3 {
  -webkit-flex: 1 1 auto;
  -ms-flex: 1 1 auto;
  flex: 1 1 auto;
  min-width: 0;
  margin-top: 6px;
  margin-bottom: 6px;
}

.emotion-4 {
  margin: 0;
  font-family: "Roboto","Helvetica","Arial",sans-serif;
  font-weight: 400;
  font-size: 1rem;
  line-height: 1.5;
  letter-spacing: 0.00938em;
  display: block;
}

.emotion-5 {
  margin: 0;
  font-family: "Roboto","Helvetica","Arial",sans-serif;
  font-weight: 400;
  font-size: 0.875rem;
  line-height: 1.43;
  letter-spacing: 0.01071em;
  color: rgba(0, 0, 0, 0.6);
  display: block;
}

.emotion-6 {
  margin-bottom: 8px;
  margin-left: -16px;
  width: 500px;
}

.emotion-7 {
  margin: 0;
  -webkit-flex-shrink: 0;
  -ms-flex-negative: 0;
  flex-shrink: 0;
  border-width: 0;
  border-style: solid;
  border-color: rgba(0, 0, 0, 0.12);
  border-bottom-width: thin;
}

.emotion-9 {
  display: grid;
  width: 100%;
  margin-bottom: 0;
}

.emotion-12 {
  padding-right: 10px;
}

.emotion-13 {
  -webkit-user-select: none;
  -moz-user-select: none;
  -ms-user-select: none;
  user-select: none;
  width: 1em;
  height: 1em;
  display: inline-block;
  fill: currentColor;
  -webkit-flex-shrink: 0;
  -ms-flex-negative: 0;
  flex-shrink: 0;
  -webkit-transition: fill 200ms cubic-bezier(0.4, 0, 0.2, 1) 0ms;
  transition: fill 200ms cubic-bezier(0.4, 0, 0.2, 1) 0ms;
  font-size: 1.5rem;
}

.emotion-15 {
  width: calc(500px - 32px);
}

.emotion-16 {
  display: -webkit-box;
  display: -webkit-flex;
  display: -ms-flexbox;
  display: flex;
  -webkit-box-pack: start;
  -ms-flex-pack: start;
  -webkit-justify-content: flex-start;
  justify-content: flex-start;
  -webkit-align-items: center;
  -webkit-box-align: center;
  -ms-flex-align: center;
  align-items: center;
  position: relative;
  -webkit-text-decoration: none;
  text-decoration: none;
  width: 100%;
  box-sizing: border-box;
  text-align: left;
  padding-top: 8px;
  padding-bottom: 8px;
}

.emotion-16.Mui-focusVisible {
  background-color: rgba(0, 0, 0, 0.12);
}

.emotion-16.Mui-selected {
  background-color: rgba(25, 118, 210, 0.08);
}

.emotion-16.Mui-selected.Mui-focusVisible {
  background-color: rgba(25, 118, 210, 0.2);
}

.emotion-16.Mui-disabled {
  opacity: 0.38;
}

.emotion-17 {
  -webkit-flex: 1 1 auto;
  -ms-flex: 1 1 auto;
  flex: 1 1 auto;
  min-width: 0;
  margin-top: 4px;
  margin-bottom: 4px;
}

.emotion-21 {
  display: -webkit-inline-box;
  display: -webkit-inline-flex;
  display: -ms-inline-flexbox;
  display: inline-flex;
  -webkit-align-items: center;
  -webkit-box-align: center;
  -ms-flex-align: center;
  align-items: center;
  -webkit-box-pack: center;
  -ms-flex-pack: center;
  -webkit-justify-content: center;
  justify-content: center;
  position: relative;
  box-sizing: border-box;
  -webkit-tap-highlight-color: transparent;
  background-color: transparent;
  outline: 0;
  border: 0;
  margin: 0;
  border-radius: 0;
  padding: 0;
  cursor: pointer;
  -webkit-user-select: none;
  -moz-user-select: none;
  -ms-user-select: none;
  user-select: none;
  vertical-align: middle;
  -moz-appearance: none;
  -webkit-appearance: none;
  -webkit-text-decoration: none;
  text-decoration: none;
  color: inherit;
  font-family: "Roboto","Helvetica","Arial",sans-serif;
  font-weight: 500;
  font-size: 0.875rem;
  line-height: 1.75;
  letter-spacing: 0.02857em;
  text-transform: uppercase;
  min-width: 64px;
  padding: 6px 8px;
  border-radius: 4px;
  -webkit-transition: background-color 250ms cubic-bezier(0.4, 0, 0.2, 1) 0ms,box-shadow 250ms cubic-bezier(0.4, 0, 0.2, 1) 0ms,border-color 250ms cubic-bezier(0.4, 0, 0.2, 1) 0ms,color 250ms cubic-bezier(0.4, 0, 0.2, 1) 0ms;
  transition: background-color 250ms cubic-bezier(0.4, 0, 0.2, 1) 0ms,box-shadow 250ms cubic-bezier(0.4, 0, 0.2, 1) 0ms,border-color 250ms cubic-bezier(0.4, 0, 0.2, 1) 0ms,color 250ms cubic-bezier(0.4, 0, 0.2, 1) 0ms;
  color: #1976d2;
}

.emotion-21::-moz-focus-inner {
  border-style: none;
}

.emotion-21.Mui-disabled {
  pointer-events: none;
  cursor: default;
}

@media print {
  .emotion-21 {
    -webkit-print-color-adjust: exact;
    color-adjust: exact;
  }
}

.emotion-21:hover {
  -webkit-text-decoration: none;
  text-decoration: none;
  background-color: rgba(25, 118, 210, 0.04);
}

@media (hover: none) {
  .emotion-21:hover {
    background-color: transparent;
  }
}

.emotion-21.Mui-disabled {
  color: rgba(0, 0, 0, 0.26);
}

.emotion-22 {
  display: inherit;
  margin-right: 8px;
  margin-left: -4px;
}

.emotion-22>*:nth-of-type(1) {
  font-size: 20px;
}

.emotion-24 {
  overflow: hidden;
  pointer-events: none;
  position: absolute;
  z-index: 0;
  top: 0;
  right: 0;
  bottom: 0;
  left: 0;
  border-radius: inherit;
}

.emotion-25 {
  height: 30px;
  padding: 15px;
}

.emotion-26 {
  width: calc(500px + 32px);
}

.emotion-27 {
  display: -webkit-inline-box;
  display: -webkit-inline-flex;
  display: -ms-inline-flexbox;
  display: inline-flex;
  -webkit-align-items: center;
  -webkit-box-align: center;
  -ms-flex-align: center;
  align-items: center;
  cursor: pointer;
  vertical-align: middle;
  -webkit-tap-highlight-color: transparent;
  margin-left: -11px;
  margin-right: 16px;
}

.emotion-27.Mui-disabled {
  cursor: default;
}

.emotion-27 .MuiFormControlLabel-label.Mui-disabled {
  color: rgba(0, 0, 0, 0.38);
}

.emotion-28 {
  display: -webkit-inline-box;
  display: -webkit-inline-flex;
  display: -ms-inline-flexbox;
  display: inline-flex;
  -webkit-align-items: center;
  -webkit-box-align: center;
  -ms-flex-align: center;
  align-items: center;
  -webkit-box-pack: center;
  -ms-flex-pack: center;
  -webkit-justify-content: center;
  justify-content: center;
  position: relative;
  box-sizing: border-box;
  -webkit-tap-highlight-color: transparent;
  background-color: transparent;
  outline: 0;
  border: 0;
  margin: 0;
  border-radius: 0;
  padding: 0;
  cursor: pointer;
  -webkit-user-select: none;
  -moz-user-select: none;
  -ms-user-select: none;
  user-select: none;
  vertical-align: middle;
  -moz-appearance: none;
  -webkit-appearance: none;
  -webkit-text-decoration: none;
  text-decoration: none;
  color: inherit;
  padding: 9px;
  border-radius: 50%;
  color: rgba(0, 0, 0, 0.6);
}

.emotion-28::-moz-focus-inner {
  border-style: none;
}

.emotion-28.Mui-disabled {
  pointer-events: none;
  cursor: default;
}

@media print {
  .emotion-28 {
    -webkit-print-color-adjust: exact;
    color-adjust: exact;
  }
}

.emotion-28:hover {
  background-color: rgba(25, 118, 210, 0.04);
}

@media (hover: none) {
  .emotion-28:hover {
    background-color: transparent;
  }
}

.emotion-28.Mui-checked,
.emotion-28.MuiCheckbox-indeterminate {
  color: #1976d2;
}

.emotion-28.Mui-disabled {
  color: rgba(0, 0, 0, 0.26);
}

.emotion-29 {
  cursor: inherit;
  position: absolute;
  opacity: 0;
  width: 100%;
  height: 100%;
  top: 0;
  left: 0;
  margin: 0;
  padding: 0;
  z-index: 1;
}

.emotion-32 {
  margin: 0;
  font-family: "Roboto","Helvetica","Arial",sans-serif;
  font-weight: 400;
  font-size: 1rem;
  line-height: 1.5;
  letter-spacing: 0.00938em;
}

.emotion-33 {
  height: 0;
  overflow: hidden;
  -webkit-transition: height 300ms cubic-bezier(0.4, 0, 0.2, 1) 0ms;
  transition: height 300ms cubic-bezier(0.4, 0, 0.2, 1) 0ms;
  visibility: hidden;
}

.emotion-34 {
  display: -webkit-box;
  display: -webkit-flex;
  display: -ms-flexbox;
  display: flex;
  width: 100%;
}

.emotion-35 {
  width: 100%;
}

.emotion-36 {
  -webkit-align-items: start;
  -webkit-box-align: start;
  -ms-flex-align: start;
  align-items: start;
  -webkit-column-gap: 16px;
  column-gap: 16px;
  display: grid;
  grid-template-columns: 1fr 1fr;
}

.emotion-37 {
  max-width: 500px;
}

.emotion-38 {
  display: -webkit-inline-box;
  display: -webkit-inline-flex;
  display: -ms-inline-flexbox;
  display: inline-flex;
  -webkit-flex-direction: column;
  -ms-flex-direction: column;
  flex-direction: column;
  position: relative;
  min-width: 0;
  padding: 0;
  margin: 0;
  border: 0;
  vertical-align: top;
}

.emotion-39 {
  font-family: "Roboto","Helvetica","Arial",sans-serif;
  font-weight: 400;
  font-size: 1rem;
  line-height: 1.4375em;
  letter-spacing: 0.00938em;
  color: rgba(0, 0, 0, 0.87);
  box-sizing: border-box;
  position: relative;
  cursor: text;
  display: -webkit-inline-box;
  display: -webkit-inline-flex;
  display: -ms-inline-flexbox;
  display: inline-flex;
  -webkit-align-items: center;
  -webkit-box-align: center;
  -ms-flex-align: center;
  align-items: center;
  padding: 4px 0 5px;
  position: relative;
  border-radius: 4px;
  padding-right: 14px;
  padding: 16.5px 14px;
}

.emotion-39.Mui-disabled {
  color: rgba(0, 0, 0, 0.38);
  cursor: default;
}

.emotion-39:hover .MuiOutlinedInput-notchedOutline {
  border-color: rgba(0, 0, 0, 0.87);
}

@media (hover: none) {
  .emotion-39:hover .MuiOutlinedInput-notchedOutline {
    border-color: rgba(0, 0, 0, 0.23);
  }
}

.emotion-39.Mui-focused .MuiOutlinedInput-notchedOutline {
  border-color: #1976d2;
  border-width: 2px;
}

.emotion-39.Mui-error .MuiOutlinedInput-notchedOutline {
  border-color: #d32f2f;
}

.emotion-39.Mui-disabled .MuiOutlinedInput-notchedOutline {
  border-color: rgba(0, 0, 0, 0.26);
}

.emotion-40 {
  font: inherit;
  letter-spacing: inherit;
  color: currentColor;
  padding: 0;
  border: 0;
  box-sizing: content-box;
  background: none;
  height: auto;
  margin: 0;
  -webkit-tap-highlight-color: transparent;
  display: block;
  min-width: 0;
  width: 100%;
  -webkit-animation-name: mui-auto-fill-cancel;
  animation-name: mui-auto-fill-cancel;
  -webkit-animation-duration: 10ms;
  animation-duration: 10ms;
  resize: none;
  padding-top: 0;
  padding: 0;
  padding-right: 0;
}

.emotion-40::-webkit-input-placeholder {
  color: currentColor;
  opacity: 0.42;
  -webkit-transition: opacity 200ms cubic-bezier(0.4, 0, 0.2, 1) 0ms;
  transition: opacity 200ms cubic-bezier(0.4, 0, 0.2, 1) 0ms;
}

.emotion-40::-moz-placeholder {
  color: currentColor;
  opacity: 0.42;
  -webkit-transition: opacity 200ms cubic-bezier(0.4, 0, 0.2, 1) 0ms;
  transition: opacity 200ms cubic-bezier(0.4, 0, 0.2, 1) 0ms;
}

.emotion-40:-ms-input-placeholder {
  color: currentColor;
  opacity: 0.42;
  -webkit-transition: opacity 200ms cubic-bezier(0.4, 0, 0.2, 1) 0ms;
  transition: opacity 200ms cubic-bezier(0.4, 0, 0.2, 1) 0ms;
}

.emotion-40::-ms-input-placeholder {
  color: currentColor;
  opacity: 0.42;
  -webkit-transition: opacity 200ms cubic-bezier(0.4, 0, 0.2, 1) 0ms;
  transition: opacity 200ms cubic-bezier(0.4, 0, 0.2, 1) 0ms;
}

.emotion-40:focus {
  outline: 0;
}

.emotion-40:invalid {
  box-shadow: none;
}

.emotion-40::-webkit-search-decoration {
  -webkit-appearance: none;
}

label[data-shrink=false]+.MuiInputBase-formControl .emotion-40::-webkit-input-placeholder {
  opacity: 0!important;
}

label[data-shrink=false]+.MuiInputBase-formControl .emotion-40::-moz-placeholder {
  opacity: 0!important;
}

label[data-shrink=false]+.MuiInputBase-formControl .emotion-40:-ms-input-placeholder {
  opacity: 0!important;
}

label[data-shrink=false]+.MuiInputBase-formControl .emotion-40::-ms-input-placeholder {
  opacity: 0!important;
}

label[data-shrink=false]+.MuiInputBase-formControl .emotion-40:focus::-webkit-input-placeholder {
  opacity: 0.42;
}

label[data-shrink=false]+.MuiInputBase-formControl .emotion-40:focus::-moz-placeholder {
  opacity: 0.42;
}

label[data-shrink=false]+.MuiInputBase-formControl .emotion-40:focus:-ms-input-placeholder {
  opacity: 0.42;
}

label[data-shrink=false]+.MuiInputBase-formControl .emotion-40:focus::-ms-input-placeholder {
  opacity: 0.42;
}

.emotion-40.Mui-disabled {
  opacity: 1;
  -webkit-text-fill-color: rgba(0, 0, 0, 0.38);
}

.emotion-40:-webkit-autofill {
  -webkit-animation-duration: 5000s;
  animation-duration: 5000s;
  -webkit-animation-name: mui-auto-fill;
  animation-name: mui-auto-fill;
}

.emotion-40:-webkit-autofill {
  border-radius: inherit;
}

.emotion-42 {
  display: -webkit-box;
  display: -webkit-flex;
  display: -ms-flexbox;
  display: flex;
  height: 0.01em;
  max-height: 2em;
  -webkit-align-items: center;
  -webkit-box-align: center;
  -ms-flex-align: center;
  align-items: center;
  white-space: nowrap;
  color: rgba(0, 0, 0, 0.54);
  margin-left: 8px;
}

.emotion-43 {
  margin-bottom: -4px;
}

.emotion-44 {
  -webkit-user-select: none;
  -moz-user-select: none;
  -ms-user-select: none;
  user-select: none;
  width: 1em;
  height: 1em;
  display: inline-block;
  fill: currentColor;
  -webkit-flex-shrink: 0;
  -ms-flex-negative: 0;
  flex-shrink: 0;
  -webkit-transition: fill 200ms cubic-bezier(0.4, 0, 0.2, 1) 0ms;
  transition: fill 200ms cubic-bezier(0.4, 0, 0.2, 1) 0ms;
  font-size: 1.25rem;
}

.emotion-45 {
  text-align: left;
  position: absolute;
  bottom: 0;
  right: 0;
  top: -5px;
  left: 0;
  margin: 0;
  padding: 0 8px;
  pointer-events: none;
  border-radius: inherit;
  border-style: solid;
  border-width: 1px;
  overflow: hidden;
  min-width: 0%;
  border-color: rgba(0, 0, 0, 0.23);
}

.emotion-46 {
  float: unset;
  overflow: hidden;
  padding: 0;
  line-height: 11px;
  -webkit-transition: width 150ms cubic-bezier(0.0, 0, 0.2, 1) 0ms;
  transition: width 150ms cubic-bezier(0.0, 0, 0.2, 1) 0ms;
}

.emotion-47 {
  color: rgba(0, 0, 0, 0.6);
  font-family: "Roboto","Helvetica","Arial",sans-serif;
  font-weight: 400;
  font-size: 0.75rem;
  line-height: 1.66;
  letter-spacing: 0.03333em;
  text-align: left;
  margin-top: 3px;
  margin-right: 14px;
  margin-bottom: 0;
  margin-left: 14px;
}

.emotion-47.Mui-disabled {
  color: rgba(0, 0, 0, 0.38);
}

.emotion-47.Mui-error {
  color: #d32f2f;
}

.emotion-48 {
  color: rgba(0, 0, 0, 0.38);
  margin: 15px 0;
}

.emotion-49 {
  gap: 8px;
}

.emotion-53 {
  display: -webkit-inline-box;
  display: -webkit-inline-flex;
  display: -ms-inline-flexbox;
  display: inline-flex;
  -webkit-align-items: center;
  -webkit-box-align: center;
  -ms-flex-align: center;
  align-items: center;
  -webkit-box-pack: center;
  -ms-flex-pack: center;
  -webkit-justify-content: center;
  justify-content: center;
  position: relative;
  box-sizing: border-box;
  -webkit-tap-highlight-color: transparent;
  background-color: transparent;
  outline: 0;
  border: 0;
  margin: 0;
  border-radius: 0;
  padding: 0;
  cursor: pointer;
  -webkit-user-select: none;
  -moz-user-select: none;
  -ms-user-select: none;
  user-select: none;
  vertical-align: middle;
  -moz-appearance: none;
  -webkit-appearance: none;
  -webkit-text-decoration: none;
  text-decoration: none;
  color: inherit;
  font-family: "Roboto","Helvetica","Arial",sans-serif;
  font-weight: 500;
  font-size: 0.875rem;
  line-height: 1.75;
  letter-spacing: 0.02857em;
  text-transform: uppercase;
  min-width: 64px;
  padding: 6px 16px;
  border-radius: 4px;
  -webkit-transition: background-color 250ms cubic-bezier(0.4, 0, 0.2, 1) 0ms,box-shadow 250ms cubic-bezier(0.4, 0, 0.2, 1) 0ms,border-color 250ms cubic-bezier(0.4, 0, 0.2, 1) 0ms,color 250ms cubic-bezier(0.4, 0, 0.2, 1) 0ms;
  transition: background-color 250ms cubic-bezier(0.4, 0, 0.2, 1) 0ms,box-shadow 250ms cubic-bezier(0.4, 0, 0.2, 1) 0ms,border-color 250ms cubic-bezier(0.4, 0, 0.2, 1) 0ms,color 250ms cubic-bezier(0.4, 0, 0.2, 1) 0ms;
  color: #fff;
  background-color: #1976d2;
  box-shadow: 0px 3px 1px -2px rgba(0,0,0,0.2),0px 2px 2px 0px rgba(0,0,0,0.14),0px 1px 5px 0px rgba(0,0,0,0.12);
}

.emotion-53::-moz-focus-inner {
  border-style: none;
}

.emotion-53.Mui-disabled {
  pointer-events: none;
  cursor: default;
}

@media print {
  .emotion-53 {
    -webkit-print-color-adjust: exact;
    color-adjust: exact;
  }
}

.emotion-53:hover {
  -webkit-text-decoration: none;
  text-decoration: none;
  background-color: #1565c0;
  box-shadow: 0px 2px 4px -1px rgba(0,0,0,0.2),0px 4px 5px 0px rgba(0,0,0,0.14),0px 1px 10px 0px rgba(0,0,0,0.12);
}

@media (hover: none) {
  .emotion-53:hover {
    background-color: #1976d2;
  }
}

.emotion-53:active {
  box-shadow: 0px 5px 5px -3px rgba(0,0,0,0.2),0px 8px 10px 1px rgba(0,0,0,0.14),0px 3px 14px 2px rgba(0,0,0,0.12);
}

.emotion-53.Mui-focusVisible {
  box-shadow: 0px 3px 5px -1px rgba(0,0,0,0.2),0px 6px 10px 0px rgba(0,0,0,0.14),0px 1px 18px 0px rgba(0,0,0,0.12);
}

.emotion-53.Mui-disabled {
  color: rgba(0, 0, 0, 0.26);
  box-shadow: none;
  background-color: rgba(0, 0, 0, 0.12);
}

.emotion-54 {
  background-color: #bdbdbd;
  margin-top: 48px;
  padding: 16px;
}

.emotion-54>h5 {
  margin-top: 0;
  margin-bottom: 0;
}

<div
  class="margin-top-small"
>
  <h2
    class="margin-top-small"
  >
    Organization and billing
  </h2>
  <ul
    class="MuiList-root MuiList-padding emotion-0"
  >
    <li
      class="margin-top-small org-settings-item"
    >
      <div
        class="flexbox column MuiListItem-root MuiListItem-gutters MuiListItem-padding MuiListItem-alignItemsFlexStart emotion-1"
      >
        <div
          class="MuiListItemText-root MuiListItemText-multiline emotion-2 emotion-3"
        >
          <span
            class="MuiTypography-root MuiTypography-body1 MuiListItemText-primary emotion-4"
          >
            Organization name
          </span>
          <div
            class="MuiTypography-root MuiTypography-body2 two-columns MuiListItemText-secondary emotion-5"
          >
            <div>
              test
            </div>
            <a
              class="align-right"
            />
          </div>
        </div>
        <hr
          class="MuiDivider-root MuiDivider-fullWidth emotion-6 emotion-7"
        />
      </div>
    </li>
    <li
      class="margin-top-small org-settings-item"
    >
      <div
        class="flexbox column MuiListItem-root MuiListItem-gutters MuiListItem-padding MuiListItem-alignItemsFlexStart emotion-1"
      >
        <div
          class="MuiListItemText-root MuiListItemText-multiline emotion-9 emotion-3"
        >
          <span
            class="MuiTypography-root MuiTypography-body1 MuiListItemText-primary emotion-4"
          >
            <div
              class="flexbox center-aligned"
            >
              <div
                class="emotion-12"
              >
                Organization token
              </div>
              <div
                class=""
                data-mui-internal-clone-element="true"
              >
                <svg
                  aria-hidden="true"
                  class="MuiSvgIcon-root MuiSvgIcon-fontSizeMedium emotion-13"
                  data-testid="InfoIcon"
                  focusable="false"
                  viewBox="0 0 24 24"
                >
                  <path
                    d="M12 2C6.48 2 2 6.48 2 12s4.48 10 10 10 10-4.48 10-10S17.52 2 12 2zm1 15h-2v-6h2v6zm0-8h-2V7h2v2z"
                  />
                </svg>
              </div>
            </div>
          </span>
          <div
            class="MuiTypography-root MuiTypography-body2 MuiListItemText-secondary emotion-5"
          >
            <div
              class="emotion-15"
            >
              <div
                class="attributes MuiListItem-root MuiListItem-padding emotion-16"
              >
                <div
                  class="MuiListItemText-root emotion-17"
                >
                  <div
                    class="MuiTypography-root MuiTypography-body2 MuiListItemText-secondary emotion-5"
                    title="test"
                  >
                    <span
                      class="inventory-text tenant-token-text"
                    >
                      test
                    </span>
                     
                  </div>
                </div>
              </div>
            </div>
          </div>
        </div>
        <hr
          class="MuiDivider-root MuiDivider-fullWidth emotion-6 emotion-7"
        />
      </div>
      <div>
        <button
          class="MuiButton-root MuiButton-text MuiButton-textPrimary MuiButton-sizeMedium MuiButton-textSizeMedium MuiButtonBase-root  emotion-21"
          tabindex="0"
          type="button"
        >
          <span
            class="MuiButton-startIcon MuiButton-iconSizeMedium emotion-22"
          >
            <svg
              aria-hidden="true"
              class="MuiSvgIcon-root MuiSvgIcon-fontSizeMedium emotion-13"
              data-testid="FileCopyIcon"
              focusable="false"
              viewBox="0 0 24 24"
            >
              <path
                d="M16 1H4c-1.1 0-2 .9-2 2v14h2V3h12V1zm-1 4 6 6v10c0 1.1-.9 2-2 2H7.99C6.89 23 6 22.1 6 21l.01-14c0-1.1.89-2 1.99-2h7zm-1 7h5.5L14 6.5V12z"
              />
            </svg>
          </span>
          Copy to clipboard
          <span
            class="MuiTouchRipple-root emotion-24"
          />
        </button>
        <div
          class="emotion-25"
        />
      </div>
    </li>
  </ul>
  <div
    class="flexbox center-aligned"
  >
    <label
      class="MuiFormControlLabel-root MuiFormControlLabel-labelPlacementEnd margin-bottom-small emotion-26 emotion-27"
    >
      <span
        class="MuiCheckbox-root MuiCheckbox-colorPrimary MuiButtonBase-root MuiCheckbox-root MuiCheckbox-colorPrimary PrivateSwitchBase-root emotion-28"
      >
        <input
          class="PrivateSwitchBase-input emotion-29"
          data-indeterminate="false"
          type="checkbox"
        />
        <svg
          aria-hidden="true"
          class="MuiSvgIcon-root MuiSvgIcon-fontSizeMedium emotion-13"
          data-testid="CheckBoxOutlineBlankIcon"
          focusable="false"
          viewBox="0 0 24 24"
        >
          <path
            d="M19 5v14H5V5h14m0-2H5c-1.1 0-2 .9-2 2v14c0 1.1.9 2 2 2h14c1.1 0 2-.9 2-2V5c0-1.1-.9-2-2-2z"
          />
        </svg>
        <span
          class="MuiTouchRipple-root emotion-24"
        />
      </span>
      <span
        class="MuiTypography-root MuiTypography-body1 MuiFormControlLabel-label emotion-32"
      >
        Enable SAML single sign-on
      </span>
    </label>
  </div>
  <div
    class="MuiCollapse-root MuiCollapse-vertical margin-left-large MuiCollapse-hidden emotion-33"
    style="min-height: 0px;"
  >
    <div
      class="MuiCollapse-wrapper MuiCollapse-vertical emotion-34"
    >
      <div
        class="MuiCollapse-wrapperInner MuiCollapse-vertical emotion-35"
      >
        <div
          class="emotion-36"
        >
          <div
            class="MuiFormControl-root MuiTextField-root emotion-37 emotion-38"
          >
            <div
              class="MuiOutlinedInput-root MuiInputBase-root MuiInputBase-colorPrimary MuiInputBase-formControl MuiInputBase-multiline MuiInputBase-adornedEnd emotion-39"
            >
              <textarea
                aria-describedby="mui-2-helper-text"
                aria-invalid="false"
                class="MuiOutlinedInput-input MuiInputBase-input MuiInputBase-inputMultiline MuiInputBase-inputAdornedEnd emotion-40"
                id="mui-2"
                placeholder="Paste in your metadata document"
                style="height: 0px; overflow: hidden;"
              />
              <textarea
                aria-hidden="true"
                class="MuiOutlinedInput-input MuiInputBase-input MuiInputBase-inputMultiline MuiInputBase-inputAdornedEnd emotion-40"
                readonly=""
                style="visibility: hidden; position: absolute; overflow: hidden; height: 0px; top: 0px; left: 0px; transform: translateZ(0); padding: 0px; width: 100%;"
                tabindex="-1"
              />
              <div
                class="MuiInputAdornment-root MuiInputAdornment-positionEnd MuiInputAdornment-outlined MuiInputAdornment-sizeMedium emotion-42"
              >
                <a
                  role="presentation"
                  tabindex="0"
                >
                  <input
                    style="display: none;"
                    tabindex="-1"
                    type="file"
                  />
                  Or upload a file 
                  <svg
                    aria-hidden="true"
                    class="MuiSvgIcon-root MuiSvgIcon-fontSizeSmall emotion-43 emotion-44"
                    data-testid="CloudUploadIcon"
                    focusable="false"
                    viewBox="0 0 24 24"
                  >
                    <path
                      d="M19.35 10.04C18.67 6.59 15.64 4 12 4 9.11 4 6.6 5.64 5.35 8.04 2.34 8.36 0 10.91 0 14c0 3.31 2.69 6 6 6h13c2.76 0 5-2.24 5-5 0-2.64-2.05-4.78-4.65-4.96zM14 13v4h-4v-4H7l5-5 5 5h-3z"
                    />
                  </svg>
                </a>
              </div>
              <fieldset
                aria-hidden="true"
                class="MuiOutlinedInput-notchedOutline emotion-45"
              >
                <legend
                  class="emotion-46"
                >
                  <span
                    class="notranslate"
                  >
                    ​
                  </span>
                </legend>
              </fieldset>
            </div>
            <p
              class="MuiFormHelperText-root MuiFormHelperText-sizeMedium MuiFormHelperText-contained emotion-47"
              id="mui-2-helper-text"
            >
              <p
                class="emotion-48 icon flexbox center-aligned emotion-49 "
              >
                <svg
                  aria-hidden="true"
                  class="MuiSvgIcon-root MuiSvgIcon-fontSizeSmall emotion-44"
                  data-testid="InfoOutlinedIcon"
                  focusable="false"
                  viewBox="0 0 24 24"
                >
                  <path
                    d="M11 7h2v2h-2zm0 4h2v6h-2zm1-9C6.48 2 2 6.48 2 12s4.48 10 10 10 10-4.48 10-10S17.52 2 12 2zm0 18c-4.41 0-8-3.59-8-8s3.59-8 8-8 8 3.59 8 8-3.59 8-8 8z"
                  />
                </svg>
                Submit the metadata document from your Identity Provider
              </p>
            </p>
          </div>
          <div
            class="flexbox"
          >
            <button
              class="MuiButton-root MuiButton-text MuiButton-textPrimary MuiButton-sizeMedium MuiButton-textSizeMedium MuiButtonBase-root  emotion-21"
              tabindex="0"
              type="button"
            >
              Cancel
              <span
                class="MuiTouchRipple-root emotion-24"
              />
            </button>
            <button
              class="MuiButton-root MuiButton-contained MuiButton-containedPrimary MuiButton-sizeMedium MuiButton-containedSizeMedium MuiButtonBase-root Mui-disabled  emotion-53"
              disabled=""
              tabindex="-1"
              type="button"
            >
              Save
            </button>
          </div>
        </div>
      </div>
    </div>
  </div>
  <div
    class="emotion-54"
  >
    <h5>
      Billing
    </h5>
    <ul
      class="MuiList-root MuiList-padding emotion-0"
    >
      <li
        class="margin-top-small org-settings-item"
      >
        <div
          class="flexbox column MuiListItem-root MuiListItem-gutters MuiListItem-padding MuiListItem-alignItemsFlexStart emotion-1"
        >
          <div
            class="MuiListItemText-root MuiListItemText-multiline emotion-2 emotion-3"
          >
            <span
              class="MuiTypography-root MuiTypography-body1 MuiListItemText-primary emotion-4"
            >
              Current plan
            </span>
            <div
              class="MuiTypography-root MuiTypography-body2 two-columns MuiListItemText-secondary emotion-5"
            >
              <div>
                Trial
              </div>
              <a
                class="align-right"
                href="https://mender.io/plans/pricing"
                rel="noopener noreferrer"
                target="_blank"
              >
                Compare product plans
              </a>
            </div>
          </div>
          <hr
            class="MuiDivider-root MuiDivider-fullWidth emotion-6 emotion-7"
          />
          <div
            class="flexbox centered muted"
          >
            <svg
              aria-hidden="true"
              class="MuiSvgIcon-root MuiSvgIcon-fontSizeSmall emotion-44"
              data-testid="ErrorIcon"
              focusable="false"
              viewBox="0 0 24 24"
            >
              <path
                d="M12 2C6.48 2 2 6.48 2 12s4.48 10 10 10 10-4.48 10-10S17.52 2 12 2zm1 15h-2v-2h2v2zm0-4h-2V7h2v6z"
              />
            </svg>
            <span
              class="margin-left-small"
            >
              Your trial expires in 
              6 months
              . 
              <a
                href="/settings/upgrade"
              >
                Upgrade to a paid plan
              </a>
            </span>
          </div>
        </div>
      </li>
      <li
        class="margin-top-small org-settings-item"
      >
        <div
          class="flexbox column MuiListItem-root MuiListItem-gutters MuiListItem-padding MuiListItem-alignItemsFlexStart emotion-1"
        >
          <div
            class="MuiListItemText-root MuiListItemText-multiline emotion-2 emotion-3"
          >
            <span
              class="MuiTypography-root MuiTypography-body1 MuiListItemText-primary emotion-4"
            >
              Current add-ons
            </span>
            <div
              class="MuiTypography-root MuiTypography-body2 two-columns MuiListItemText-secondary emotion-5"
            >
              <div>
                Configure, Monitor
              </div>
              <a
                class="align-right"
              >
                Purchase an add-on
              </a>
            </div>
          </div>
          <hr
            class="MuiDivider-root MuiDivider-fullWidth emotion-6 emotion-7"
          />
          <div
            class="flexbox centered muted"
          >
            <svg
              aria-hidden="true"
              class="MuiSvgIcon-root MuiSvgIcon-fontSizeSmall emotion-44"
              data-testid="ErrorIcon"
              focusable="false"
              viewBox="0 0 24 24"
            >
              <path
                d="M12 2C6.48 2 2 6.48 2 12s4.48 10 10 10 10-4.48 10-10S17.52 2 12 2zm1 15h-2v-2h2v2zm0-4h-2V7h2v6z"
              />
            </svg>
            <span
              class="margin-left-small"
            >
              Your trial expires in 
              6 months
              . 
              <a
                href="/settings/upgrade"
              >
                Upgrade to a paid plan
              </a>
            </span>
          </div>
        </div>
        <div
          class="margin-left-small margin-bottom"
        >
          <a
            class="flexbox center-aligned"
            href="https://mender.io/plans/pricing"
            rel="noopener noreferrer"
            target="_blank"
          >
            <div
              style="max-width: 200px;"
            >
              Compare plans and add-ons at mender.io
            </div>
            <svg
              aria-hidden="true"
              class="MuiSvgIcon-root MuiSvgIcon-fontSizeSmall emotion-44"
              data-testid="OpenInNewIcon"
              focusable="false"
              viewBox="0 0 24 24"
            >
              <path
                d="M19 19H5V5h7V3H5c-1.11 0-2 .9-2 2v14c0 1.1.89 2 2 2h14c1.1 0 2-.9 2-2v-7h-2v7zM14 3v2h3.59l-9.83 9.83 1.41 1.41L19 6.41V10h2V3h-7z"
              />
            </svg>
          </a>
        </div>
      </li>
    </ul>
    <p
      class="margin-left-small margin-right-small"
      style="max-width: 500px;"
    >
      <a
        href=""
      >
        End trial
         and deactivate account
      </a>
    </p>
  </div>
</div>
`;

exports[`smaller components renders CancelSubscriptionAlert correctly 1`] = `
<div
  class="margin-top-large alert alert-error"
  style="max-width: 500px;"
>
  <p>
    We've started the process to cancel your plan and deactivate your account.
  </p>
  <p>
    We'll send you an email confirming your deactivation. If you have any question at all, contact us at
     
    <strong>
      <a
        href="mailto:support@mender.io"
      >
        support@mender.io
      </a>
    </strong>
  </p>
</div>
`;

exports[`smaller components renders CancelSubscriptionButton correctly 1`] = `
<p
  class="margin-left-small margin-right-small"
  style="max-width: 500px;"
>
  <a
    href=""
  >
    End trial
     and deactivate account
  </a>
</p>
`;

exports[`smaller components renders DeviceLimitExpansionNotification correctly 1`] = `
.emotion-0 {
  -webkit-user-select: none;
  -moz-user-select: none;
  -ms-user-select: none;
  user-select: none;
  width: 1em;
  height: 1em;
  display: inline-block;
  fill: currentColor;
  -webkit-flex-shrink: 0;
  -ms-flex-negative: 0;
  flex-shrink: 0;
  -webkit-transition: fill 200ms cubic-bezier(0.4, 0, 0.2, 1) 0ms;
  transition: fill 200ms cubic-bezier(0.4, 0, 0.2, 1) 0ms;
  font-size: 1.25rem;
}

<div
  class="flexbox centered"
>
  <svg
    aria-hidden="true"
    class="MuiSvgIcon-root MuiSvgIcon-fontSizeSmall muted margin-right-small emotion-0"
    data-testid="ErrorIcon"
    focusable="false"
    viewBox="0 0 24 24"
  >
    <path
      d="M12 2C6.48 2 2 6.48 2 12s4.48 10 10 10 10-4.48 10-10S17.52 2 12 2zm1 15h-2v-2h2v2zm0-4h-2V7h2v6z"
    />
  </svg>
  <div
    class="muted"
    style="margin-right: 4px;"
  >
    To increase your device limit,
     
  </div>
  <a
    href="/settings/upgrade"
  >
    upgrade to a paid plan
  </a>
  <div
    class="muted"
  >
    .
  </div>
</div>
`;

exports[`smaller components renders OrgHeader correctly 1`] = `
.emotion-0 {
  padding-right: 10px;
}

.emotion-1 {
  -webkit-user-select: none;
  -moz-user-select: none;
  -ms-user-select: none;
  user-select: none;
  width: 1em;
  height: 1em;
  display: inline-block;
  fill: currentColor;
  -webkit-flex-shrink: 0;
  -ms-flex-negative: 0;
  flex-shrink: 0;
  -webkit-transition: fill 200ms cubic-bezier(0.4, 0, 0.2, 1) 0ms;
  transition: fill 200ms cubic-bezier(0.4, 0, 0.2, 1) 0ms;
  font-size: 1.5rem;
}

<div
  class="flexbox center-aligned"
>
  <div
    class="emotion-0"
  >
    Organization token
  </div>
  <div
    class=""
    data-mui-internal-clone-element="true"
  >
    <svg
      aria-hidden="true"
      class="MuiSvgIcon-root MuiSvgIcon-fontSizeMedium emotion-1"
      data-testid="InfoIcon"
      focusable="false"
      viewBox="0 0 24 24"
    >
      <path
        d="M12 2C6.48 2 2 6.48 2 12s4.48 10 10 10 10-4.48 10-10S17.52 2 12 2zm1 15h-2v-6h2v6zm0-8h-2V7h2v2z"
      />
    </svg>
  </div>
</div>
`;

exports[`smaller components renders TrialExpirationNote correctly 1`] = `
.emotion-0 {
  -webkit-user-select: none;
  -moz-user-select: none;
  -ms-user-select: none;
  user-select: none;
  width: 1em;
  height: 1em;
  display: inline-block;
  fill: currentColor;
  -webkit-flex-shrink: 0;
  -ms-flex-negative: 0;
  flex-shrink: 0;
  -webkit-transition: fill 200ms cubic-bezier(0.4, 0, 0.2, 1) 0ms;
  transition: fill 200ms cubic-bezier(0.4, 0, 0.2, 1) 0ms;
  font-size: 1.25rem;
}

<div
  class="flexbox centered muted"
>
  <svg
    aria-hidden="true"
    class="MuiSvgIcon-root MuiSvgIcon-fontSizeSmall emotion-0"
    data-testid="ErrorIcon"
    focusable="false"
    viewBox="0 0 24 24"
  >
    <path
      d="M12 2C6.48 2 2 6.48 2 12s4.48 10 10 10 10-4.48 10-10S17.52 2 12 2zm1 15h-2v-2h2v2zm0-4h-2V7h2v6z"
    />
  </svg>
  <span
    class="margin-left-small"
  >
    Your trial expires in 
    9 months
    . 
    <a
      href="/settings/upgrade"
    >
      Upgrade to a paid plan
    </a>
  </span>
</div>
`;
