// Jest Snapshot v1, https://goo.gl/fbAQLP

exports[`IntegrationConfiguration Component renders correctly 1`] = `
<h3
  class="margin-bottom-none"
>
  Azure IoT Hub
</h3>
`;

exports[`Integrations Component renders correctly 1`] = `
.emotion-0 {
  max-width: 750px;
}

.emotion-1 {
  -webkit-align-items: flex-end;
  -webkit-box-align: flex-end;
  -ms-flex-align: flex-end;
  align-items: flex-end;
}

.emotion-2 {
  margin: 8px;
  min-width: 500px;
  word-break: break-all;
}

.emotion-3 {
  display: -webkit-inline-box;
  display: -webkit-inline-flex;
  display: -ms-inline-flexbox;
  display: inline-flex;
  -webkit-flex-direction: column;
  -ms-flex-direction: column;
  flex-direction: column;
  position: relative;
  min-width: 0;
  padding: 0;
  margin: 0;
  border: 0;
  vertical-align: top;
}

.emotion-4 {
  color: rgba(0, 0, 0, 0.6);
  font-family: "Roboto","Helvetica","Arial",sans-serif;
  font-weight: 400;
  font-size: 1rem;
  line-height: 1.4375em;
  letter-spacing: 0.00938em;
  padding: 0;
  position: relative;
  display: block;
  transform-origin: top left;
  white-space: nowrap;
  overflow: hidden;
  text-overflow: ellipsis;
  max-width: calc(133% - 24px);
  position: absolute;
  left: 0;
  top: 0;
  -webkit-transform: translate(14px, -9px) scale(0.75);
  -moz-transform: translate(14px, -9px) scale(0.75);
  -ms-transform: translate(14px, -9px) scale(0.75);
  transform: translate(14px, -9px) scale(0.75);
  -webkit-transition: color 200ms cubic-bezier(0.0, 0, 0.2, 1) 0ms,-webkit-transform 200ms cubic-bezier(0.0, 0, 0.2, 1) 0ms,max-width 200ms cubic-bezier(0.0, 0, 0.2, 1) 0ms;
  transition: color 200ms cubic-bezier(0.0, 0, 0.2, 1) 0ms,transform 200ms cubic-bezier(0.0, 0, 0.2, 1) 0ms,max-width 200ms cubic-bezier(0.0, 0, 0.2, 1) 0ms;
  z-index: 1;
  pointer-events: auto;
  -webkit-user-select: none;
  -moz-user-select: none;
  -ms-user-select: none;
  user-select: none;
}

.emotion-4.Mui-focused {
  color: #1976d2;
}

.emotion-4.Mui-disabled {
  color: rgba(0, 0, 0, 0.38);
}

.emotion-4.Mui-error {
  color: #d32f2f;
}

.emotion-5 {
  font-family: "Roboto","Helvetica","Arial",sans-serif;
  font-weight: 400;
  font-size: 1rem;
  line-height: 1.4375em;
  letter-spacing: 0.00938em;
  color: rgba(0, 0, 0, 0.87);
  box-sizing: border-box;
  position: relative;
  cursor: text;
  display: -webkit-inline-box;
  display: -webkit-inline-flex;
  display: -ms-inline-flexbox;
  display: inline-flex;
  -webkit-align-items: center;
  -webkit-box-align: center;
  -ms-flex-align: center;
  align-items: center;
  padding: 4px 0 5px;
  position: relative;
  border-radius: 4px;
  padding: 16.5px 14px;
}

.emotion-5.Mui-disabled {
  color: rgba(0, 0, 0, 0.38);
  cursor: default;
}

.emotion-5:hover .MuiOutlinedInput-notchedOutline {
  border-color: rgba(0, 0, 0, 0.87);
}

@media (hover: none) {
  .emotion-5:hover .MuiOutlinedInput-notchedOutline {
    border-color: rgba(0, 0, 0, 0.23);
  }
}

.emotion-5.Mui-focused .MuiOutlinedInput-notchedOutline {
  border-color: #1976d2;
  border-width: 2px;
}

.emotion-5.Mui-error .MuiOutlinedInput-notchedOutline {
  border-color: #d32f2f;
}

.emotion-5.Mui-disabled .MuiOutlinedInput-notchedOutline {
  border-color: rgba(0, 0, 0, 0.26);
}

.emotion-6 {
  font: inherit;
  letter-spacing: inherit;
  color: currentColor;
  padding: 0;
  border: 0;
  box-sizing: content-box;
  background: none;
  height: auto;
  margin: 0;
  -webkit-tap-highlight-color: transparent;
  display: block;
  min-width: 0;
  width: 100%;
  -webkit-animation-name: mui-auto-fill-cancel;
  animation-name: mui-auto-fill-cancel;
  -webkit-animation-duration: 10ms;
  animation-duration: 10ms;
  resize: none;
  padding-top: 0;
  padding: 0;
}

.emotion-6::-webkit-input-placeholder {
  color: currentColor;
  opacity: 0.42;
  -webkit-transition: opacity 200ms cubic-bezier(0.4, 0, 0.2, 1) 0ms;
  transition: opacity 200ms cubic-bezier(0.4, 0, 0.2, 1) 0ms;
}

.emotion-6::-moz-placeholder {
  color: currentColor;
  opacity: 0.42;
  -webkit-transition: opacity 200ms cubic-bezier(0.4, 0, 0.2, 1) 0ms;
  transition: opacity 200ms cubic-bezier(0.4, 0, 0.2, 1) 0ms;
}

.emotion-6:-ms-input-placeholder {
  color: currentColor;
  opacity: 0.42;
  -webkit-transition: opacity 200ms cubic-bezier(0.4, 0, 0.2, 1) 0ms;
  transition: opacity 200ms cubic-bezier(0.4, 0, 0.2, 1) 0ms;
}

.emotion-6::-ms-input-placeholder {
  color: currentColor;
  opacity: 0.42;
  -webkit-transition: opacity 200ms cubic-bezier(0.4, 0, 0.2, 1) 0ms;
  transition: opacity 200ms cubic-bezier(0.4, 0, 0.2, 1) 0ms;
}

.emotion-6:focus {
  outline: 0;
}

.emotion-6:invalid {
  box-shadow: none;
}

.emotion-6::-webkit-search-decoration {
  -webkit-appearance: none;
}

label[data-shrink=false]+.MuiInputBase-formControl .emotion-6::-webkit-input-placeholder {
  opacity: 0!important;
}

label[data-shrink=false]+.MuiInputBase-formControl .emotion-6::-moz-placeholder {
  opacity: 0!important;
}

label[data-shrink=false]+.MuiInputBase-formControl .emotion-6:-ms-input-placeholder {
  opacity: 0!important;
}

label[data-shrink=false]+.MuiInputBase-formControl .emotion-6::-ms-input-placeholder {
  opacity: 0!important;
}

label[data-shrink=false]+.MuiInputBase-formControl .emotion-6:focus::-webkit-input-placeholder {
  opacity: 0.42;
}

label[data-shrink=false]+.MuiInputBase-formControl .emotion-6:focus::-moz-placeholder {
  opacity: 0.42;
}

label[data-shrink=false]+.MuiInputBase-formControl .emotion-6:focus:-ms-input-placeholder {
  opacity: 0.42;
}

label[data-shrink=false]+.MuiInputBase-formControl .emotion-6:focus::-ms-input-placeholder {
  opacity: 0.42;
}

.emotion-6.Mui-disabled {
  opacity: 1;
  -webkit-text-fill-color: rgba(0, 0, 0, 0.38);
}

.emotion-6:-webkit-autofill {
  -webkit-animation-duration: 5000s;
  animation-duration: 5000s;
  -webkit-animation-name: mui-auto-fill;
  animation-name: mui-auto-fill;
}

.emotion-6:-webkit-autofill {
  border-radius: inherit;
}

.emotion-8 {
  text-align: left;
  position: absolute;
  bottom: 0;
  right: 0;
  top: -5px;
  left: 0;
  margin: 0;
  padding: 0 8px;
  pointer-events: none;
  border-radius: inherit;
  border-style: solid;
  border-width: 1px;
  overflow: hidden;
  min-width: 0%;
  border-color: rgba(0, 0, 0, 0.23);
}

.emotion-9 {
  float: unset;
  overflow: hidden;
  display: block;
  width: auto;
  padding: 0;
  height: 11px;
  font-size: 0.75em;
  visibility: hidden;
  max-width: 100%;
  -webkit-transition: max-width 100ms cubic-bezier(0.0, 0, 0.2, 1) 50ms;
  transition: max-width 100ms cubic-bezier(0.0, 0, 0.2, 1) 50ms;
  white-space: nowrap;
}

.emotion-9>span {
  padding-left: 5px;
  padding-right: 5px;
  display: inline-block;
  opacity: 0;
  visibility: visible;
}

.emotion-10 {
  margin-right: 8px;
}

.emotion-11 {
  display: -webkit-inline-box;
  display: -webkit-inline-flex;
  display: -ms-inline-flexbox;
  display: inline-flex;
  -webkit-align-items: center;
  -webkit-box-align: center;
  -ms-flex-align: center;
  align-items: center;
  -webkit-box-pack: center;
  -ms-flex-pack: center;
  -webkit-justify-content: center;
  justify-content: center;
  position: relative;
  box-sizing: border-box;
  -webkit-tap-highlight-color: transparent;
  background-color: transparent;
  outline: 0;
  border: 0;
  margin: 0;
  border-radius: 0;
  padding: 0;
  cursor: pointer;
  -webkit-user-select: none;
  -moz-user-select: none;
  -ms-user-select: none;
  user-select: none;
  vertical-align: middle;
  -moz-appearance: none;
  -webkit-appearance: none;
  -webkit-text-decoration: none;
  text-decoration: none;
  color: inherit;
  font-family: "Roboto","Helvetica","Arial",sans-serif;
  font-weight: 500;
  font-size: 0.875rem;
  line-height: 1.75;
  letter-spacing: 0.02857em;
  text-transform: uppercase;
  min-width: 64px;
  padding: 6px 8px;
  border-radius: 4px;
  -webkit-transition: background-color 250ms cubic-bezier(0.4, 0, 0.2, 1) 0ms,box-shadow 250ms cubic-bezier(0.4, 0, 0.2, 1) 0ms,border-color 250ms cubic-bezier(0.4, 0, 0.2, 1) 0ms,color 250ms cubic-bezier(0.4, 0, 0.2, 1) 0ms;
  transition: background-color 250ms cubic-bezier(0.4, 0, 0.2, 1) 0ms,box-shadow 250ms cubic-bezier(0.4, 0, 0.2, 1) 0ms,border-color 250ms cubic-bezier(0.4, 0, 0.2, 1) 0ms,color 250ms cubic-bezier(0.4, 0, 0.2, 1) 0ms;
  color: #1976d2;
}

.emotion-11::-moz-focus-inner {
  border-style: none;
}

.emotion-11.Mui-disabled {
  pointer-events: none;
  cursor: default;
}

@media print {
  .emotion-11 {
    -webkit-print-color-adjust: exact;
    color-adjust: exact;
  }
}

.emotion-11:hover {
  -webkit-text-decoration: none;
  text-decoration: none;
  background-color: rgba(25, 118, 210, 0.04);
}

@media (hover: none) {
  .emotion-11:hover {
    background-color: transparent;
  }
}

.emotion-11.Mui-disabled {
  color: rgba(0, 0, 0, 0.26);
}

.emotion-12 {
  overflow: hidden;
  pointer-events: none;
  position: absolute;
  z-index: 0;
  top: 0;
  right: 0;
  bottom: 0;
  left: 0;
  border-radius: inherit;
}

.emotion-15 {
  color: rgba(0, 0, 0, 0.38);
  margin: 15px 0;
}

.emotion-16 {
  gap: 8px;
}

.emotion-18 {
  -webkit-user-select: none;
  -moz-user-select: none;
  -ms-user-select: none;
  user-select: none;
  width: 1em;
  height: 1em;
  display: inline-block;
  fill: currentColor;
  -webkit-flex-shrink: 0;
  -ms-flex-negative: 0;
  flex-shrink: 0;
  -webkit-transition: fill 200ms cubic-bezier(0.4, 0, 0.2, 1) 0ms;
  transition: fill 200ms cubic-bezier(0.4, 0, 0.2, 1) 0ms;
  font-size: 1.25rem;
}

.emotion-20 {
  margin: 0;
  -webkit-flex-shrink: 0;
  -ms-flex-negative: 0;
  flex-shrink: 0;
  border-width: 0;
  border-style: solid;
  border-color: rgba(0, 0, 0, 0.12);
  border-bottom-width: thin;
}

.emotion-25 {
  color: rgba(0, 0, 0, 0.6);
  font-family: "Roboto","Helvetica","Arial",sans-serif;
  font-weight: 400;
  font-size: 1rem;
  line-height: 1.4375em;
  letter-spacing: 0.00938em;
  padding: 0;
  position: relative;
  display: block;
  transform-origin: top left;
  white-space: nowrap;
  overflow: hidden;
  text-overflow: ellipsis;
  max-width: calc(100% - 24px);
  position: absolute;
  left: 0;
  top: 0;
  -webkit-transform: translate(14px, 16px) scale(1);
  -moz-transform: translate(14px, 16px) scale(1);
  -ms-transform: translate(14px, 16px) scale(1);
  transform: translate(14px, 16px) scale(1);
  -webkit-transition: color 200ms cubic-bezier(0.0, 0, 0.2, 1) 0ms,-webkit-transform 200ms cubic-bezier(0.0, 0, 0.2, 1) 0ms,max-width 200ms cubic-bezier(0.0, 0, 0.2, 1) 0ms;
  transition: color 200ms cubic-bezier(0.0, 0, 0.2, 1) 0ms,transform 200ms cubic-bezier(0.0, 0, 0.2, 1) 0ms,max-width 200ms cubic-bezier(0.0, 0, 0.2, 1) 0ms;
  z-index: 1;
  pointer-events: none;
}

.emotion-25.Mui-focused {
  color: #1976d2;
}

.emotion-25.Mui-disabled {
  color: rgba(0, 0, 0, 0.38);
}

.emotion-25.Mui-error {
  color: #d32f2f;
}

.emotion-30 {
  float: unset;
  overflow: hidden;
  display: block;
  width: auto;
  padding: 0;
  height: 11px;
  font-size: 0.75em;
  visibility: hidden;
  max-width: 0.01px;
  -webkit-transition: max-width 50ms cubic-bezier(0.0, 0, 0.2, 1) 0ms;
  transition: max-width 50ms cubic-bezier(0.0, 0, 0.2, 1) 0ms;
  white-space: nowrap;
}

.emotion-30>span {
  padding-left: 5px;
  padding-right: 5px;
  display: inline-block;
  opacity: 0;
  visibility: visible;
}

<div>
  <h2
    class="margin-top-small"
  >
    Integrations
  </h2>
  <h3
    class="margin-bottom-none"
  >
    Azure IoT Hub
  </h3>
  <div
    class="flexbox space-between relative emotion-0 emotion-1"
  >
    <div
      class="MuiFormControl-root MuiTextField-root emotion-2 emotion-3"
    >
      <label
        class="MuiInputLabel-root MuiInputLabel-formControl MuiInputLabel-animated MuiInputLabel-shrink MuiInputLabel-outlined MuiFormLabel-root MuiFormLabel-colorPrimary Mui-disabled MuiFormLabel-filled emotion-4"
        data-shrink="true"
        for="mui-2"
        id="mui-2-label"
      >
        Azure IoT Hub connection string
      </label>
      <div
        class="MuiOutlinedInput-root MuiInputBase-root MuiInputBase-colorPrimary Mui-disabled MuiInputBase-formControl MuiInputBase-multiline emotion-5"
      >
        <textarea
          aria-invalid="false"
          class="MuiOutlinedInput-input MuiInputBase-input Mui-disabled MuiInputBase-inputMultiline emotion-6"
          disabled=""
          id="mui-2"
          style="height: 0px; overflow: hidden;"
        >
          something
        </textarea>
        <textarea
          aria-hidden="true"
          class="MuiOutlinedInput-input MuiInputBase-input Mui-disabled MuiInputBase-inputMultiline emotion-6"
          readonly=""
          style="visibility: hidden; position: absolute; overflow: hidden; height: 0px; top: 0px; left: 0px; transform: translateZ(0); padding: 0px; width: 100%;"
          tabindex="-1"
        />
        <fieldset
          aria-hidden="true"
          class="MuiOutlinedInput-notchedOutline emotion-8"
        >
          <legend
            class="emotion-9"
          >
            <span>
              Azure IoT Hub connection string
            </span>
          </legend>
        </fieldset>
      </div>
    </div>
    <div
      class="flexbox"
    >
      <button
        class="MuiButton-root MuiButton-text MuiButton-textPrimary MuiButton-sizeMedium MuiButton-textSizeMedium MuiButtonBase-root emotion-10 emotion-11"
        tabindex="0"
        type="button"
      >
        Edit
        <span
          class="MuiTouchRipple-root emotion-12"
        />
      </button>
      <button
        class="MuiButton-root MuiButton-text MuiButton-textPrimary MuiButton-sizeMedium MuiButton-textSizeMedium MuiButtonBase-root  emotion-11"
        tabindex="0"
        type="button"
      >
        Delete
        <span
          class="MuiTouchRipple-root emotion-12"
        />
      </button>
    </div>
  </div>
  <p
    class="emotion-15 icon flexbox center-aligned emotion-16 margin-bottom emotion-0"
  >
    <svg
      aria-hidden="true"
      class="MuiSvgIcon-root MuiSvgIcon-fontSizeSmall emotion-18"
      data-testid="InfoOutlinedIcon"
      focusable="false"
      viewBox="0 0 24 24"
    >
      <path
        d="M11 7h2v2h-2zm0 4h2v6h-2zm1-9C6.48 2 2 6.48 2 12s4.48 10 10 10 10-4.48 10-10S17.52 2 12 2zm0 18c-4.41 0-8-3.59-8-8s3.59-8 8-8 8 3.59 8 8-3.59 8-8 8z"
      />
    </svg>
    <span>
      For help finding your Azure IoT Hub connection string, look under 'Shared access policies' in the Microsoft Azure UI as described
       
      <a
        href="https://devblogs.microsoft.com/iotdev/understand-different-connection-strings-in-azure-iot-hub/#iothubconn"
        rel="noopener noreferrer"
        target="_blank"
      >
        here
      </a>
      .
    </span>
  </p>
  <hr
    class="MuiDivider-root MuiDivider-fullWidth margin-bottom emotion-0 emotion-20"
  />
  <h3
    class="margin-bottom-none"
  >
    AWS IoT core
  </h3>
  <div
    class="flexbox space-between relative emotion-0 emotion-1"
  >
    <div
      class="flexbox column"
    >
      <div
        class="MuiFormControl-root MuiTextField-root emotion-2 emotion-3"
      >
        <label
          class="MuiInputLabel-root MuiInputLabel-formControl MuiInputLabel-animated MuiInputLabel-outlined MuiFormLabel-root MuiFormLabel-colorPrimary Mui-disabled emotion-25"
          data-shrink="false"
          for="mui-3"
          id="mui-3-label"
        >
          Key ID
        </label>
        <div
          class="MuiOutlinedInput-root MuiInputBase-root MuiInputBase-colorPrimary Mui-disabled MuiInputBase-formControl MuiInputBase-multiline emotion-5"
        >
          <textarea
            aria-invalid="false"
            class="MuiOutlinedInput-input MuiInputBase-input Mui-disabled MuiInputBase-inputMultiline emotion-6"
            disabled=""
            id="mui-3"
            style="height: 0px; overflow: hidden;"
          />
          <textarea
            aria-hidden="true"
            class="MuiOutlinedInput-input MuiInputBase-input Mui-disabled MuiInputBase-inputMultiline emotion-6"
            readonly=""
            style="visibility: hidden; position: absolute; overflow: hidden; height: 0px; top: 0px; left: 0px; transform: translateZ(0); padding: 0px; width: 100%;"
            tabindex="-1"
          />
          <fieldset
            aria-hidden="true"
            class="MuiOutlinedInput-notchedOutline emotion-8"
          >
            <legend
              class="emotion-30"
            >
              <span>
                Key ID
              </span>
            </legend>
          </fieldset>
        </div>
      </div>
      <div
        class="MuiFormControl-root MuiTextField-root emotion-2 emotion-3"
      >
        <label
          class="MuiInputLabel-root MuiInputLabel-formControl MuiInputLabel-animated MuiInputLabel-outlined MuiFormLabel-root MuiFormLabel-colorPrimary Mui-disabled emotion-25"
          data-shrink="false"
          for="mui-4"
          id="mui-4-label"
        >
          Key Secret
        </label>
        <div
          class="MuiOutlinedInput-root MuiInputBase-root MuiInputBase-colorPrimary Mui-disabled MuiInputBase-formControl MuiInputBase-multiline emotion-5"
        >
          <textarea
            aria-invalid="false"
            class="MuiOutlinedInput-input MuiInputBase-input Mui-disabled MuiInputBase-inputMultiline emotion-6"
            disabled=""
            id="mui-4"
            style="height: 0px; overflow: hidden;"
          />
          <textarea
            aria-hidden="true"
            class="MuiOutlinedInput-input MuiInputBase-input Mui-disabled MuiInputBase-inputMultiline emotion-6"
            readonly=""
            style="visibility: hidden; position: absolute; overflow: hidden; height: 0px; top: 0px; left: 0px; transform: translateZ(0); padding: 0px; width: 100%;"
            tabindex="-1"
          />
          <fieldset
            aria-hidden="true"
            class="MuiOutlinedInput-notchedOutline emotion-8"
          >
            <legend
              class="emotion-30"
            >
              <span>
                Key Secret
              </span>
            </legend>
          </fieldset>
        </div>
      </div>
      <div
        class="MuiFormControl-root MuiTextField-root emotion-2 emotion-3"
      >
        <label
          class="MuiInputLabel-root MuiInputLabel-formControl MuiInputLabel-animated MuiInputLabel-outlined MuiFormLabel-root MuiFormLabel-colorPrimary Mui-disabled emotion-25"
          data-shrink="false"
          for="mui-5"
          id="mui-5-label"
        >
          Endpoint
        </label>
        <div
          class="MuiOutlinedInput-root MuiInputBase-root MuiInputBase-colorPrimary Mui-disabled MuiInputBase-formControl MuiInputBase-multiline emotion-5"
        >
          <textarea
            aria-invalid="false"
            class="MuiOutlinedInput-input MuiInputBase-input Mui-disabled MuiInputBase-inputMultiline emotion-6"
            disabled=""
            id="mui-5"
            style="height: 0px; overflow: hidden;"
          />
          <textarea
            aria-hidden="true"
            class="MuiOutlinedInput-input MuiInputBase-input Mui-disabled MuiInputBase-inputMultiline emotion-6"
            readonly=""
            style="visibility: hidden; position: absolute; overflow: hidden; height: 0px; top: 0px; left: 0px; transform: translateZ(0); padding: 0px; width: 100%;"
            tabindex="-1"
          />
          <fieldset
            aria-hidden="true"
            class="MuiOutlinedInput-notchedOutline emotion-8"
          >
            <legend
              class="emotion-30"
            >
              <span>
                Endpoint
              </span>
            </legend>
          </fieldset>
        </div>
        
      </div>
      <div
        class="MuiFormControl-root MuiTextField-root emotion-2 emotion-3"
      >
        <label
          class="MuiInputLabel-root MuiInputLabel-formControl MuiInputLabel-animated MuiInputLabel-outlined MuiFormLabel-root MuiFormLabel-colorPrimary Mui-disabled emotion-25"
          data-shrink="false"
          for="mui-6"
          id="mui-6-label"
        >
          Device Policy Document
        </label>
        <div
          class="MuiOutlinedInput-root MuiInputBase-root MuiInputBase-colorPrimary Mui-disabled MuiInputBase-formControl MuiInputBase-multiline emotion-5"
        >
          <textarea
            aria-invalid="false"
            class="MuiOutlinedInput-input MuiInputBase-input Mui-disabled MuiInputBase-inputMultiline emotion-6"
            disabled=""
            id="mui-6"
            style="height: 0px; overflow: hidden;"
          />
          <textarea
            aria-hidden="true"
            class="MuiOutlinedInput-input MuiInputBase-input Mui-disabled MuiInputBase-inputMultiline emotion-6"
            readonly=""
            style="visibility: hidden; position: absolute; overflow: hidden; height: 0px; top: 0px; left: 0px; transform: translateZ(0); padding: 0px; width: 100%;"
            tabindex="-1"
          />
          <fieldset
            aria-hidden="true"
            class="MuiOutlinedInput-notchedOutline emotion-8"
          >
            <legend
              class="emotion-30"
            >
              <span>
                Device Policy Document
              </span>
            </legend>
          </fieldset>
        </div>
      </div>
    </div>
    <div
      class="flexbox"
    >
      <button
        class="MuiButton-root MuiButton-text MuiButton-textPrimary MuiButton-sizeMedium MuiButton-textSizeMedium MuiButtonBase-root emotion-10 emotion-11"
        tabindex="0"
        type="button"
      >
        Edit
        <span
          class="MuiTouchRipple-root emotion-12"
        />
      </button>
      <button
        class="MuiButton-root MuiButton-text MuiButton-textPrimary MuiButton-sizeMedium MuiButton-textSizeMedium MuiButtonBase-root  emotion-11"
        tabindex="0"
        type="button"
      >
        Delete
        <span
          class="MuiTouchRipple-root emotion-12"
        />
      </button>
    </div>
  </div>
  <p
    class="emotion-15 icon flexbox center-aligned emotion-16 margin-bottom emotion-0"
  >
    <svg
      aria-hidden="true"
      class="MuiSvgIcon-root MuiSvgIcon-fontSizeSmall emotion-18"
      data-testid="InfoOutlinedIcon"
      focusable="false"
      viewBox="0 0 24 24"
    >
      <path
        d="M11 7h2v2h-2zm0 4h2v6h-2zm1-9C6.48 2 2 6.48 2 12s4.48 10 10 10 10-4.48 10-10S17.52 2 12 2zm0 18c-4.41 0-8-3.59-8-8s3.59-8 8-8 8 3.59 8 8-3.59 8-8 8z"
      />
    </svg>
    For help finding your AWS IoT core connection string, check the AWS IoT documentation.
  </p>
</div>
`;
