// Jest Snapshot v1, https://goo.gl/fbAQLP

exports[`PlanSelection component renders correctly 1`] = `
.emotion-0 {
  color: rgba(0, 0, 0, 0.38);
  margin: 15px 0;
}

<div>
  <h3
    class="margin-top"
  >
    Plans
  </h3>
  <div
    class="flexbox space-between"
    style="padding-bottom: 15px;"
  >
    <div
      class="planPanel  "
    >
      <div
        class="uppercased align-center muted"
        style="margin-bottom: -11px; font-size: smaller;"
      >
        current plan
      </div>
      <h4>
        Basic
         
      </h4>
      <div>
        <div
          class="link-color bold"
          style="font-size: 1rem;"
        >
          $29/month
        </div>
        <div>
          for first 50 devices
        </div>
      </div>
      <ul
        class="unstyled"
      >
        <li>
          <span
            class="emotion-0 "
          >
            Basic OTA features
          </span>
        </li>
      </ul>
    </div>
    <div
      class="planPanel  "
    >
      <div
        class="uppercased align-center muted"
        style="margin-bottom: -11px; font-size: smaller;"
      >
        upgrade
      </div>
      <h4>
        Professional
         
      </h4>
      <div>
        <div
          class="link-color bold"
          style="font-size: 1rem;"
        >
          $249/month
        </div>
        <div>
          for first 250 devices
        </div>
      </div>
      <ul
        class="unstyled"
      >
        <li>
          <span
            class="emotion-0 "
          >
            + Advanced OTA features
          </span>
        </li>
        <li>
          <span
            class="emotion-0 "
          >
            + Standard support
          </span>
        </li>
      </ul>
    </div>
    <div
      class="planPanel active "
    >
      <div
        class="uppercased align-center muted"
        style="margin-bottom: -11px; font-size: smaller;"
      >
        upgrade
      </div>
      <h4>
        Enterprise
         
      </h4>
      <div>
        <div
          class="link-color bold"
          style="font-size: 1rem;"
        >
          Custom pricing
        </div>
        <div>
          unlimited devices
        </div>
      </div>
      <ul
        class="unstyled"
      >
        <li>
          <span
            class="emotion-0 "
          >
            + Enterprise-grade OTA features
          </span>
        </li>
        <li>
          <span
            class="emotion-0 "
          >
            + Premium support
          </span>
        </li>
      </ul>
    </div>
  </div>
</div>
`;
