// Jest Snapshot v1, https://goo.gl/fbAQLP

exports[`Upgrade Component renders correctly 1`] = `
.emotion-0 {
  color: rgba(0, 0, 0, 0.38);
  margin: 15px 0;
}

.emotion-5 {
  display: -webkit-inline-box;
  display: -webkit-inline-flex;
  display: -ms-inline-flexbox;
  display: inline-flex;
  -webkit-align-items: center;
  -webkit-box-align: center;
  -ms-flex-align: center;
  align-items: center;
  -webkit-box-pack: center;
  -ms-flex-pack: center;
  -webkit-justify-content: center;
  justify-content: center;
  position: relative;
  box-sizing: border-box;
  -webkit-tap-highlight-color: transparent;
  background-color: transparent;
  outline: 0;
  border: 0;
  margin: 0;
  border-radius: 0;
  padding: 0;
  cursor: pointer;
  -webkit-user-select: none;
  -moz-user-select: none;
  -ms-user-select: none;
  user-select: none;
  vertical-align: middle;
  -moz-appearance: none;
  -webkit-appearance: none;
  -webkit-text-decoration: none;
  text-decoration: none;
  color: inherit;
  padding: 9px;
  border-radius: 50%;
  color: rgba(0, 0, 0, 0.6);
}

.emotion-5::-moz-focus-inner {
  border-style: none;
}

.emotion-5.Mui-disabled {
  pointer-events: none;
  cursor: default;
}

@media print {
  .emotion-5 {
    -webkit-print-color-adjust: exact;
    color-adjust: exact;
  }
}

.emotion-5:hover {
  background-color: rgba(25, 118, 210, 0.04);
}

@media (hover: none) {
  .emotion-5:hover {
    background-color: transparent;
  }
}

.emotion-5.Mui-checked,
.emotion-5.MuiCheckbox-indeterminate {
  color: #1976d2;
}

.emotion-5.Mui-disabled {
  color: rgba(0, 0, 0, 0.26);
}

.emotion-6 {
  cursor: inherit;
  position: absolute;
  opacity: 0;
  width: 100%;
  height: 100%;
  top: 0;
  left: 0;
  margin: 0;
  padding: 0;
  z-index: 1;
}

.emotion-7 {
  -webkit-user-select: none;
  -moz-user-select: none;
  -ms-user-select: none;
  user-select: none;
  width: 1em;
  height: 1em;
  display: inline-block;
  fill: currentColor;
  -webkit-flex-shrink: 0;
  -ms-flex-negative: 0;
  flex-shrink: 0;
  -webkit-transition: fill 200ms cubic-bezier(0.4, 0, 0.2, 1) 0ms;
  transition: fill 200ms cubic-bezier(0.4, 0, 0.2, 1) 0ms;
  font-size: 1.5rem;
}

.emotion-8 {
  overflow: hidden;
  pointer-events: none;
  position: absolute;
  z-index: 0;
  top: 0;
  right: 0;
  bottom: 0;
  left: 0;
  border-radius: inherit;
}

.emotion-15 {
  display: -webkit-inline-box;
  display: -webkit-inline-flex;
  display: -ms-inline-flexbox;
  display: inline-flex;
  -webkit-flex-direction: column;
  -ms-flex-direction: column;
  flex-direction: column;
  position: relative;
  min-width: 0;
  padding: 0;
  margin: 0;
  border: 0;
  vertical-align: top;
}

.emotion-16 {
  color: rgba(0, 0, 0, 0.6);
  font-family: "Roboto","Helvetica","Arial",sans-serif;
  font-weight: 400;
  font-size: 0.75rem;
  line-height: 1.66;
  letter-spacing: 0.03333em;
  text-align: left;
  margin-top: 3px;
  margin-right: 14px;
  margin-bottom: 0;
  margin-left: 14px;
}

.emotion-16.Mui-disabled {
  color: rgba(0, 0, 0, 0.38);
}

.emotion-16.Mui-error {
  color: #d32f2f;
}

.emotion-17 {
  display: -webkit-inline-box;
  display: -webkit-inline-flex;
  display: -ms-inline-flexbox;
  display: inline-flex;
  -webkit-flex-direction: column;
  -ms-flex-direction: column;
  flex-direction: column;
  position: relative;
  min-width: 0;
  padding: 0;
  margin: 0;
  border: 0;
  vertical-align: top;
  width: 100%;
}

.emotion-18 {
  font-family: "Roboto","Helvetica","Arial",sans-serif;
  font-weight: 400;
  font-size: 1rem;
  line-height: 1.4375em;
  letter-spacing: 0.00938em;
  color: rgba(0, 0, 0, 0.87);
  box-sizing: border-box;
  position: relative;
  cursor: text;
  display: -webkit-inline-box;
  display: -webkit-inline-flex;
  display: -ms-inline-flexbox;
  display: inline-flex;
  -webkit-align-items: center;
  -webkit-box-align: center;
  -ms-flex-align: center;
  align-items: center;
  padding: 4px 0 5px;
  width: 100%;
  position: relative;
  border-radius: 4px;
  padding: 16.5px 14px;
}

.emotion-18.Mui-disabled {
  color: rgba(0, 0, 0, 0.38);
  cursor: default;
}

.emotion-18:hover .MuiOutlinedInput-notchedOutline {
  border-color: rgba(0, 0, 0, 0.87);
}

@media (hover: none) {
  .emotion-18:hover .MuiOutlinedInput-notchedOutline {
    border-color: rgba(0, 0, 0, 0.23);
  }
}

.emotion-18.Mui-focused .MuiOutlinedInput-notchedOutline {
  border-color: #1976d2;
  border-width: 2px;
}

.emotion-18.Mui-error .MuiOutlinedInput-notchedOutline {
  border-color: #d32f2f;
}

.emotion-18.Mui-disabled .MuiOutlinedInput-notchedOutline {
  border-color: rgba(0, 0, 0, 0.26);
}

.emotion-19 {
  font: inherit;
  letter-spacing: inherit;
  color: currentColor;
  padding: 0;
  border: 0;
  box-sizing: content-box;
  background: none;
  height: auto;
  margin: 0;
  -webkit-tap-highlight-color: transparent;
  display: block;
  min-width: 0;
  width: 100%;
  -webkit-animation-name: mui-auto-fill-cancel;
  animation-name: mui-auto-fill-cancel;
  -webkit-animation-duration: 10ms;
  animation-duration: 10ms;
  resize: none;
  padding-top: 0;
  padding: 0;
}

.emotion-19::-webkit-input-placeholder {
  color: currentColor;
  opacity: 0.42;
  -webkit-transition: opacity 200ms cubic-bezier(0.4, 0, 0.2, 1) 0ms;
  transition: opacity 200ms cubic-bezier(0.4, 0, 0.2, 1) 0ms;
}

.emotion-19::-moz-placeholder {
  color: currentColor;
  opacity: 0.42;
  -webkit-transition: opacity 200ms cubic-bezier(0.4, 0, 0.2, 1) 0ms;
  transition: opacity 200ms cubic-bezier(0.4, 0, 0.2, 1) 0ms;
}

.emotion-19:-ms-input-placeholder {
  color: currentColor;
  opacity: 0.42;
  -webkit-transition: opacity 200ms cubic-bezier(0.4, 0, 0.2, 1) 0ms;
  transition: opacity 200ms cubic-bezier(0.4, 0, 0.2, 1) 0ms;
}

.emotion-19::-ms-input-placeholder {
  color: currentColor;
  opacity: 0.42;
  -webkit-transition: opacity 200ms cubic-bezier(0.4, 0, 0.2, 1) 0ms;
  transition: opacity 200ms cubic-bezier(0.4, 0, 0.2, 1) 0ms;
}

.emotion-19:focus {
  outline: 0;
}

.emotion-19:invalid {
  box-shadow: none;
}

.emotion-19::-webkit-search-decoration {
  -webkit-appearance: none;
}

label[data-shrink=false]+.MuiInputBase-formControl .emotion-19::-webkit-input-placeholder {
  opacity: 0!important;
}

label[data-shrink=false]+.MuiInputBase-formControl .emotion-19::-moz-placeholder {
  opacity: 0!important;
}

label[data-shrink=false]+.MuiInputBase-formControl .emotion-19:-ms-input-placeholder {
  opacity: 0!important;
}

label[data-shrink=false]+.MuiInputBase-formControl .emotion-19::-ms-input-placeholder {
  opacity: 0!important;
}

label[data-shrink=false]+.MuiInputBase-formControl .emotion-19:focus::-webkit-input-placeholder {
  opacity: 0.42;
}

label[data-shrink=false]+.MuiInputBase-formControl .emotion-19:focus::-moz-placeholder {
  opacity: 0.42;
}

label[data-shrink=false]+.MuiInputBase-formControl .emotion-19:focus:-ms-input-placeholder {
  opacity: 0.42;
}

label[data-shrink=false]+.MuiInputBase-formControl .emotion-19:focus::-ms-input-placeholder {
  opacity: 0.42;
}

.emotion-19.Mui-disabled {
  opacity: 1;
  -webkit-text-fill-color: rgba(0, 0, 0, 0.38);
}

.emotion-19:-webkit-autofill {
  -webkit-animation-duration: 5000s;
  animation-duration: 5000s;
  -webkit-animation-name: mui-auto-fill;
  animation-name: mui-auto-fill;
}

.emotion-19:-webkit-autofill {
  border-radius: inherit;
}

.emotion-21 {
  text-align: left;
  position: absolute;
  bottom: 0;
  right: 0;
  top: -5px;
  left: 0;
  margin: 0;
  padding: 0 8px;
  pointer-events: none;
  border-radius: inherit;
  border-style: solid;
  border-width: 1px;
  overflow: hidden;
  min-width: 0%;
  border-color: rgba(0, 0, 0, 0.23);
}

.emotion-22 {
  float: unset;
  overflow: hidden;
  padding: 0;
  line-height: 11px;
  -webkit-transition: width 150ms cubic-bezier(0.0, 0, 0.2, 1) 0ms;
  transition: width 150ms cubic-bezier(0.0, 0, 0.2, 1) 0ms;
}

.emotion-23 {
  display: -webkit-inline-box;
  display: -webkit-inline-flex;
  display: -ms-inline-flexbox;
  display: inline-flex;
  -webkit-align-items: center;
  -webkit-box-align: center;
  -ms-flex-align: center;
  align-items: center;
  -webkit-box-pack: center;
  -ms-flex-pack: center;
  -webkit-justify-content: center;
  justify-content: center;
  position: relative;
  box-sizing: border-box;
  -webkit-tap-highlight-color: transparent;
  background-color: transparent;
  outline: 0;
  border: 0;
  margin: 0;
  border-radius: 0;
  padding: 0;
  cursor: pointer;
  -webkit-user-select: none;
  -moz-user-select: none;
  -ms-user-select: none;
  user-select: none;
  vertical-align: middle;
  -moz-appearance: none;
  -webkit-appearance: none;
  -webkit-text-decoration: none;
  text-decoration: none;
  color: inherit;
  font-family: "Roboto","Helvetica","Arial",sans-serif;
  font-weight: 500;
  font-size: 0.875rem;
  line-height: 1.75;
  letter-spacing: 0.02857em;
  text-transform: uppercase;
  min-width: 64px;
  padding: 6px 16px;
  border-radius: 4px;
  -webkit-transition: background-color 250ms cubic-bezier(0.4, 0, 0.2, 1) 0ms,box-shadow 250ms cubic-bezier(0.4, 0, 0.2, 1) 0ms,border-color 250ms cubic-bezier(0.4, 0, 0.2, 1) 0ms,color 250ms cubic-bezier(0.4, 0, 0.2, 1) 0ms;
  transition: background-color 250ms cubic-bezier(0.4, 0, 0.2, 1) 0ms,box-shadow 250ms cubic-bezier(0.4, 0, 0.2, 1) 0ms,border-color 250ms cubic-bezier(0.4, 0, 0.2, 1) 0ms,color 250ms cubic-bezier(0.4, 0, 0.2, 1) 0ms;
  color: #fff;
  background-color: #9c27b0;
  box-shadow: 0px 3px 1px -2px rgba(0,0,0,0.2),0px 2px 2px 0px rgba(0,0,0,0.14),0px 1px 5px 0px rgba(0,0,0,0.12);
}

.emotion-23::-moz-focus-inner {
  border-style: none;
}

.emotion-23.Mui-disabled {
  pointer-events: none;
  cursor: default;
}

@media print {
  .emotion-23 {
    -webkit-print-color-adjust: exact;
    color-adjust: exact;
  }
}

.emotion-23:hover {
  -webkit-text-decoration: none;
  text-decoration: none;
  background-color: #7b1fa2;
  box-shadow: 0px 2px 4px -1px rgba(0,0,0,0.2),0px 4px 5px 0px rgba(0,0,0,0.14),0px 1px 10px 0px rgba(0,0,0,0.12);
}

@media (hover: none) {
  .emotion-23:hover {
    background-color: #9c27b0;
  }
}

.emotion-23:active {
  box-shadow: 0px 5px 5px -3px rgba(0,0,0,0.2),0px 8px 10px 1px rgba(0,0,0,0.14),0px 3px 14px 2px rgba(0,0,0,0.12);
}

.emotion-23.Mui-focusVisible {
  box-shadow: 0px 3px 5px -1px rgba(0,0,0,0.2),0px 6px 10px 0px rgba(0,0,0,0.14),0px 1px 18px 0px rgba(0,0,0,0.12);
}

.emotion-23.Mui-disabled {
  color: rgba(0, 0, 0, 0.26);
  box-shadow: none;
  background-color: rgba(0, 0, 0, 0.12);
}

<div
  class="margin-top-small"
  style="max-width: 750px;"
>
  <h2
    style="margin-top: 15px;"
  >
    Upgrades and add-ons
  </h2>
  <p>
    Upgrade your plan or purchase an add-on to connect more devices, access more features and advanced support.
  </p>
  <p>
    Learn more about the different plans and at
     
    <a
      href="https://mender.io/plans/pricing"
      rel="noopener noreferrer"
      target="_blank"
    >
      mender.io/plans/pricing
    </a>
    . Prices can change at larger device counts, please see our
     
    <a
      href="https://mender.io/plans/pricing#calculator"
      rel="noopener noreferrer"
      target="_blank"
    >
      price calculator
    </a>
     
    for more.
  </p>
  <h3
    class="margin-top"
  >
    Plans
  </h3>
  <div
    class="flexbox space-between"
    style="padding-bottom: 15px;"
  >
    <div
      class="planPanel active "
    >
      <div
        class="uppercased align-center muted"
        style="margin-bottom: -11px; font-size: smaller;"
      >
        current plan
      </div>
      <h4>
        Basic
         
      </h4>
      <div>
        <div
          class="link-color bold"
          style="font-size: 1rem;"
        >
          $29/month
        </div>
        <div>
          for first 50 devices
        </div>
      </div>
      <ul
        class="unstyled"
      >
        <li>
          <span
            class="emotion-0 "
          >
            Basic OTA features
          </span>
        </li>
      </ul>
    </div>
    <div
      class="planPanel  "
    >
      <div
        class="uppercased align-center muted"
        style="margin-bottom: -11px; font-size: smaller;"
      >
        upgrade
      </div>
      <h4>
        Professional
         
      </h4>
      <div>
        <div
          class="link-color bold"
          style="font-size: 1rem;"
        >
          $249/month
        </div>
        <div>
          for first 250 devices
        </div>
      </div>
      <ul
        class="unstyled"
      >
        <li>
          <span
            class="emotion-0 "
          >
            + Advanced OTA features
          </span>
        </li>
        <li>
          <span
            class="emotion-0 "
          >
            + Standard support
          </span>
        </li>
      </ul>
    </div>
    <div
      class="planPanel  "
    >
      <div
        class="uppercased align-center muted"
        style="margin-bottom: -11px; font-size: smaller;"
      >
        upgrade
      </div>
      <h4>
        Enterprise
         
      </h4>
      <div>
        <div
          class="link-color bold"
          style="font-size: 1rem;"
        >
          Custom pricing
        </div>
        <div>
          unlimited devices
        </div>
      </div>
      <ul
        class="unstyled"
      >
        <li>
          <span
            class="emotion-0 "
          >
            + Enterprise-grade OTA features
          </span>
        </li>
        <li>
          <span
            class="emotion-0 "
          >
            + Premium support
          </span>
        </li>
      </ul>
    </div>
  </div>
  <h3
    class="margin-top-large"
  >
    Get more features with add-ons
  </h3>
  <div
    class="flexbox column"
  >
    <p>
      Extend Mender features with our add-ons. Select one or more from the list and submit to request add-ons to be added to your plan. We'll adjust your subscription and confirm it with you.
    </p>
    <div
      class="planPanel flexbox center-aligned "
      style="margin-top: 10px;"
    >
      <span
        class="MuiCheckbox-root MuiCheckbox-colorPrimary MuiButtonBase-root MuiCheckbox-root MuiCheckbox-colorPrimary PrivateSwitchBase-root emotion-5"
      >
        <input
          class="PrivateSwitchBase-input emotion-6"
          data-indeterminate="false"
          type="checkbox"
        />
        <svg
          aria-hidden="true"
          class="MuiSvgIcon-root MuiSvgIcon-fontSizeMedium emotion-7"
          data-testid="CheckBoxOutlineBlankIcon"
          focusable="false"
          viewBox="0 0 24 24"
        >
          <path
            d="M19 5v14H5V5h14m0-2H5c-1.1 0-2 .9-2 2v14c0 1.1.9 2 2 2h14c1.1 0 2-.9 2-2V5c0-1.1-.9-2-2-2z"
          />
        </svg>
        <span
          class="MuiTouchRipple-root emotion-8"
        />
      </span>
      <div
        class="bold"
        style="min-width: 120px;"
      >
        Configure
      </div>
      <div
        class="flexbox column"
        style="min-width: 120px;"
      >
        <div
          class="link-color bold"
          style="font-size: 1rem;"
        >
          $10/month
        </div>
        <div>
          for first 50 devices
        </div>
      </div>
      <span
        class="emotion-0 "
      >
        Expand your plan with device configuration features
      </span>
      <a
        class="margin-left-small"
        href="https://mender.io/plans/features"
        rel="noopener noreferrer"
        target="_blank"
      >
        Learn more
      </a>
    </div>
    <div
      class="planPanel flexbox center-aligned "
      style="margin-top: 10px;"
    >
      <span
        class="MuiCheckbox-root MuiCheckbox-colorPrimary MuiButtonBase-root MuiCheckbox-root MuiCheckbox-colorPrimary PrivateSwitchBase-root emotion-5"
      >
        <input
          class="PrivateSwitchBase-input emotion-6"
          data-indeterminate="false"
          type="checkbox"
        />
        <svg
          aria-hidden="true"
          class="MuiSvgIcon-root MuiSvgIcon-fontSizeMedium emotion-7"
          data-testid="CheckBoxOutlineBlankIcon"
          focusable="false"
          viewBox="0 0 24 24"
        >
          <path
            d="M19 5v14H5V5h14m0-2H5c-1.1 0-2 .9-2 2v14c0 1.1.9 2 2 2h14c1.1 0 2-.9 2-2V5c0-1.1-.9-2-2-2z"
          />
        </svg>
        <span
          class="MuiTouchRipple-root emotion-8"
        />
      </span>
      <div
        class="bold"
        style="min-width: 120px;"
      >
        Troubleshoot
      </div>
      <div
        class="flexbox column"
        style="min-width: 120px;"
      >
        <div
          class="link-color bold"
          style="font-size: 1rem;"
        >
          $24/month
        </div>
        <div>
          for first 50 devices
        </div>
      </div>
      <span
        class="emotion-0 "
      >
        Expand your plan with device troubleshooting features
      </span>
      <a
        class="margin-left-small"
        href="https://mender.io/plans/features"
        rel="noopener noreferrer"
        target="_blank"
      >
        Learn more
      </a>
    </div>
  </div>
  <div
    class="flexbox column margin-bottom-large"
  >
    <h3
      class="margin-top-large"
    >
      Request a change to your plan
    </h3>
    You are requesting the following changes:
    <div>
      <p>
        Plan: 
        
        <b>
          Basic
        </b>
      </p>
    </div>
    <div
      class="MuiFormControl-root emotion-15"
      style="margin-bottom: 30px; margin-top: 0px;"
    >
      <p
        class="MuiFormHelperText-root MuiFormHelperText-sizeMedium MuiFormHelperText-contained emotion-16"
      >
        Your message
      </p>
      <div
        class="MuiFormControl-root MuiFormControl-fullWidth MuiTextField-root emotion-17"
      >
        <div
          class="MuiOutlinedInput-root MuiInputBase-root MuiInputBase-colorPrimary MuiInputBase-fullWidth MuiInputBase-formControl MuiInputBase-multiline emotion-18"
        >
          <textarea
            aria-invalid="false"
            class="MuiOutlinedInput-input MuiInputBase-input MuiInputBase-inputMultiline emotion-19"
            id="mui-1"
            placeholder="If you have any questions regarding plan pricing or device limits, leave us a message and we'll respond as soon as we can."
            style="height: 0px; overflow: hidden;"
          />
          <textarea
            aria-hidden="true"
            class="MuiOutlinedInput-input MuiInputBase-input MuiInputBase-inputMultiline emotion-19"
            readonly=""
            style="visibility: hidden; position: absolute; overflow: hidden; height: 0px; top: 0px; left: 0px; transform: translateZ(0); padding: 0px; width: 100%;"
            tabindex="-1"
          />
          <fieldset
            aria-hidden="true"
            class="MuiOutlinedInput-notchedOutline emotion-21"
          >
            <legend
              class="emotion-22"
            >
              <span
                class="notranslate"
              >
                ​
              </span>
            </legend>
          </fieldset>
        </div>
      </div>
    </div>
    <p>
      We'll send you a confirmation of any changes to your subscription.
    </p>
    <button
      class="MuiButton-root MuiButton-contained MuiButton-containedSecondary MuiButton-sizeMedium MuiButton-containedSizeMedium MuiButtonBase-root Mui-disabled margin-top margin-bottom emotion-23"
      disabled=""
      style="align-self: flex-start;"
      tabindex="-1"
      type="button"
    >
      Submit request
    </button>
  </div>
</div>
`;

exports[`smaller components renders PostUpgradeNote correctly 1`] = `
<div
  class="margin-top-small"
  style="max-width: 750px;"
>
  <h2
    style="margin-top: 15px;"
  >
    Upgrade now
  </h2>
  <div>
    <p>
      <b>
        Your upgrade was successful! 
      </b>
      You are now signed up to the 
      <b />
       plan.
    </p>
    <p>
      Redirecting you to your organization page...
    </p>
    <div
      class="loaderContainer"
    >
      <div
        class="  loader"
      >
        <span
          class="dot dot_1"
        />
        <span
          class="dot dot_2"
        />
        <span
          class="dot dot_3"
        />
        <span
          class="dot dot_4"
        />
      </div>
    </div>
  </div>
</div>
`;

exports[`smaller components renders PricingContactNote correctly 1`] = `
.emotion-0 {
  color: rgba(0, 0, 0, 0.38);
  margin: 15px 0;
}

.emotion-1 {
  -webkit-user-select: none;
  -moz-user-select: none;
  -ms-user-select: none;
  user-select: none;
  width: 1em;
  height: 1em;
  display: inline-block;
  fill: currentColor;
  -webkit-flex-shrink: 0;
  -ms-flex-negative: 0;
  flex-shrink: 0;
  -webkit-transition: fill 200ms cubic-bezier(0.4, 0, 0.2, 1) 0ms;
  transition: fill 200ms cubic-bezier(0.4, 0, 0.2, 1) 0ms;
  font-size: 1.5rem;
}

<p
  class="emotion-0 "
>
  <svg
    aria-hidden="true"
    class="MuiSvgIcon-root MuiSvgIcon-fontSizeMedium emotion-1"
    data-testid="InfoOutlinedIcon"
    focusable="false"
    style="font-size: 14px; margin: 0px 4px 4px 0px; vertical-align: middle;"
    viewBox="0 0 24 24"
  >
    <path
      d="M11 7h2v2h-2zm0 4h2v6h-2zm1-9C6.48 2 2 6.48 2 12s4.48 10 10 10 10-4.48 10-10S17.52 2 12 2zm0 18c-4.41 0-8-3.59-8-8s3.59-8 8-8 8 3.59 8 8-3.59 8-8 8z"
    />
  </svg>
  If you have any questions about the plan pricing or device limits,
   
  <a
    href="mailto:contact@mender.io"
    rel="noopener noreferrer"
    target="_blank"
  >
    contact our team
  </a>
  .
</p>
`;
