// Jest Snapshot v1, https://goo.gl/fbAQLP

exports[`ConfigurationObject Component renders correctly 1`] = `
.emotion-0 .key>b {
  background-color: #bdbdbd;
  color: rgba(0, 0, 0, 0.87);
}

<div
  class="break-all two-columns emotion-0  column-data "
>
  <div
    class="align-right key muted"
  >
    <b>
      uiPasswordRequired
    </b>
  </div>
  <div
    class="flexbox "
  >
    true
  </div>
  <div
    class="align-right key muted"
  >
    <b>
      foo
    </b>
  </div>
  <div
    class="flexbox "
  >
    bar
  </div>
  <div
    class="align-right key muted"
  >
    <b>
      timezone
    </b>
  </div>
  <div
    class="flexbox "
  >
    GMT+2
  </div>
</div>
`;
