// Jest Snapshot v1, https://goo.gl/fbAQLP

exports[`ReleaseRepositoryItem Component renders correctly 1`] = `
.emotion-0 {
  border: 1px solid;
  border-color: #9e9e9e;
  width: 100%;
}

.emotion-1 {
  background-color: #fff;
  color: rgba(0, 0, 0, 0.87);
  -webkit-transition: box-shadow 300ms cubic-bezier(0.4, 0, 0.2, 1) 0ms;
  transition: box-shadow 300ms cubic-bezier(0.4, 0, 0.2, 1) 0ms;
  box-shadow: 0px 2px 1px -1px rgba(0,0,0,0.2),0px 1px 1px 0px rgba(0,0,0,0.14),0px 1px 3px 0px rgba(0,0,0,0.12);
  position: relative;
  -webkit-transition: margin 150ms cubic-bezier(0.4, 0, 0.2, 1) 0ms;
  transition: margin 150ms cubic-bezier(0.4, 0, 0.2, 1) 0ms;
  overflow-anchor: none;
}

.emotion-1:before {
  position: absolute;
  left: 0;
  top: -1px;
  right: 0;
  height: 1px;
  content: "";
  opacity: 1;
  background-color: rgba(0, 0, 0, 0.12);
  -webkit-transition: opacity 150ms cubic-bezier(0.4, 0, 0.2, 1) 0ms,background-color 150ms cubic-bezier(0.4, 0, 0.2, 1) 0ms;
  transition: opacity 150ms cubic-bezier(0.4, 0, 0.2, 1) 0ms,background-color 150ms cubic-bezier(0.4, 0, 0.2, 1) 0ms;
}

.emotion-1:first-of-type:before {
  display: none;
}

.emotion-1.Mui-expanded:before {
  opacity: 0;
}

.emotion-1.Mui-expanded:first-of-type {
  margin-top: 0;
}

.emotion-1.Mui-expanded:last-of-type {
  margin-bottom: 0;
}

.emotion-1.Mui-expanded+.emotion-1.Mui-expanded:before {
  display: none;
}

.emotion-1.Mui-disabled {
  background-color: rgba(0, 0, 0, 0.12);
}

.emotion-1.Mui-expanded {
  margin: 16px 0;
}

.emotion-2 {
  display: -webkit-inline-box;
  display: -webkit-inline-flex;
  display: -ms-inline-flexbox;
  display: inline-flex;
  -webkit-align-items: center;
  -webkit-box-align: center;
  -ms-flex-align: center;
  align-items: center;
  -webkit-box-pack: center;
  -ms-flex-pack: center;
  -webkit-justify-content: center;
  justify-content: center;
  position: relative;
  box-sizing: border-box;
  -webkit-tap-highlight-color: transparent;
  background-color: transparent;
  outline: 0;
  border: 0;
  margin: 0;
  border-radius: 0;
  padding: 0;
  cursor: pointer;
  -webkit-user-select: none;
  -moz-user-select: none;
  -ms-user-select: none;
  user-select: none;
  vertical-align: middle;
  -moz-appearance: none;
  -webkit-appearance: none;
  -webkit-text-decoration: none;
  text-decoration: none;
  color: inherit;
  display: -webkit-box;
  display: -webkit-flex;
  display: -ms-flexbox;
  display: flex;
  min-height: 48px;
  padding: 0px 16px;
  -webkit-transition: min-height 150ms cubic-bezier(0.4, 0, 0.2, 1) 0ms,background-color 150ms cubic-bezier(0.4, 0, 0.2, 1) 0ms;
  transition: min-height 150ms cubic-bezier(0.4, 0, 0.2, 1) 0ms,background-color 150ms cubic-bezier(0.4, 0, 0.2, 1) 0ms;
}

.emotion-2::-moz-focus-inner {
  border-style: none;
}

.emotion-2.Mui-disabled {
  pointer-events: none;
  cursor: default;
}

@media print {
  .emotion-2 {
    -webkit-print-color-adjust: exact;
    color-adjust: exact;
  }
}

.emotion-2.Mui-focusVisible {
  background-color: rgba(0, 0, 0, 0.12);
}

.emotion-2.Mui-disabled {
  opacity: 0.38;
}

.emotion-2:hover:not(.Mui-disabled) {
  cursor: pointer;
}

.emotion-2.Mui-expanded {
  min-height: 64px;
}

.emotion-3 {
  display: -webkit-box;
  display: -webkit-flex;
  display: -ms-flexbox;
  display: flex;
  -webkit-box-flex: 1;
  -webkit-flex-grow: 1;
  -ms-flex-positive: 1;
  flex-grow: 1;
  margin: 12px 0;
  -webkit-transition: margin 150ms cubic-bezier(0.4, 0, 0.2, 1) 0ms;
  transition: margin 150ms cubic-bezier(0.4, 0, 0.2, 1) 0ms;
}

.emotion-3.Mui-expanded {
  margin: 20px 0;
}

.emotion-4 {
  display: -webkit-inline-box;
  display: -webkit-inline-flex;
  display: -ms-inline-flexbox;
  display: inline-flex;
  -webkit-align-items: center;
  -webkit-box-align: center;
  -ms-flex-align: center;
  align-items: center;
  -webkit-box-pack: center;
  -ms-flex-pack: center;
  -webkit-justify-content: center;
  justify-content: center;
  position: relative;
  box-sizing: border-box;
  -webkit-tap-highlight-color: transparent;
  background-color: transparent;
  outline: 0;
  border: 0;
  margin: 0;
  border-radius: 0;
  padding: 0;
  cursor: pointer;
  -webkit-user-select: none;
  -moz-user-select: none;
  -ms-user-select: none;
  user-select: none;
  vertical-align: middle;
  -moz-appearance: none;
  -webkit-appearance: none;
  -webkit-text-decoration: none;
  text-decoration: none;
  color: inherit;
  text-align: center;
  -webkit-flex: 0 0 auto;
  -ms-flex: 0 0 auto;
  flex: 0 0 auto;
  font-size: 1.5rem;
  padding: 8px;
  border-radius: 50%;
  overflow: visible;
  color: rgba(0, 0, 0, 0.54);
  -webkit-transition: background-color 150ms cubic-bezier(0.4, 0, 0.2, 1) 0ms;
  transition: background-color 150ms cubic-bezier(0.4, 0, 0.2, 1) 0ms;
  padding: 12px;
  font-size: 1.75rem;
}

.emotion-4::-moz-focus-inner {
  border-style: none;
}

.emotion-4.Mui-disabled {
  pointer-events: none;
  cursor: default;
}

@media print {
  .emotion-4 {
    -webkit-print-color-adjust: exact;
    color-adjust: exact;
  }
}

.emotion-4:hover {
  background-color: rgba(0, 0, 0, 0.04);
}

@media (hover: none) {
  .emotion-4:hover {
    background-color: transparent;
  }
}

.emotion-4.Mui-disabled {
  background-color: transparent;
  color: rgba(0, 0, 0, 0.26);
}

.emotion-5 {
  -webkit-user-select: none;
  -moz-user-select: none;
  -ms-user-select: none;
  user-select: none;
  width: 1em;
  height: 1em;
  display: inline-block;
  fill: currentColor;
  -webkit-flex-shrink: 0;
  -ms-flex-negative: 0;
  flex-shrink: 0;
  -webkit-transition: fill 200ms cubic-bezier(0.4, 0, 0.2, 1) 0ms;
  transition: fill 200ms cubic-bezier(0.4, 0, 0.2, 1) 0ms;
  font-size: 1.5rem;
}

.emotion-6 {
  overflow: hidden;
  pointer-events: none;
  position: absolute;
  z-index: 0;
  top: 0;
  right: 0;
  bottom: 0;
  left: 0;
  border-radius: inherit;
}

.emotion-7 {
  height: 0;
  overflow: hidden;
  -webkit-transition: height 300ms cubic-bezier(0.4, 0, 0.2, 1) 0ms;
  transition: height 300ms cubic-bezier(0.4, 0, 0.2, 1) 0ms;
  visibility: hidden;
}

.emotion-8 {
  display: -webkit-box;
  display: -webkit-flex;
  display: -ms-flexbox;
  display: flex;
  width: 100%;
}

.emotion-9 {
  width: 100%;
}

.emotion-10 {
  padding: 8px 16px 16px;
}

.emotion-11 {
  list-style: none;
  margin: 0;
  padding: 0;
  position: relative;
  padding-top: 8px;
  padding-bottom: 8px;
}

.emotion-12 {
  color: #404041;
  font-size: 13px;
  margin-right: 2vw;
  min-midth: 200px;
  padding: 0;
}

.emotion-12 bordered {
  border-bottom: 1px solid;
  border-bottom-color: #9e9e9e;
}

.emotion-13 {
  display: -webkit-box;
  display: -webkit-flex;
  display: -ms-flexbox;
  display: flex;
  -webkit-box-pack: start;
  -ms-flex-pack: start;
  -webkit-justify-content: flex-start;
  justify-content: flex-start;
  -webkit-align-items: center;
  -webkit-box-align: center;
  -ms-flex-align: center;
  align-items: center;
  position: relative;
  -webkit-text-decoration: none;
  text-decoration: none;
  width: 100%;
  box-sizing: border-box;
  text-align: left;
  padding-top: 8px;
  padding-bottom: 8px;
  padding-left: 16px;
  padding-right: 16px;
}

.emotion-13.Mui-focusVisible {
  background-color: rgba(0, 0, 0, 0.12);
}

.emotion-13.Mui-selected {
  background-color: rgba(25, 118, 210, 0.08);
}

.emotion-13.Mui-selected.Mui-focusVisible {
  background-color: rgba(25, 118, 210, 0.2);
}

.emotion-13.Mui-disabled {
  opacity: 0.38;
}

.emotion-14 {
  -webkit-flex: 1 1 auto;
  -ms-flex: 1 1 auto;
  flex: 1 1 auto;
  min-width: 0;
  margin-top: 6px;
  margin-bottom: 6px;
}

.emotion-15 {
  margin: 0;
  font-family: "Roboto","Helvetica","Arial",sans-serif;
  font-weight: 400;
  font-size: 1rem;
  line-height: 1.5;
  letter-spacing: 0.00938em;
  display: block;
}

.emotion-16 {
  margin: 0;
  font-family: "Roboto","Helvetica","Arial",sans-serif;
  font-weight: 400;
  font-size: 0.875rem;
  line-height: 1.43;
  letter-spacing: 0.01071em;
  color: rgba(0, 0, 0, 0.6);
  display: block;
}

.emotion-17 {
  font-family: "Roboto","Helvetica","Arial",sans-serif;
  font-weight: 400;
  font-size: 1rem;
  line-height: 1.4375em;
  letter-spacing: 0.00938em;
  color: rgba(0, 0, 0, 0.87);
  box-sizing: border-box;
  position: relative;
  cursor: text;
  display: -webkit-inline-box;
  display: -webkit-inline-flex;
  display: -ms-inline-flexbox;
  display: inline-flex;
  -webkit-align-items: center;
  -webkit-box-align: center;
  -ms-flex-align: center;
  align-items: center;
  position: relative;
}

.emotion-17.Mui-disabled {
  color: rgba(0, 0, 0, 0.38);
  cursor: default;
}

.emotion-17:after {
  border-bottom: 2px solid #1976d2;
  left: 0;
  bottom: 0;
  content: "";
  position: absolute;
  right: 0;
  -webkit-transform: scaleX(0);
  -moz-transform: scaleX(0);
  -ms-transform: scaleX(0);
  transform: scaleX(0);
  -webkit-transition: -webkit-transform 200ms cubic-bezier(0.0, 0, 0.2, 1) 0ms;
  transition: transform 200ms cubic-bezier(0.0, 0, 0.2, 1) 0ms;
  pointer-events: none;
}

.emotion-17.Mui-focused:after {
  -webkit-transform: scaleX(1) translateX(0);
  -moz-transform: scaleX(1) translateX(0);
  -ms-transform: scaleX(1) translateX(0);
  transform: scaleX(1) translateX(0);
}

.emotion-17.Mui-error:after {
  border-bottom-color: #d32f2f;
  -webkit-transform: scaleX(1);
  -moz-transform: scaleX(1);
  -ms-transform: scaleX(1);
  transform: scaleX(1);
}

.emotion-17:before {
  border-bottom: 1px solid rgba(0, 0, 0, 0.42);
  left: 0;
  bottom: 0;
  content: "\\00a0";
  position: absolute;
  right: 0;
  -webkit-transition: border-bottom-color 200ms cubic-bezier(0.4, 0, 0.2, 1) 0ms;
  transition: border-bottom-color 200ms cubic-bezier(0.4, 0, 0.2, 1) 0ms;
  pointer-events: none;
}

.emotion-17:hover:not(.Mui-disabled):before {
  border-bottom: 2px solid rgba(0, 0, 0, 0.87);
}

@media (hover: none) {
  .emotion-17:hover:not(.Mui-disabled):before {
    border-bottom: 1px solid rgba(0, 0, 0, 0.42);
  }
}

.emotion-17.Mui-disabled:before {
  border-bottom-style: dotted;
}

.emotion-18 {
  font: inherit;
  letter-spacing: inherit;
  color: currentColor;
  padding: 4px 0 5px;
  border: 0;
  box-sizing: content-box;
  background: none;
  height: 1.4375em;
  margin: 0;
  -webkit-tap-highlight-color: transparent;
  display: block;
  min-width: 0;
  width: 100%;
  -webkit-animation-name: mui-auto-fill-cancel;
  animation-name: mui-auto-fill-cancel;
  -webkit-animation-duration: 10ms;
  animation-duration: 10ms;
}

.emotion-18::-webkit-input-placeholder {
  color: currentColor;
  opacity: 0.42;
  -webkit-transition: opacity 200ms cubic-bezier(0.4, 0, 0.2, 1) 0ms;
  transition: opacity 200ms cubic-bezier(0.4, 0, 0.2, 1) 0ms;
}

.emotion-18::-moz-placeholder {
  color: currentColor;
  opacity: 0.42;
  -webkit-transition: opacity 200ms cubic-bezier(0.4, 0, 0.2, 1) 0ms;
  transition: opacity 200ms cubic-bezier(0.4, 0, 0.2, 1) 0ms;
}

.emotion-18:-ms-input-placeholder {
  color: currentColor;
  opacity: 0.42;
  -webkit-transition: opacity 200ms cubic-bezier(0.4, 0, 0.2, 1) 0ms;
  transition: opacity 200ms cubic-bezier(0.4, 0, 0.2, 1) 0ms;
}

.emotion-18::-ms-input-placeholder {
  color: currentColor;
  opacity: 0.42;
  -webkit-transition: opacity 200ms cubic-bezier(0.4, 0, 0.2, 1) 0ms;
  transition: opacity 200ms cubic-bezier(0.4, 0, 0.2, 1) 0ms;
}

.emotion-18:focus {
  outline: 0;
}

.emotion-18:invalid {
  box-shadow: none;
}

.emotion-18::-webkit-search-decoration {
  -webkit-appearance: none;
}

label[data-shrink=false]+.MuiInputBase-formControl .emotion-18::-webkit-input-placeholder {
  opacity: 0!important;
}

label[data-shrink=false]+.MuiInputBase-formControl .emotion-18::-moz-placeholder {
  opacity: 0!important;
}

label[data-shrink=false]+.MuiInputBase-formControl .emotion-18:-ms-input-placeholder {
  opacity: 0!important;
}

label[data-shrink=false]+.MuiInputBase-formControl .emotion-18::-ms-input-placeholder {
  opacity: 0!important;
}

label[data-shrink=false]+.MuiInputBase-formControl .emotion-18:focus::-webkit-input-placeholder {
  opacity: 0.42;
}

label[data-shrink=false]+.MuiInputBase-formControl .emotion-18:focus::-moz-placeholder {
  opacity: 0.42;
}

label[data-shrink=false]+.MuiInputBase-formControl .emotion-18:focus:-ms-input-placeholder {
  opacity: 0.42;
}

label[data-shrink=false]+.MuiInputBase-formControl .emotion-18:focus::-ms-input-placeholder {
  opacity: 0.42;
}

.emotion-18.Mui-disabled {
  opacity: 1;
  -webkit-text-fill-color: rgba(0, 0, 0, 0.38);
}

.emotion-18:-webkit-autofill {
  -webkit-animation-duration: 5000s;
  animation-duration: 5000s;
  -webkit-animation-name: mui-auto-fill;
  animation-name: mui-auto-fill;
}

.emotion-19 {
  display: -webkit-box;
  display: -webkit-flex;
  display: -ms-flexbox;
  display: flex;
  height: 0.01em;
  max-height: 2em;
  -webkit-align-items: center;
  -webkit-box-align: center;
  -ms-flex-align: center;
  align-items: center;
  white-space: nowrap;
  color: rgba(0, 0, 0, 0.54);
  margin-left: 8px;
}

.emotion-20 {
  color: rgba(0, 0, 0, 0.54);
  margin-bottom: 10px;
}

.emotion-30 {
  background: #9e9e9e;
  border-top: none;
  padding: 0 15px;
  margin-bottom: 30px;
}

.emotion-30.Mui-expanded {
  background: #9e9e9e;
  margin-bottom: 30px;
}

.emotion-32 {
  background: #9e9e9e;
  padding: 0;
}

.emotion-41 {
  display: -webkit-inline-box;
  display: -webkit-inline-flex;
  display: -ms-inline-flexbox;
  display: inline-flex;
  -webkit-align-items: center;
  -webkit-box-align: center;
  -ms-flex-align: center;
  align-items: center;
  -webkit-box-pack: center;
  -ms-flex-pack: center;
  -webkit-justify-content: center;
  justify-content: center;
  position: relative;
  box-sizing: border-box;
  -webkit-tap-highlight-color: transparent;
  background-color: transparent;
  outline: 0;
  border: 0;
  margin: 0;
  border-radius: 0;
  padding: 0;
  cursor: pointer;
  -webkit-user-select: none;
  -moz-user-select: none;
  -ms-user-select: none;
  user-select: none;
  vertical-align: middle;
  -moz-appearance: none;
  -webkit-appearance: none;
  -webkit-text-decoration: none;
  text-decoration: none;
  color: inherit;
  font-family: "Roboto","Helvetica","Arial",sans-serif;
  font-weight: 500;
  font-size: 0.875rem;
  line-height: 1.75;
  letter-spacing: 0.02857em;
  text-transform: uppercase;
  min-width: 64px;
  padding: 6px 8px;
  border-radius: 4px;
  -webkit-transition: background-color 250ms cubic-bezier(0.4, 0, 0.2, 1) 0ms,box-shadow 250ms cubic-bezier(0.4, 0, 0.2, 1) 0ms,border-color 250ms cubic-bezier(0.4, 0, 0.2, 1) 0ms,color 250ms cubic-bezier(0.4, 0, 0.2, 1) 0ms;
  transition: background-color 250ms cubic-bezier(0.4, 0, 0.2, 1) 0ms,box-shadow 250ms cubic-bezier(0.4, 0, 0.2, 1) 0ms,border-color 250ms cubic-bezier(0.4, 0, 0.2, 1) 0ms,color 250ms cubic-bezier(0.4, 0, 0.2, 1) 0ms;
  color: #1976d2;
}

.emotion-41::-moz-focus-inner {
  border-style: none;
}

.emotion-41.Mui-disabled {
  pointer-events: none;
  cursor: default;
}

@media print {
  .emotion-41 {
    -webkit-print-color-adjust: exact;
    color-adjust: exact;
  }
}

.emotion-41:hover {
  -webkit-text-decoration: none;
  text-decoration: none;
  background-color: rgba(25, 118, 210, 0.04);
}

@media (hover: none) {
  .emotion-41:hover {
    background-color: transparent;
  }
}

.emotion-41.Mui-disabled {
  color: rgba(0, 0, 0, 0.26);
}

.emotion-42 {
  display: inherit;
  margin-right: 8px;
  margin-left: -4px;
}

.emotion-42>*:nth-of-type(1) {
  font-size: 20px;
}

<div
  class="release-repo-item flexbox"
>
  <div
    class="muted"
  >
    NaN
  </div>
  <div
    class="MuiPaper-root MuiPaper-elevation MuiPaper-elevation1 MuiAccordion-root MuiAccordion-gutters emotion-0 emotion-1"
  >
    <div
      aria-expanded="false"
      class="MuiButtonBase-root MuiAccordionSummary-root MuiAccordionSummary-gutters emotion-2"
      role="button"
      style="padding: 0px 12px;"
      tabindex="0"
    >
      <div
        class="repo-item MuiAccordionSummary-content MuiAccordionSummary-contentGutters emotion-3"
      >
        <div
          aria-label="test-type"
          class="text-overflow"
          data-mui-internal-clone-element="true"
        >
          test-type
        </div>
        <time
          datetime="2019-01-01T00:00:00+00:00"
        >
          2019-01-01 00:00
        </time>
        <div
          style="max-width: 100vw;"
        />
        <div>
          0 Bytes
        </div>
        <button
          class="MuiButtonBase-root MuiIconButton-root MuiIconButton-sizeLarge expandButton emotion-4"
          tabindex="0"
          type="button"
        >
          <svg
            aria-hidden="true"
            class="MuiSvgIcon-root MuiSvgIcon-fontSizeMedium emotion-5"
            data-testid="ArrowDropDownIcon"
            focusable="false"
            viewBox="0 0 24 24"
          >
            <path
              d="m7 10 5 5 5-5z"
            />
          </svg>
          <span
            class="MuiTouchRipple-root emotion-6"
          />
        </button>
      </div>
    </div>
    <div
      class="MuiCollapse-root MuiCollapse-vertical MuiCollapse-hidden emotion-7"
      style="min-height: 0px;"
    >
      <div
        class="MuiCollapse-wrapper MuiCollapse-vertical emotion-8"
      >
        <div
          class="MuiCollapse-wrapperInner MuiCollapse-vertical emotion-9"
        >
          <div
            class="MuiAccordion-region"
            role="region"
          >
            <div
              class="MuiAccordionDetails-root emotion-10"
            >
              <div
                class="muted"
              >
                <ul
                  class="MuiList-root MuiList-padding emotion-11"
                  style="display: grid; grid-template-columns: calc(600px + 2vw) 300px;"
                >
                  <li
                    class="attributes MuiListItem-root MuiListItem-gutters MuiListItem-padding emotion-12 emotion-13"
                  >
                    <div
                      class="MuiListItemText-root MuiListItemText-multiline emotion-14"
                      style="margin-bottom: -3px;"
                    >
                      <span
                        class="MuiTypography-root MuiTypography-body1 MuiListItemText-primary emotion-15"
                        style="margin-bottom: 3px;"
                      >
                        Description
                      </span>
                      <div
                        class="MuiTypography-root MuiTypography-body2 MuiListItemText-secondary emotion-16"
                      >
                        <div
                          class="MuiInput-root MuiInput-underline MuiInputBase-root MuiInputBase-colorPrimary Mui-disabled MuiInputBase-adornedEnd emotion-17"
                          style="width: 100%;"
                        >
                          <input
                            class="MuiInput-input MuiInputBase-input Mui-disabled MuiInputBase-inputAdornedEnd emotion-18"
                            disabled=""
                            id="artifact-description"
                            placeholder="-"
                            type="text"
                            value=""
                          />
                          <div
                            class="MuiInputAdornment-root MuiInputAdornment-positionEnd emotion-19"
                          >
                            <button
                              class="MuiButtonBase-root MuiIconButton-root MuiIconButton-sizeLarge emotion-20 emotion-4"
                              tabindex="0"
                              type="button"
                            >
                              <svg
                                aria-hidden="true"
                                class="MuiSvgIcon-root MuiSvgIcon-fontSizeMedium emotion-5"
                                data-testid="EditIcon"
                                focusable="false"
                                viewBox="0 0 24 24"
                              >
                                <path
                                  d="M3 17.25V21h3.75L17.81 9.94l-3.75-3.75L3 17.25zM20.71 7.04c.39-.39.39-1.02 0-1.41l-2.34-2.34a.9959.9959 0 0 0-1.41 0l-1.83 1.83 3.75 3.75 1.83-1.83z"
                                />
                              </svg>
                              <span
                                class="MuiTouchRipple-root emotion-6"
                              />
                            </button>
                          </div>
                        </div>
                      </div>
                    </div>
                  </li>
                  <li
                    class="attributes MuiListItem-root MuiListItem-gutters MuiListItem-padding emotion-12 undefined emotion-13"
                  >
                    <div
                      class="MuiListItemText-root MuiListItemText-multiline emotion-14"
                    >
                      <span
                        class="MuiTypography-root MuiTypography-body1 MuiListItemText-primary emotion-15"
                      >
                        Signed
                      </span>
                      <p
                        class="MuiTypography-root MuiTypography-body2 MuiListItemText-secondary emotion-16"
                      >
                        <svg
                          aria-hidden="true"
                          class="MuiSvgIcon-root MuiSvgIcon-fontSizeMedium red emotion-5"
                          data-testid="CancelOutlinedIcon"
                          focusable="false"
                          viewBox="0 0 24 24"
                        >
                          <path
                            d="M12 2C6.47 2 2 6.47 2 12s4.47 10 10 10 10-4.47 10-10S17.53 2 12 2zm0 18c-4.41 0-8-3.59-8-8s3.59-8 8-8 8 3.59 8 8-3.59 8-8 8zm3.59-13L12 10.59 8.41 7 7 8.41 10.59 12 7 15.59 8.41 17 12 13.41 15.59 17 17 15.59 13.41 12 17 8.41z"
                          />
                        </svg>
                      </p>
                    </div>
                  </li>
                </ul>
                <div
                  class="MuiPaper-root MuiPaper-elevation MuiPaper-elevation1 MuiAccordion-root MuiAccordion-gutters emotion-30 emotion-1"
                >
                  <div
                    aria-expanded="false"
                    class="MuiButtonBase-root MuiAccordionSummary-root MuiAccordionSummary-gutters emotion-32 emotion-2"
                    role="button"
                    tabindex="0"
                  >
                    <div
                      class="MuiAccordionSummary-content MuiAccordionSummary-contentGutters emotion-3"
                    >
                      <p>
                        Artifact contents
                      </p>
                      <div
                        style="margin-left: auto;"
                      >
                        <svg
                          aria-hidden="true"
                          class="MuiSvgIcon-root MuiSvgIcon-fontSizeMedium emotion-5"
                          data-testid="AddIcon"
                          focusable="false"
                          viewBox="0 0 24 24"
                        >
                          <path
                            d="M19 13h-6v6h-2v-6H5v-2h6V5h2v6h6v2z"
                          />
                        </svg>
                      </div>
                    </div>
                  </div>
                  <div
                    class="MuiCollapse-root MuiCollapse-vertical MuiCollapse-hidden emotion-7"
                    style="min-height: 0px;"
                  >
                    <div
                      class="MuiCollapse-wrapper MuiCollapse-vertical emotion-8"
                    >
                      <div
                        class="MuiCollapse-wrapperInner MuiCollapse-vertical emotion-9"
                      >
                        <div
                          class="MuiAccordion-region"
                          role="region"
                        >
                          <div
                            class="MuiAccordionDetails-root emotion-32 emotion-10"
                          />
                        </div>
                      </div>
                    </div>
                  </div>
                </div>
                <div
                  class="two-columns margin-top-small"
                  style="max-width: fit-content;"
                >
                  <button
                    class="MuiButton-root MuiButton-text MuiButton-textPrimary MuiButton-sizeMedium MuiButton-textSizeMedium MuiButtonBase-root Mui-disabled  emotion-41"
                    disabled=""
                    tabindex="-1"
                    target="_blank"
                    type="button"
                  >
                    <span
                      class="MuiButton-startIcon MuiButton-iconSizeMedium emotion-42"
                    >
                      <svg
                        aria-hidden="true"
                        class="MuiSvgIcon-root MuiSvgIcon-fontSizeMedium emotion-5"
                        data-testid="ExitToAppIcon"
                        focusable="false"
                        style="transform: rotateZ(90deg);"
                        viewBox="0 0 24 24"
                      >
                        <path
                          d="M10.09 15.59 11.5 17l5-5-5-5-1.41 1.41L12.67 11H3v2h9.67l-2.58 2.59zM19 3H5c-1.11 0-2 .9-2 2v4h2V5h14v14H5v-4H3v4c0 1.1.89 2 2 2h14c1.1 0 2-.9 2-2V5c0-1.1-.9-2-2-2z"
                        />
                      </svg>
                    </span>
                    Download Artifact
                  </button>
                  <button
                    class="MuiButton-root MuiButton-text MuiButton-textPrimary MuiButton-sizeMedium MuiButton-textSizeMedium MuiButtonBase-root  emotion-41"
                    tabindex="0"
                    type="button"
                  >
                    <span
                      class="MuiButton-startIcon MuiButton-iconSizeMedium emotion-42"
                    >
                      <svg
                        aria-hidden="true"
                        class="MuiSvgIcon-root MuiSvgIcon-fontSizeMedium red auth emotion-5"
                        data-testid="CancelIcon"
                        focusable="false"
                        viewBox="0 0 24 24"
                      >
                        <path
                          d="M12 2C6.47 2 2 6.47 2 12s4.47 10 10 10 10-4.47 10-10S17.53 2 12 2zm5 13.59L15.59 17 12 13.41 8.41 17 7 15.59 10.59 12 7 8.41 8.41 7 12 10.59 15.59 7 17 8.41 13.41 12 17 15.59z"
                        />
                      </svg>
                    </span>
                    Remove this Artifact?
                    <span
                      class="MuiTouchRipple-root emotion-6"
                    />
                  </button>
                </div>
              </div>
            </div>
          </div>
        </div>
      </div>
    </div>
  </div>
</div>
`;
