// Jest Snapshot v1, https://goo.gl/fbAQLP

exports[`ProgressDeviceList Component renders correctly 1`] = `
"<div>
  <table
    class=\\"MuiTable-root css-rqglhn-MuiTable-root\\"
    style=\\"min-height: 10vh; max-height: 40vh; overflow-x: auto;\\"
  >
    <thead
      class=\\"MuiTableHead-root css-15wwp11-MuiTableHead-root\\"
    >
      <tr
        class=\\"MuiTableRow-root MuiTableRow-head css-1q1u3t4-MuiTableRow-root\\"
      >
        <th
          class=\\"MuiTableCell-root MuiTableCell-head MuiTableCell-sizeMedium css-1ygcj2i-MuiTableCell-root\\"
          scope=\\"col\\"
        />
        <th
          class=\\"MuiTableCell-root MuiTableCell-head MuiTableCell-sizeMedium css-1ygcj2i-MuiTableCell-root\\"
          scope=\\"col\\"
          tooltip=\\"Device type\\"
        >
          Device type
        </th>
        <th
          class=\\"MuiTableCell-root MuiTableCell-head MuiTableCell-sizeMedium css-1ygcj2i-MuiTableCell-root\\"
          scope=\\"col\\"
          tooltip=\\"Current software\\"
        >
          Current software
        </th>
        <th
          class=\\"MuiTableCell-root MuiTableCell-head MuiTableCell-sizeMedium css-1ygcj2i-MuiTableCell-root\\"
          scope=\\"col\\"
          tooltip=\\"Started\\"
        >
          Started
        </th>
        <th
          class=\\"MuiTableCell-root MuiTableCell-head MuiTableCell-sizeMedium css-1ygcj2i-MuiTableCell-root\\"
          scope=\\"col\\"
          tooltip=\\"Finished\\"
        >
          Finished
        </th>
        <th
          class=\\"MuiTableCell-root MuiTableCell-head MuiTableCell-sizeMedium css-1ygcj2i-MuiTableCell-root\\"
          scope=\\"col\\"
          tooltip=\\"Deployment status\\"
        >
          Deployment status
        </th>
        <th
          class=\\"MuiTableCell-root MuiTableCell-head MuiTableCell-sizeMedium css-1ygcj2i-MuiTableCell-root\\"
          scope=\\"col\\"
          tooltip=\\"\\"
        />
      </tr>
    </thead>
    <tbody
      class=\\"MuiTableBody-root css-apqrd9-MuiTableBody-root\\"
    >
      <tr
        class=\\"MuiTableRow-root css-1q1u3t4-MuiTableRow-root\\"
      >
        <td
          class=\\"MuiTableCell-root MuiTableCell-body MuiTableCell-sizeMedium css-1ex1afd-MuiTableCell-root\\"
        >
          <a
            href=\\"/devices?id=a1\\"
            style=\\"font-weight: initial; opacity: 1;\\"
          >
            <div>
              a1
            </div>
          </a>
        </td>
        <td
          class=\\"MuiTableCell-root MuiTableCell-body MuiTableCell-sizeMedium css-1ex1afd-MuiTableCell-root\\"
        >
          -
        </td>
        <td
          class=\\"MuiTableCell-root MuiTableCell-body MuiTableCell-sizeMedium css-1ex1afd-MuiTableCell-root\\"
        >
          -
        </td>
        <td
          class=\\"MuiTableCell-root MuiTableCell-body MuiTableCell-sizeMedium css-1ex1afd-MuiTableCell-root\\"
        >
          -
        </td>
        <td
          class=\\"MuiTableCell-root MuiTableCell-body MuiTableCell-sizeMedium css-1ex1afd-MuiTableCell-root\\"
        >
          -
        </td>
        <td
          class=\\"MuiTableCell-root MuiTableCell-body MuiTableCell-sizeMedium css-1ex1afd-MuiTableCell-root\\"
          style=\\"padding-right: 0px; position: relative; min-width: 200px;\\"
        >
          installing
          <div
            style=\\"position: absolute; bottom: 0px; width: 100%;\\"
          >
            <span
              class=\\"MuiLinearProgress-root MuiLinearProgress-colorPrimary MuiLinearProgress-indeterminate css-eglki6-MuiLinearProgress-root\\"
              role=\\"progressbar\\"
            >
              <span
                class=\\"MuiLinearProgress-bar MuiLinearProgress-barColorPrimary MuiLinearProgress-bar1Indeterminate css-5ir5xx-MuiLinearProgress-bar1\\"
              />
              <span
                class=\\"MuiLinearProgress-bar MuiLinearProgress-barColorPrimary MuiLinearProgress-bar2Indeterminate css-1r8wrcl-MuiLinearProgress-bar2\\"
              />
            </span>
          </div>
        </td>
        <td
          class=\\"MuiTableCell-root MuiTableCell-body MuiTableCell-sizeMedium css-1ex1afd-MuiTableCell-root\\"
        />
      </tr>
    </tbody>
  </table>
  <div
    class=\\"MuiTablePagination-root flexbox margin-top  css-jtlhu6-MuiTablePagination-root\\"
  >
    <div
      class=\\"MuiToolbar-root MuiToolbar-gutters MuiToolbar-regular MuiTablePagination-toolbar css-78c6dr-MuiToolbar-root-MuiTablePagination-toolbar\\"
    >
      <div
        class=\\"flexbox no-basis MuiTablePagination-spacer css-1psng7p-MuiTablePagination-spacer\\"
      />
      <p
        class=\\"MuiTablePagination-selectLabel css-pdct74-MuiTablePagination-selectLabel\\"
        
      >
        Rows
      </p>
      <div
        class=\\"MuiInputBase-root MuiInputBase-colorPrimary css-16c50h-MuiInputBase-root-MuiTablePagination-select\\"
        variant=\\"standard\\"
      >
        <div
          aria-expanded=\\"false\\"
          aria-haspopup=\\"listbox\\"
          
          class=\\"MuiTablePagination-select MuiSelect-select MuiSelect-standard MuiInputBase-input css-194a1fa-MuiSelect-select-MuiInputBase-input\\"
          
          role=\\"button\\"
          tabindex=\\"0\\"
        >
          10
        </div>
        <input
          aria-hidden=\\"true\\"
          class=\\"MuiSelect-nativeInput css-yf8vq0-MuiSelect-nativeInput\\"
          tabindex=\\"-1\\"
          value=\\"10\\"
        />
        <svg
          aria-hidden=\\"true\\"
          class=\\"MuiSvgIcon-root MuiSvgIcon-fontSizeMedium MuiTablePagination-selectIcon MuiSelect-icon MuiSelect-iconStandard css-pqjvzy-MuiSvgIcon-root-MuiSelect-icon\\"
          data-testid=\\"ArrowDropDownIcon\\"
          focusable=\\"false\\"
          viewBox=\\"0 0 24 24\\"
        >
          <path
            d=\\"M7 10l5 5 5-5z\\"
          />
        </svg>
      </div>
      <p
        class=\\"MuiTablePagination-displayedRows css-levciy-MuiTablePagination-displayedRows\\"
      />
      <div
        class=\\"flexbox center-aligned\\"
      >
        <div>
          1-1 of 1
        </div>
        <button
          class=\\"MuiButtonBase-root Mui-disabled MuiIconButton-root Mui-disabled MuiIconButton-sizeLarge css-mf1cb5-MuiButtonBase-root-MuiIconButton-root\\"
          disabled=\\"\\"
          tabindex=\\"-1\\"
          type=\\"button\\"
        >
          <svg
            aria-hidden=\\"true\\"
            class=\\"MuiSvgIcon-root MuiSvgIcon-fontSizeMedium css-i4bv87-MuiSvgIcon-root\\"
            data-testid=\\"KeyboardArrowLeftIcon\\"
            focusable=\\"false\\"
            viewBox=\\"0 0 24 24\\"
          >
            <path
              d=\\"M15.41 16.59 10.83 12l4.58-4.59L14 6l-6 6 6 6 1.41-1.41z\\"
            />
          </svg>
        </button>
        <div>
          <button
            class=\\"MuiButtonBase-root Mui-disabled MuiIconButton-root Mui-disabled MuiIconButton-sizeLarge css-mf1cb5-MuiButtonBase-root-MuiIconButton-root\\"
            disabled=\\"\\"
            tabindex=\\"-1\\"
            type=\\"button\\"
          >
            <svg
              aria-hidden=\\"true\\"
              class=\\"MuiSvgIcon-root MuiSvgIcon-fontSizeMedium css-i4bv87-MuiSvgIcon-root\\"
              data-testid=\\"KeyboardArrowRightIcon\\"
              focusable=\\"false\\"
              viewBox=\\"0 0 24 24\\"
            >
              <path
                d=\\"M8.59 16.59 13.17 12 8.59 7.41 10 6l6 6-6 6-1.41-1.41z\\"
              />
            </svg>
          </button>
        </div>
      </div>
    </div>
  </div>
</div>"
`;
