// Jest Snapshot v1, https://goo.gl/fbAQLP

exports[`DeploymentOverview Component renders correctly 1`] = `
.emotion-0 .key>b {
  background-color: #bdbdbd;
  color: rgba(0, 0, 0, 0.87);
}

.emotion-1 {
  -webkit-user-select: none;
  -moz-user-select: none;
  -ms-user-select: none;
  user-select: none;
  width: 1em;
  height: 1em;
  display: inline-block;
  fill: currentColor;
  -webkit-flex-shrink: 0;
  -ms-flex-negative: 0;
  flex-shrink: 0;
  -webkit-transition: fill 200ms cubic-bezier(0.4, 0, 0.2, 1) 0ms;
  transition: fill 200ms cubic-bezier(0.4, 0, 0.2, 1) 0ms;
  font-size: 1.25rem;
}

.emotion-3 {
  opacity: 0.5;
  font-size: 0.675rem;
  height: 18px;
}

.emotion-4 {
  max-width: 100%;
  font-family: "Roboto","Helvetica","Arial",sans-serif;
  font-size: 0.8125rem;
  display: -webkit-inline-box;
  display: -webkit-inline-flex;
  display: -ms-inline-flexbox;
  display: inline-flex;
  -webkit-align-items: center;
  -webkit-box-align: center;
  -ms-flex-align: center;
  align-items: center;
  -webkit-box-pack: center;
  -ms-flex-pack: center;
  -webkit-justify-content: center;
  justify-content: center;
  height: 24px;
  color: rgba(0, 0, 0, 0.87);
  background-color: rgba(0, 0, 0, 0.08);
  border-radius: 16px;
  white-space: nowrap;
  -webkit-transition: background-color 300ms cubic-bezier(0.4, 0, 0.2, 1) 0ms,box-shadow 300ms cubic-bezier(0.4, 0, 0.2, 1) 0ms;
  transition: background-color 300ms cubic-bezier(0.4, 0, 0.2, 1) 0ms,box-shadow 300ms cubic-bezier(0.4, 0, 0.2, 1) 0ms;
  cursor: default;
  outline: 0;
  -webkit-text-decoration: none;
  text-decoration: none;
  border: 0;
  padding: 0;
  vertical-align: middle;
  box-sizing: border-box;
}

.emotion-4.Mui-disabled {
  opacity: 0.38;
  pointer-events: none;
}

.emotion-4 .MuiChip-avatar {
  margin-left: 5px;
  margin-right: -6px;
  width: 24px;
  height: 24px;
  color: #616161;
  font-size: 0.75rem;
}

.emotion-4 .MuiChip-avatarColorPrimary {
  color: #fff;
  background-color: #1565c0;
}

.emotion-4 .MuiChip-avatarColorSecondary {
  color: #fff;
  background-color: #7b1fa2;
}

.emotion-4 .MuiChip-avatarSmall {
  margin-left: 4px;
  margin-right: -4px;
  width: 18px;
  height: 18px;
  font-size: 0.625rem;
}

.emotion-4 .MuiChip-icon {
  color: #616161;
  margin-left: 4px;
  margin-right: -4px;
  font-size: 18px;
}

.emotion-4 .MuiChip-deleteIcon {
  -webkit-tap-highlight-color: transparent;
  color: rgba(0, 0, 0, 0.26);
  font-size: 16px;
  cursor: pointer;
  margin: 0 5px 0 -6px;
  margin-right: 4px;
  margin-left: -4px;
}

.emotion-4 .MuiChip-deleteIcon:hover {
  color: rgba(0, 0, 0, 0.4);
}

.emotion-5 {
  overflow: hidden;
  text-overflow: ellipsis;
  padding-left: 8px;
  padding-right: 8px;
  white-space: nowrap;
}

.emotion-7 {
  margin-left: 96px;
}

.emotion-7svg {
  margin-left: 8px;
}

<div
  class="report-container margin-top-large margin-bottom-large"
>
  <div
    class="break-all two-columns emotion-0  column-data "
    style="align-items: center; align-self: flex-start; grid-template-columns: minmax(140px, 1fr) minmax(220px, 1fr); max-width: 25vw;"
  >
    <div
      class="align-right  muted"
    >
      <b>
        Release
      </b>
    </div>
    <div
      class="flexbox "
    >
      <a
        class="flexbox centered"
        href="/releases/test"
        rel="noopener noreferrer"
        style="font-weight: 500;"
        target="_blank"
      >
        test
        <svg
          aria-hidden="true"
          class="MuiSvgIcon-root MuiSvgIcon-fontSizeSmall margin-left-small emotion-1"
          data-testid="LaunchIcon"
          focusable="false"
          viewBox="0 0 24 24"
        >
          <path
            d="M19 19H5V5h7V3H5c-1.11 0-2 .9-2 2v14c0 1.1.89 2 2 2h14c1.1 0 2-.9 2-2v-7h-2v7zM14 3v2h3.59l-9.83 9.83 1.41 1.41L19 6.41V10h2V3h-7z"
          />
        </svg>
      </a>
    </div>
    <div
      class="align-right  muted"
    >
      <b>
        Target device(s)
      </b>
    </div>
    <div
      class="flexbox "
    >
      <a
        class="flexbox centered"
        href="/devices?group=test%20deployment"
        rel="noopener noreferrer"
        style="font-weight: 500;"
        target="_blank"
      >
        test deployment
        <svg
          aria-hidden="true"
          class="MuiSvgIcon-root MuiSvgIcon-fontSizeSmall margin-left-small emotion-1"
          data-testid="LaunchIcon"
          focusable="false"
          viewBox="0 0 24 24"
        >
          <path
            d="M19 19H5V5h7V3H5c-1.11 0-2 .9-2 2v14c0 1.1.89 2 2 2h14c1.1 0 2-.9 2-2v-7h-2v7zM14 3v2h3.59l-9.83 9.83 1.41 1.41L19 6.41V10h2V3h-7z"
          />
        </svg>
        <div
          class="MuiChip-root MuiChip-filled MuiChip-sizeSmall MuiChip-colorDefault MuiChip-filledDefault margin-left uppercased emotion-3 emotion-4"
        >
          <span
            class="MuiChip-label MuiChip-labelSmall emotion-5"
          >
            static
          </span>
        </div>
      </a>
    </div>
    <div
      class="align-right  muted"
    >
      <b>
        Category
      </b>
    </div>
    <div
      class="flexbox "
    >
      Software update
    </div>
  </div>
  <div
    class="flexbox column"
  >
    <div
      class="break-all two-columns emotion-0  column-data "
      style="align-items: center; align-self: flex-start; grid-template-columns: minmax(140px, 1fr) minmax(220px, 1fr); max-width: 25vw;"
    >
      <div
        class="align-right  muted"
      >
        <b>
          Created at
        </b>
      </div>
      <div
        class="flexbox "
      >
        <time
          datetime="2019-01-01T00:00:00+00:00"
        >
          2019-01-01 00:00
        </time>
      </div>
    </div>
    <a
      class="margin-top-small flexbox center-aligned emotion-7"
    >
      Schedule details 
      <svg
        aria-hidden="true"
        class="MuiSvgIcon-root MuiSvgIcon-fontSizeSmall emotion-1"
        data-testid="ArrowDropDownCircleOutlinedIcon"
        focusable="false"
        viewBox="0 0 24 24"
      >
        <path
          d="M12 4c4.41 0 8 3.59 8 8s-3.59 8-8 8-8-3.59-8-8 3.59-8 8-8m0-2C6.48 2 2 6.48 2 12s4.48 10 10 10 10-4.48 10-10S17.52 2 12 2zm0 13-4-4h8z"
        />
      </svg>
    </a>
  </div>
</div>
`;
