// Jest Snapshot v1, https://goo.gl/fbAQLP

exports[`Auditlogs Component renders correctly 1`] = `
"<div>
  <div
    class=\\"fadeIn margin-left flexbox column\\"
    style=\\"margin-right: 5%;\\"
  >
    <h3>
      Audit log
    </h3>
    <div
      class=\\"auditlogs-filters margin-bottom margin-top-small tss-1llowrf-filters\\"
    >
      <div
        class=\\"MuiAutocomplete-root css-16awh2u-MuiAutocomplete-root\\"
        style=\\"max-width: 250px;\\"
      >
        <div
          class=\\"MuiFormControl-root MuiFormControl-fullWidth MuiTextField-root css-wb57ya-MuiFormControl-root-MuiTextField-root\\"
        >
          <label
            class=\\"MuiInputLabel-root MuiInputLabel-formControl MuiInputLabel-animated MuiInputLabel-shrink MuiInputLabel-outlined MuiFormLabel-root MuiFormLabel-colorPrimary css-1sumxir-MuiFormLabel-root-MuiInputLabel-root\\"
            data-shrink=\\"true\\"
            for=\\"audit-log-user-selection\\"
            id=\\"audit-log-user-selection-label\\"
          >
            Filter by user
          </label>
          <div
            class=\\"MuiOutlinedInput-root MuiInputBase-root MuiInputBase-colorPrimary MuiInputBase-fullWidth MuiInputBase-formControl MuiAutocomplete-inputRoot css-md26zr-MuiInputBase-root-MuiOutlinedInput-root\\"
          >
            <input
              aria-autocomplete=\\"list\\"
              aria-expanded=\\"false\\"
              aria-invalid=\\"false\\"
              autocapitalize=\\"none\\"
              autocomplete=\\"off\\"
              class=\\"MuiOutlinedInput-input MuiInputBase-input MuiAutocomplete-input MuiAutocomplete-inputFocused css-1t8l2tu-MuiInputBase-input-MuiOutlinedInput-input\\"
              id=\\"audit-log-user-selection\\"
              placeholder=\\"Select a user\\"
              role=\\"combobox\\"
              spellcheck=\\"false\\"
              type=\\"text\\"
              value=\\"\\"
            />
            <fieldset
              aria-hidden=\\"true\\"
              class=\\"MuiOutlinedInput-notchedOutline css-1d3z3hw-MuiOutlinedInput-notchedOutline\\"
            >
              <legend
                class=\\"css-1in441m\\"
              >
                <span>
                  Filter by user
                </span>
              </legend>
            </fieldset>
          </div>
        </div>
      </div>
      <div
        class=\\"MuiAutocomplete-root MuiAutocomplete-hasPopupIcon css-16awh2u-MuiAutocomplete-root\\"
        style=\\"margin-left: 7.5px;\\"
      >
        <div
          class=\\"MuiFormControl-root MuiFormControl-fullWidth MuiTextField-root css-wb57ya-MuiFormControl-root-MuiTextField-root\\"
        >
          <label
            class=\\"MuiInputLabel-root MuiInputLabel-formControl MuiInputLabel-animated MuiInputLabel-shrink MuiInputLabel-outlined MuiFormLabel-root MuiFormLabel-colorPrimary css-1sumxir-MuiFormLabel-root-MuiInputLabel-root\\"
            data-shrink=\\"true\\"
            for=\\"audit-log-type-selection\\"
            id=\\"audit-log-type-selection-label\\"
          >
            Filter by change
          </label>
          <div
            class=\\"MuiOutlinedInput-root MuiInputBase-root MuiInputBase-colorPrimary MuiInputBase-fullWidth MuiInputBase-formControl MuiInputBase-adornedEnd MuiAutocomplete-inputRoot css-154xyx0-MuiInputBase-root-MuiOutlinedInput-root\\"
          >
            <input
              aria-autocomplete=\\"list\\"
              aria-expanded=\\"false\\"
              aria-invalid=\\"false\\"
              autocapitalize=\\"none\\"
              autocomplete=\\"off\\"
              class=\\"MuiOutlinedInput-input MuiInputBase-input MuiInputBase-inputAdornedEnd MuiAutocomplete-input MuiAutocomplete-inputFocused css-nxo287-MuiInputBase-input-MuiOutlinedInput-input\\"
              id=\\"audit-log-type-selection\\"
              placeholder=\\"Type\\"
              role=\\"combobox\\"
              spellcheck=\\"false\\"
              type=\\"text\\"
              value=\\"\\"
            />
            <div
              class=\\"MuiAutocomplete-endAdornment css-1q60rmi-MuiAutocomplete-endAdornment\\"
            >
              <button
                aria-label=\\"Open\\"
                class=\\"MuiButtonBase-root MuiIconButton-root MuiIconButton-sizeMedium MuiAutocomplete-popupIndicator css-qzbt6i-MuiButtonBase-root-MuiIconButton-root-MuiAutocomplete-popupIndicator\\"
                tabindex=\\"-1\\"
                title=\\"Open\\"
                type=\\"button\\"
              >
                <svg
                  aria-hidden=\\"true\\"
                  class=\\"MuiSvgIcon-root MuiSvgIcon-fontSizeMedium css-i4bv87-MuiSvgIcon-root\\"
                  data-testid=\\"ArrowDropDownIcon\\"
                  focusable=\\"false\\"
                  viewBox=\\"0 0 24 24\\"
                >
                  <path
                    d=\\"M7 10l5 5 5-5z\\"
                  />
                </svg>
                <span
                  class=\\"MuiTouchRipple-root css-8je8zh-MuiTouchRipple-root\\"
                />
              </button>
            </div>
            <fieldset
              aria-hidden=\\"true\\"
              class=\\"MuiOutlinedInput-notchedOutline css-1d3z3hw-MuiOutlinedInput-notchedOutline\\"
            >
              <legend
                class=\\"css-1in441m\\"
              >
                <span>
                  Filter by change
                </span>
              </legend>
            </fieldset>
          </div>
        </div>
      </div>
      <div
        class=\\"MuiAutocomplete-root MuiAutocomplete-hasPopupIcon css-16awh2u-MuiAutocomplete-root\\"
        style=\\"margin-right: 15px; margin-top: 16px;\\"
      >
        <div
          class=\\"MuiFormControl-root MuiFormControl-fullWidth MuiTextField-root css-wb57ya-MuiFormControl-root-MuiTextField-root\\"
        >
          <div
            class=\\"MuiOutlinedInput-root MuiInputBase-root MuiInputBase-colorPrimary Mui-disabled MuiInputBase-fullWidth MuiInputBase-formControl MuiInputBase-adornedEnd MuiAutocomplete-inputRoot css-154xyx0-MuiInputBase-root-MuiOutlinedInput-root\\"
          >
            <input
              aria-autocomplete=\\"list\\"
              aria-expanded=\\"false\\"
              aria-invalid=\\"false\\"
              autocapitalize=\\"none\\"
              autocomplete=\\"off\\"
              class=\\"MuiOutlinedInput-input MuiInputBase-input Mui-disabled MuiInputBase-inputAdornedEnd MuiAutocomplete-input MuiAutocomplete-inputFocused css-nxo287-MuiInputBase-input-MuiOutlinedInput-input\\"
              disabled=\\"\\"
              id=\\"audit-log-type-details-selection\\"
              placeholder=\\"-\\"
              role=\\"combobox\\"
              spellcheck=\\"false\\"
              type=\\"text\\"
              value=\\"\\"
            />
            <div
              class=\\"MuiAutocomplete-endAdornment css-1q60rmi-MuiAutocomplete-endAdornment\\"
            >
              <button
                aria-label=\\"Open\\"
                class=\\"MuiButtonBase-root Mui-disabled MuiIconButton-root Mui-disabled MuiIconButton-sizeMedium MuiAutocomplete-popupIndicator css-qzbt6i-MuiButtonBase-root-MuiIconButton-root-MuiAutocomplete-popupIndicator\\"
                disabled=\\"\\"
                tabindex=\\"-1\\"
                title=\\"Open\\"
                type=\\"button\\"
              >
                <svg
                  aria-hidden=\\"true\\"
                  class=\\"MuiSvgIcon-root MuiSvgIcon-fontSizeMedium css-i4bv87-MuiSvgIcon-root\\"
                  data-testid=\\"ArrowDropDownIcon\\"
                  focusable=\\"false\\"
                  viewBox=\\"0 0 24 24\\"
                >
                  <path
                    d=\\"M7 10l5 5 5-5z\\"
                  />
                </svg>
              </button>
            </div>
            <fieldset
              aria-hidden=\\"true\\"
              class=\\"MuiOutlinedInput-notchedOutline css-1d3z3hw-MuiOutlinedInput-notchedOutline\\"
            >
              <legend
                class=\\"css-hdw1oc\\"
              >
                <span
                  class=\\"notranslate\\"
                >
                  â€‹
                </span>
              </legend>
            </fieldset>
          </div>
        </div>
      </div>
      <div />
      <div
        class=\\"\\"
      >
        <span>
          Filter by date
        </span>
        <ul
          class=\\"unstyled link-list horizontal\\"
        >
          <li>
            <a
              class=\\"active\\"
            >
              Today
            </a>
          </li>
          <li>
            <a
              class=\\"\\"
            >
              Yesterday
            </a>
          </li>
          <li>
            <a
              class=\\"\\"
            >
              Last 7 days
            </a>
          </li>
          <li>
            <a
              class=\\"\\"
            >
              Last 30 days
            </a>
          </li>
        </ul>
      </div>
      <div
        style=\\"grid-column-start: 2; grid-column-end: 4; margin-left: -7.5px;\\"
      >
        <div
          class=\\"MuiFormControl-root MuiTextField-root margin-top-none margin-left-small css-1u3bzj6-MuiFormControl-root-MuiTextField-root\\"
        >
          <label
            class=\\"MuiInputLabel-root MuiInputLabel-formControl MuiInputLabel-animated MuiInputLabel-shrink MuiInputLabel-outlined MuiFormLabel-root MuiFormLabel-colorPrimary MuiFormLabel-filled css-1sumxir-MuiFormLabel-root-MuiInputLabel-root\\"
            data-shrink=\\"true\\"
            for=\\"mui-1\\"
            id=\\"mui-1-label\\"
          >
            From
          </label>
          <div
            class=\\"MuiOutlinedInput-root MuiInputBase-root MuiInputBase-colorPrimary MuiInputBase-formControl css-9ddj71-MuiInputBase-root-MuiOutlinedInput-root\\"
          >
            <input
              aria-invalid=\\"false\\"
              aria-label=\\"Choose date, selected date is Jan 1, 2019\\"
              aria-readonly=\\"true\\"
              class=\\"MuiOutlinedInput-input MuiInputBase-input css-1t8l2tu-MuiInputBase-input-MuiOutlinedInput-input\\"
              
              readonly=\\"\\"
              type=\\"text\\"
              value=\\"January 1st\\"
            />
            <fieldset
              aria-hidden=\\"true\\"
              class=\\"MuiOutlinedInput-notchedOutline css-1d3z3hw-MuiOutlinedInput-notchedOutline\\"
            >
              <legend
                class=\\"css-1in441m\\"
              >
                <span>
                  From
                </span>
              </legend>
            </fieldset>
          </div>
        </div>
        <div
          class=\\"MuiFormControl-root MuiTextField-root margin-top-none margin-left-small css-1u3bzj6-MuiFormControl-root-MuiTextField-root\\"
        >
          <label
            class=\\"MuiInputLabel-root MuiInputLabel-formControl MuiInputLabel-animated MuiInputLabel-shrink MuiInputLabel-outlined MuiFormLabel-root MuiFormLabel-colorPrimary MuiFormLabel-filled css-1sumxir-MuiFormLabel-root-MuiInputLabel-root\\"
            data-shrink=\\"true\\"
            for=\\"mui-3\\"
            id=\\"mui-3-label\\"
          >
            To
          </label>
          <div
            class=\\"MuiOutlinedInput-root MuiInputBase-root MuiInputBase-colorPrimary MuiInputBase-formControl css-9ddj71-MuiInputBase-root-MuiOutlinedInput-root\\"
          >
            <input
              aria-invalid=\\"false\\"
              aria-label=\\"Choose date, selected date is Jan 1, 2019\\"
              aria-readonly=\\"true\\"
              class=\\"MuiOutlinedInput-input MuiInputBase-input css-1t8l2tu-MuiInputBase-input-MuiOutlinedInput-input\\"
              
              readonly=\\"\\"
              type=\\"text\\"
              value=\\"January 1st\\"
            />
            <fieldset
              aria-hidden=\\"true\\"
              class=\\"MuiOutlinedInput-notchedOutline css-1d3z3hw-MuiOutlinedInput-notchedOutline\\"
            >
              <legend
                class=\\"css-1in441m\\"
              >
                <span>
                  To
                </span>
              </legend>
            </fieldset>
          </div>
        </div>
      </div>
      <span
        class=\\"link margin-bottom-small\\"
        style=\\"align-self: flex-end;\\"
      >
        clear filter
      </span>
    </div>
    <div
      class=\\"flexbox center-aligned\\"
      style=\\"justify-content: flex-end;\\"
    >
      <div
        class=\\"loaderContainer shrunk\\"
      >
        <div
          class=\\"  loader\\"
        >
          <span
            class=\\"dot dot_1\\"
          />
          <span
            class=\\"dot dot_2\\"
          />
          <span
            class=\\"dot dot_3\\"
          />
          <span
            class=\\"dot dot_4\\"
          />
        </div>
      </div>
      <button
        class=\\"MuiButton-root MuiButton-contained MuiButton-containedSecondary MuiButton-sizeMedium MuiButton-containedSizeMedium MuiButtonBase-root  css-zcbmsk-MuiButtonBase-root-MuiButton-root\\"
        style=\\"margin-left: 15px;\\"
        tabindex=\\"0\\"
        type=\\"button\\"
      >
        Download results as csv
        <span
          class=\\"MuiTouchRipple-root css-8je8zh-MuiTouchRipple-root\\"
        />
      </button>
    </div>
    <div
      class=\\"fadeIn deploy-table-contain auditlogs-list\\"
    >
      <div
        class=\\"auditlogs-list-item auditlogs-list-item-header muted\\"
      >
        <div
          class=\\"columnHeader\\"
          style=\\"cursor: initial;\\"
        >
          User
        </div>
        <div
          class=\\"columnHeader\\"
          style=\\"cursor: initial;\\"
        >
          Action
        </div>
        <div
          class=\\"columnHeader\\"
          style=\\"cursor: initial;\\"
        >
          Type
        </div>
        <div
          class=\\"columnHeader\\"
          style=\\"cursor: initial;\\"
        >
          Changed
        </div>
        <div
          class=\\"columnHeader\\"
          style=\\"cursor: initial;\\"
        >
          More details
        </div>
        <div
          class=\\"columnHeader\\"
        >
          Time
          <svg
            aria-hidden=\\"true\\"
            class=\\"MuiSvgIcon-root MuiSvgIcon-fontSizeMedium sortIcon selected false css-i4bv87-MuiSvgIcon-root\\"
            data-testid=\\"SortIcon\\"
            focusable=\\"false\\"
            viewBox=\\"0 0 24 24\\"
          >
            <path
              d=\\"M3 18h6v-2H3v2zM3 6v2h18V6H3zm0 7h12v-2H3v2z\\"
            />
          </svg>
        </div>
        <div />
      </div>
      <div
        class=\\"auditlogs-list\\"
      >
        <div
          class=\\"auditlogs-list-item clickable\\"
        >
          <div>
            string@example.com
          </div>
          <div
            class=\\"uppercased\\"
          >
            create
          </div>
          <div
            class=\\"capitalized\\"
          >
            user
          </div>
          <div>
            user@acme.com
          </div>
          <div
            class=\\"capitalized\\"
            style=\\"align-items: flex-start; white-space: pre-line;\\"
          >
            change1
          </div>
          <time
            datetime=\\"2019-01-01T12:10:22+00:00\\"
          >
            2019-01-01 12:10
          </time>
          <div
            class=\\"uppercased link-color bold\\"
          >
            view details 
            <svg
              aria-hidden=\\"true\\"
              class=\\"MuiSvgIcon-root MuiSvgIcon-fontSizeMedium css-i4bv87-MuiSvgIcon-root\\"
              data-testid=\\"ArrowRightAltIcon\\"
              focusable=\\"false\\"
              viewBox=\\"0 0 24 24\\"
            >
              <path
                d=\\"M16.01 11H4v2h12.01v3L20 12l-3.99-4z\\"
              />
            </svg>
          </div>
        </div>
        <div
          class=\\"auditlogs-list-item clickable\\"
        >
          <div>
            string
          </div>
          <div
            class=\\"uppercased\\"
          >
            create
          </div>
          <div
            class=\\"capitalized\\"
          >
            deployment
          </div>
          <div>
            production
          </div>
          <a
            href=\\"/deployments/finished?open=true&id=string\\"
          >
            View deployment
          </a>
          <time
            datetime=\\"2019-01-01T12:16:22+00:00\\"
          >
            2019-01-01 12:16
          </time>
          <div
            class=\\"uppercased link-color bold\\"
          >
            view details 
            <svg
              aria-hidden=\\"true\\"
              class=\\"MuiSvgIcon-root MuiSvgIcon-fontSizeMedium css-i4bv87-MuiSvgIcon-root\\"
              data-testid=\\"ArrowRightAltIcon\\"
              focusable=\\"false\\"
              viewBox=\\"0 0 24 24\\"
            >
              <path
                d=\\"M16.01 11H4v2h12.01v3L20 12l-3.99-4z\\"
              />
            </svg>
          </div>
        </div>
        <div
          class=\\"auditlogs-list-item clickable\\"
        >
          <div>
            string@example.com
          </div>
          <div
            class=\\"uppercased\\"
          >
            open_terminal
          </div>
          <div
            class=\\"capitalized\\"
          >
            device
          </div>
          <div>
            a1
          </div>
          <a>
            View session log
          </a>
          <time
            datetime=\\"2019-01-01T12:10:22+00:00\\"
          >
            2019-01-01 12:10
          </time>
          <div
            class=\\"uppercased link-color bold\\"
          >
            view details 
            <svg
              aria-hidden=\\"true\\"
              class=\\"MuiSvgIcon-root MuiSvgIcon-fontSizeMedium css-i4bv87-MuiSvgIcon-root\\"
              data-testid=\\"ArrowRightAltIcon\\"
              focusable=\\"false\\"
              viewBox=\\"0 0 24 24\\"
            >
              <path
                d=\\"M16.01 11H4v2h12.01v3L20 12l-3.99-4z\\"
              />
            </svg>
          </div>
        </div>
      </div>
      <div
        class=\\"loaderContainer shrunk\\"
      >
        <div
          class=\\"  loader\\"
        >
          <span
            class=\\"dot dot_1\\"
          />
          <span
            class=\\"dot dot_2\\"
          />
          <span
            class=\\"dot dot_3\\"
          />
          <span
            class=\\"dot dot_4\\"
          />
        </div>
      </div>
      <div
        class=\\"MuiTablePagination-root flexbox margin-top  css-jtlhu6-MuiTablePagination-root\\"
      >
        <div
          class=\\"MuiToolbar-root MuiToolbar-gutters MuiToolbar-regular MuiTablePagination-toolbar css-78c6dr-MuiToolbar-root-MuiTablePagination-toolbar\\"
        >
          <div
            class=\\"flexbox no-basis MuiTablePagination-spacer css-1psng7p-MuiTablePagination-spacer\\"
          />
          <p
            class=\\"MuiTablePagination-selectLabel css-pdct74-MuiTablePagination-selectLabel\\"
            
          >
            Rows
          </p>
          <div
            class=\\"MuiInputBase-root MuiInputBase-colorPrimary css-16c50h-MuiInputBase-root-MuiTablePagination-select\\"
            variant=\\"standard\\"
          >
            <div
              aria-expanded=\\"false\\"
              aria-haspopup=\\"listbox\\"
              
              class=\\"MuiTablePagination-select MuiSelect-select MuiSelect-standard MuiInputBase-input css-194a1fa-MuiSelect-select-MuiInputBase-input\\"
              
              role=\\"button\\"
              tabindex=\\"0\\"
            >
              20
            </div>
            <input
              aria-hidden=\\"true\\"
              class=\\"MuiSelect-nativeInput css-yf8vq0-MuiSelect-nativeInput\\"
              tabindex=\\"-1\\"
              value=\\"20\\"
            />
            <svg
              aria-hidden=\\"true\\"
              class=\\"MuiSvgIcon-root MuiSvgIcon-fontSizeMedium MuiTablePagination-selectIcon MuiSelect-icon MuiSelect-iconStandard css-pqjvzy-MuiSvgIcon-root-MuiSelect-icon\\"
              data-testid=\\"ArrowDropDownIcon\\"
              focusable=\\"false\\"
              viewBox=\\"0 0 24 24\\"
            >
              <path
                d=\\"M7 10l5 5 5-5z\\"
              />
            </svg>
          </div>
          <p
            class=\\"MuiTablePagination-displayedRows css-levciy-MuiTablePagination-displayedRows\\"
          />
          <div
            class=\\"flexbox center-aligned\\"
          >
            <div>
              1-3 of 3
            </div>
            <button
              class=\\"MuiButtonBase-root Mui-disabled MuiIconButton-root Mui-disabled MuiIconButton-sizeLarge css-mf1cb5-MuiButtonBase-root-MuiIconButton-root\\"
              disabled=\\"\\"
              tabindex=\\"-1\\"
              type=\\"button\\"
            >
              <svg
                aria-hidden=\\"true\\"
                class=\\"MuiSvgIcon-root MuiSvgIcon-fontSizeMedium css-i4bv87-MuiSvgIcon-root\\"
                data-testid=\\"KeyboardArrowLeftIcon\\"
                focusable=\\"false\\"
                viewBox=\\"0 0 24 24\\"
              >
                <path
                  d=\\"M15.41 16.59 10.83 12l4.58-4.59L14 6l-6 6 6 6 1.41-1.41z\\"
                />
              </svg>
            </button>
            <div>
              <button
                class=\\"MuiButtonBase-root Mui-disabled MuiIconButton-root Mui-disabled MuiIconButton-sizeLarge css-mf1cb5-MuiButtonBase-root-MuiIconButton-root\\"
                disabled=\\"\\"
                tabindex=\\"-1\\"
                type=\\"button\\"
              >
                <svg
                  aria-hidden=\\"true\\"
                  class=\\"MuiSvgIcon-root MuiSvgIcon-fontSizeMedium css-i4bv87-MuiSvgIcon-root\\"
                  data-testid=\\"KeyboardArrowRightIcon\\"
                  focusable=\\"false\\"
                  viewBox=\\"0 0 24 24\\"
                >
                  <path
                    d=\\"M8.59 16.59 13.17 12 8.59 7.41 10 6l6 6-6 6-1.41-1.41z\\"
                  />
                </svg>
              </button>
            </div>
          </div>
        </div>
      </div>
    </div>
  </div>
</div>"
`;
