// Jest Snapshot v1, https://goo.gl/fbAQLP

exports[`TerminalSession Component renders correctly 1`] = `
.emotion-0 {
  font-size: 7rem;
  color: rgba(0, 0, 0, 0.38);
}

.emotion-1 {
  -webkit-user-select: none;
  -moz-user-select: none;
  -ms-user-select: none;
  user-select: none;
  width: 1em;
  height: 1em;
  display: inline-block;
  fill: currentColor;
  -webkit-flex-shrink: 0;
  -ms-flex-negative: 0;
  flex-shrink: 0;
  -webkit-transition: fill 200ms cubic-bezier(0.4, 0, 0.2, 1) 0ms;
  transition: fill 200ms cubic-bezier(0.4, 0, 0.2, 1) 0ms;
  font-size: 1.5rem;
}

.emotion-2 {
  display: -webkit-inline-box;
  display: -webkit-inline-flex;
  display: -ms-inline-flexbox;
  display: inline-flex;
  -webkit-align-items: center;
  -webkit-box-align: center;
  -ms-flex-align: center;
  align-items: center;
  -webkit-box-pack: center;
  -ms-flex-pack: center;
  -webkit-justify-content: center;
  justify-content: center;
  position: relative;
  box-sizing: border-box;
  -webkit-tap-highlight-color: transparent;
  background-color: transparent;
  outline: 0;
  border: 0;
  margin: 0;
  border-radius: 0;
  padding: 0;
  cursor: pointer;
  -webkit-user-select: none;
  -moz-user-select: none;
  -ms-user-select: none;
  user-select: none;
  vertical-align: middle;
  -moz-appearance: none;
  -webkit-appearance: none;
  -webkit-text-decoration: none;
  text-decoration: none;
  color: inherit;
  font-family: "Roboto","Helvetica","Arial",sans-serif;
  font-weight: 500;
  font-size: 0.875rem;
  line-height: 1.75;
  letter-spacing: 0.02857em;
  text-transform: uppercase;
  min-width: 64px;
  padding: 6px 8px;
  border-radius: 4px;
  -webkit-transition: background-color 250ms cubic-bezier(0.4, 0, 0.2, 1) 0ms,box-shadow 250ms cubic-bezier(0.4, 0, 0.2, 1) 0ms,border-color 250ms cubic-bezier(0.4, 0, 0.2, 1) 0ms,color 250ms cubic-bezier(0.4, 0, 0.2, 1) 0ms;
  transition: background-color 250ms cubic-bezier(0.4, 0, 0.2, 1) 0ms,box-shadow 250ms cubic-bezier(0.4, 0, 0.2, 1) 0ms,border-color 250ms cubic-bezier(0.4, 0, 0.2, 1) 0ms,color 250ms cubic-bezier(0.4, 0, 0.2, 1) 0ms;
  color: #1976d2;
}

.emotion-2::-moz-focus-inner {
  border-style: none;
}

.emotion-2.Mui-disabled {
  pointer-events: none;
  cursor: default;
}

@media print {
  .emotion-2 {
    -webkit-print-color-adjust: exact;
    color-adjust: exact;
  }
}

.emotion-2:hover {
  -webkit-text-decoration: none;
  text-decoration: none;
  background-color: rgba(25, 118, 210, 0.04);
}

@media (hover: none) {
  .emotion-2:hover {
    background-color: transparent;
  }
}

.emotion-2.Mui-disabled {
  color: rgba(0, 0, 0, 0.26);
}

.emotion-3 {
  display: inherit;
  margin-right: 8px;
  margin-left: -4px;
}

.emotion-3>*:nth-of-type(1) {
  font-size: 20px;
}

.emotion-5 {
  overflow: hidden;
  pointer-events: none;
  position: absolute;
  z-index: 0;
  top: 0;
  right: 0;
  bottom: 0;
  left: 0;
  border-radius: inherit;
}

.emotion-13 .key>b {
  background-color: #bdbdbd;
  color: rgba(0, 0, 0, 0.87);
}

.emotion-14 {
  grid-template-columns: minmax(max-content, 150px) max-content;
  row-gap: 20px;
}

.emotion-15 {
  color: rgba(0, 0, 0, 0.6);
  font-weight: initial;
}

.emotion-16 {
  -webkit-user-select: none;
  -moz-user-select: none;
  -ms-user-select: none;
  user-select: none;
  width: 1em;
  height: 1em;
  display: inline-block;
  fill: currentColor;
  -webkit-flex-shrink: 0;
  -ms-flex-negative: 0;
  flex-shrink: 0;
  -webkit-transition: fill 200ms cubic-bezier(0.4, 0, 0.2, 1) 0ms;
  transition: fill 200ms cubic-bezier(0.4, 0, 0.2, 1) 0ms;
  font-size: 1.25rem;
}

<div
  class="flexbox"
  style="flex-wrap: wrap;"
>
  <div
    class="flexbox column margin-top "
  >
    <div
      class="relative"
    >
      <div
        class="xterm-min-screen"
      >
        <div
          class="terminal xterm"
          dir="ltr"
          tabindex="0"
        >
          <div
            class="xterm-viewport"
            style="background-color: rgb(0, 0, 0);"
          >
            <div
              class="xterm-scroll-area"
            />
          </div>
          <div
            class="xterm-screen"
          >
            <div
              class="xterm-helpers"
            >
              <textarea
                aria-label="Terminal input"
                aria-multiline="false"
                autocapitalize="off"
                autocorrect="off"
                class="xterm-helper-textarea"
                spellcheck="false"
                tabindex="0"
              />
              <span
                aria-hidden="true"
                class="xterm-char-measure-element"
                style="font-family: courier-new, courier, monospace; font-size: 15px;"
              >
                W
              </span>
              <div
                class="composition-view"
              />
            </div>
            <canvas
              class="xterm-text-layer"
              style="z-index: 0;"
            />
            <canvas
              class="xterm-selection-layer"
              style="z-index: 1;"
            />
            <canvas
              class="xterm-link-layer"
              style="z-index: 2;"
            />
            <canvas
              class="xterm-cursor-layer"
              style="z-index: 3;"
            />
            <div
              class="xterm-decoration-container"
            />
          </div>
        </div>
      </div>
      <div
        class="flexbox centered clickable"
        style="background: black; width: 100%; height: 100%; position: absolute; top: 0px; z-index: 10;"
      >
        <svg
          aria-hidden="true"
          class="MuiSvgIcon-root MuiSvgIcon-fontSizeMedium emotion-0 emotion-1"
          data-testid="PlayArrowIcon"
          focusable="false"
          viewBox="0 0 24 24"
        >
          <path
            d="M8 5v14l11-7z"
          />
        </svg>
      </div>
    </div>
    <div
      class="flexbox margin-top-small margin-bottom-small"
    >
      <button
        class="MuiButton-root MuiButton-text MuiButton-textPrimary MuiButton-sizeMedium MuiButton-textSizeMedium MuiButtonBase-root  emotion-2"
        tabindex="0"
        type="button"
      >
        <span
          class="MuiButton-startIcon MuiButton-iconSizeMedium emotion-3"
        >
          <svg
            aria-hidden="true"
            class="MuiSvgIcon-root MuiSvgIcon-fontSizeMedium emotion-1"
            data-testid="PlayArrowIcon"
            focusable="false"
            viewBox="0 0 24 24"
          >
            <path
              d="M8 5v14l11-7z"
            />
          </svg>
        </span>
        Play
        <span
          class="MuiTouchRipple-root emotion-5"
        />
      </button>
      <button
        class="MuiButton-root MuiButton-text MuiButton-textPrimary MuiButton-sizeMedium MuiButton-textSizeMedium MuiButtonBase-root  emotion-2"
        tabindex="0"
        type="button"
      >
        <span
          class="MuiButton-startIcon MuiButton-iconSizeMedium emotion-3"
        >
          <svg
            aria-hidden="true"
            class="MuiSvgIcon-root MuiSvgIcon-fontSizeMedium emotion-1"
            data-testid="RefreshIcon"
            focusable="false"
            viewBox="0 0 24 24"
          >
            <path
              d="M17.65 6.35C16.2 4.9 14.21 4 12 4c-4.42 0-7.99 3.58-7.99 8s3.57 8 7.99 8c3.73 0 6.84-2.55 7.73-6h-2.08c-.82 2.33-3.04 4-5.65 4-3.31 0-6-2.69-6-6s2.69-6 6-6c1.66 0 3.14.69 4.22 1.78L13 11h7V4l-2.35 2.35z"
            />
          </svg>
        </span>
        Replay
        <span
          class="MuiTouchRipple-root emotion-5"
        />
      </button>
      <button
        class="MuiButton-root MuiButton-text MuiButton-textPrimary MuiButton-sizeMedium MuiButton-textSizeMedium MuiButtonBase-root Mui-disabled  emotion-2"
        disabled=""
        tabindex="-1"
        type="button"
      >
        <span
          class="MuiButton-startIcon MuiButton-iconSizeMedium emotion-3"
        >
          <svg
            aria-hidden="true"
            class="MuiSvgIcon-root MuiSvgIcon-fontSizeMedium emotion-1"
            data-testid="CloudDownloadIcon"
            focusable="false"
            viewBox="0 0 24 24"
          >
            <path
              d="M19.35 10.04C18.67 6.59 15.64 4 12 4 9.11 4 6.6 5.64 5.35 8.04 2.34 8.36 0 10.91 0 14c0 3.31 2.69 6 6 6h13c2.76 0 5-2.24 5-5 0-2.64-2.05-4.78-4.65-4.96zM17 13l-5 5-5-5h3V9h4v4h3z"
            />
          </svg>
        </span>
        Download
      </button>
    </div>
  </div>
  <div
    class="flexbox column"
    style="margin: 24px; min-width: min-content;"
  >
    <div
      class="flexbox column margin-top-small"
    >
      <b
        class="margin-bottom-small capitalized-start"
      >
        device
         details
      </b>
      <div
        class="break-all two-columns emotion-13  emotion-14"
      >
        <div
          class="align-right key muted"
        >
          <b>
            Device ID
          </b>
        </div>
        <div
          class="flexbox "
        >
          <a
            class="flexbox center-aligned emotion-15"
            href="/devices?id=a1"
          >
            <div>
              a1
            </div>
            <svg
              aria-hidden="true"
              class="MuiSvgIcon-root MuiSvgIcon-fontSizeSmall margin-left-small link-color emotion-16"
              data-testid="LaunchIcon"
              focusable="false"
              viewBox="0 0 24 24"
            >
              <path
                d="M19 19H5V5h7V3H5c-1.11 0-2 .9-2 2v14c0 1.1.89 2 2 2h14c1.1 0 2-.9 2-2v-7h-2v7zM14 3v2h3.59l-9.83 9.83 1.41 1.41L19 6.41V10h2V3h-7z"
              />
            </svg>
          </a>
        </div>
        <div
          class="align-right key muted"
        >
          <b>
            Device type
          </b>
        </div>
        <div
          class="flexbox "
        >
          raspberrypi4
        </div>
        <div
          class="align-right key muted"
        >
          <b>
            System software version
          </b>
        </div>
        <div
          class="flexbox "
        >
          -
        </div>
        <div
          class="align-right key muted"
        >
          <b>
             
          </b>
        </div>
        <div
          class="flexbox "
        >
          <a
            href="/auditlog?object_type=device&object_id=a1&start_date=2016-01-01T00:00:00.000Z"
          >
            List all log entries for this device
          </a>
        </div>
      </div>
    </div>
    <div
      class="flexbox column margin-top-small"
    >
      <b
        class="margin-bottom-small capitalized-start"
      >
        session
         details
      </b>
      <div
        class="break-all two-columns emotion-13  emotion-14"
      >
        <div
          class="align-right key muted"
        >
          <b>
            Session ID
          </b>
        </div>
        <div
          class="flexbox "
        >
          abd313a8-ee88-48ab-9c99-fbcd80048e6e
        </div>
        <div
          class="align-right key muted"
        >
          <b>
            Start time
          </b>
        </div>
        <div
          class="flexbox "
        >
          <time
            datetime="2019-01-01T12:10:22+00:00"
          >
            2019-01-01 12:10
          </time>
        </div>
        <div
          class="align-right key muted"
        >
          <b>
            End time
          </b>
        </div>
        <div
          class="flexbox "
        >
          <time
            datetime="2019-01-01T12:16:22+00:00"
          >
            2019-01-01 12:16
          </time>
        </div>
        <div
          class="align-right key muted"
        >
          <b>
            Duration
          </b>
        </div>
        <div
          class="flexbox "
        >
          00:05:59:998
        </div>
        <div
          class="align-right key muted"
        >
          <b>
            User
          </b>
        </div>
        <div
          class="flexbox "
        >
          string@example.com
        </div>
      </div>
    </div>
  </div>
</div>
`;
