// Jest Snapshot v1, https://goo.gl/fbAQLP

exports[`UserChange Component renders correctly 1`] = `
.emotion-0 {
  border: 1px solid;
}

<div
  class="code emotion-0 flexbox column"
>
  <span
    class=""
  >
    change1
  </span>
</div>
`;
