// Jest Snapshot v1, https://goo.gl/fbAQLP

exports[`ProgressChart Component renders correctly 1`] = `
.emotion-0 {
  background-color: #bdbdbd;
}

.emotion-0 .progress-step {
  border: none;
  position: absolute;
}

.emotion-0 .progress-step-total .progress-bar {
  background-color: #fafafa;
}

.emotion-0.stepped-progress .progress-step-total .progress-bar {
  background-color: #fff;
  border-color: #424242;
}

<div>
  <div
    class="progress-chart-container flexbox column  emotion-0"
  >
    <div
      style="display: grid; grid-template-columns: 2fr 1fr;"
    >
      <div
        class="progress-chart "
      >
        <div
          class="progress-step progress-step-total"
        >
          <div
            class="progress-bar"
          />
        </div>
        <div
          class="progress-step"
          style="flex-grow: 1;"
        >
          <div
            class="flexbox progress-bar"
          >
            <div
              class="progress-bar green"
              style="width: 0%;"
            />
            <div
              class="progress-bar warning"
              style="width: 0%;"
            />
          </div>
        </div>
      </div>
      <div
        class="flexbox center-aligned muted"
        style="justify-content: flex-end;"
      >
        0 failures
      </div>
    </div>
    <div
      class="flexbox space-between muted"
    >
      <div>
        Devices in progress
      </div>
      <div>
        Current phase: 1 of 1
      </div>
    </div>
  </div>
</div>
`;
