// Jest Snapshot v1, https://goo.gl/fbAQLP

exports[`Deployments Component renders correctly 1`] = `
.emotion-0 {
  border-bottom: 1px solid #fafafa;
}

.emotion-0 span {
  background: #fff;
}

<div>
  <h4
    class="dashboard-header emotion-0 "
  >
    <span>
      Deployments
    </span>
  </h4>
  <div
    class="deployments margin-bottom-large"
  >
    <div
      class="loaderContainer"
    >
      <div
        class="  loader"
      >
        <span
          class="dot dot_1"
        />
        <span
          class="dot dot_2"
        />
        <span
          class="dot dot_3"
        />
        <span
          class="dot dot_4"
        />
      </div>
    </div>
  </div>
</div>
`;
