// Jest Snapshot v1, https://goo.gl/fbAQLP

exports[`AuthsetList Component renders correctly 1`] = `
.emotion-0 {
  background-color: #fafafa;
}

.emotion-0:before {
  display: none;
}

.emotion-0$expanded {
  margin: auto;
}

.emotion-1 {
  background-color: #fff;
  color: rgba(0, 0, 0, 0.87);
  -webkit-transition: box-shadow 300ms cubic-bezier(0.4, 0, 0.2, 1) 0ms;
  transition: box-shadow 300ms cubic-bezier(0.4, 0, 0.2, 1) 0ms;
  box-shadow: 0px 2px 1px -1px rgba(0,0,0,0.2),0px 1px 1px 0px rgba(0,0,0,0.14),0px 1px 3px 0px rgba(0,0,0,0.12);
  position: relative;
  -webkit-transition: margin 150ms cubic-bezier(0.4, 0, 0.2, 1) 0ms;
  transition: margin 150ms cubic-bezier(0.4, 0, 0.2, 1) 0ms;
  overflow-anchor: none;
}

.emotion-1:before {
  position: absolute;
  left: 0;
  top: -1px;
  right: 0;
  height: 1px;
  content: "";
  opacity: 1;
  background-color: rgba(0, 0, 0, 0.12);
  -webkit-transition: opacity 150ms cubic-bezier(0.4, 0, 0.2, 1) 0ms,background-color 150ms cubic-bezier(0.4, 0, 0.2, 1) 0ms;
  transition: opacity 150ms cubic-bezier(0.4, 0, 0.2, 1) 0ms,background-color 150ms cubic-bezier(0.4, 0, 0.2, 1) 0ms;
}

.emotion-1:first-of-type:before {
  display: none;
}

.emotion-1.Mui-expanded:before {
  opacity: 0;
}

.emotion-1.Mui-expanded:first-of-type {
  margin-top: 0;
}

.emotion-1.Mui-expanded:last-of-type {
  margin-bottom: 0;
}

.emotion-1.Mui-expanded+.emotion-1.Mui-expanded:before {
  display: none;
}

.emotion-1.Mui-disabled {
  background-color: rgba(0, 0, 0, 0.12);
}

.emotion-1.Mui-expanded {
  margin: 16px 0;
}

.emotion-2 {
  display: -webkit-inline-box;
  display: -webkit-inline-flex;
  display: -ms-inline-flexbox;
  display: inline-flex;
  -webkit-align-items: center;
  -webkit-box-align: center;
  -ms-flex-align: center;
  align-items: center;
  -webkit-box-pack: center;
  -ms-flex-pack: center;
  -webkit-justify-content: center;
  justify-content: center;
  position: relative;
  box-sizing: border-box;
  -webkit-tap-highlight-color: transparent;
  background-color: transparent;
  outline: 0;
  border: 0;
  margin: 0;
  border-radius: 0;
  padding: 0;
  cursor: pointer;
  -webkit-user-select: none;
  -moz-user-select: none;
  -ms-user-select: none;
  user-select: none;
  vertical-align: middle;
  -moz-appearance: none;
  -webkit-appearance: none;
  -webkit-text-decoration: none;
  text-decoration: none;
  color: inherit;
  display: -webkit-box;
  display: -webkit-flex;
  display: -ms-flexbox;
  display: flex;
  min-height: 48px;
  padding: 0px 16px;
  -webkit-transition: min-height 150ms cubic-bezier(0.4, 0, 0.2, 1) 0ms,background-color 150ms cubic-bezier(0.4, 0, 0.2, 1) 0ms;
  transition: min-height 150ms cubic-bezier(0.4, 0, 0.2, 1) 0ms,background-color 150ms cubic-bezier(0.4, 0, 0.2, 1) 0ms;
}

.emotion-2::-moz-focus-inner {
  border-style: none;
}

.emotion-2.Mui-disabled {
  pointer-events: none;
  cursor: default;
}

@media print {
  .emotion-2 {
    -webkit-print-color-adjust: exact;
    color-adjust: exact;
  }
}

.emotion-2.Mui-focusVisible {
  background-color: rgba(0, 0, 0, 0.12);
}

.emotion-2.Mui-disabled {
  opacity: 0.38;
}

.emotion-2:hover:not(.Mui-disabled) {
  cursor: pointer;
}

.emotion-2.Mui-expanded {
  min-height: 64px;
}

.emotion-3 {
  display: -webkit-box;
  display: -webkit-flex;
  display: -ms-flexbox;
  display: flex;
  -webkit-box-flex: 1;
  -webkit-flex-grow: 1;
  -ms-flex-positive: 1;
  flex-grow: 1;
  margin: 12px 0;
  -webkit-transition: margin 150ms cubic-bezier(0.4, 0, 0.2, 1) 0ms;
  transition: margin 150ms cubic-bezier(0.4, 0, 0.2, 1) 0ms;
}

.emotion-3.Mui-expanded {
  margin: 20px 0;
}

.emotion-4 {
  max-width: 100%;
  font-family: "Roboto","Helvetica","Arial",sans-serif;
  font-size: 0.8125rem;
  display: -webkit-inline-box;
  display: -webkit-inline-flex;
  display: -ms-inline-flexbox;
  display: inline-flex;
  -webkit-align-items: center;
  -webkit-box-align: center;
  -ms-flex-align: center;
  align-items: center;
  -webkit-box-pack: center;
  -ms-flex-pack: center;
  -webkit-justify-content: center;
  justify-content: center;
  height: 24px;
  color: #fff;
  background-color: #1976d2;
  border-radius: 16px;
  white-space: nowrap;
  -webkit-transition: background-color 300ms cubic-bezier(0.4, 0, 0.2, 1) 0ms,box-shadow 300ms cubic-bezier(0.4, 0, 0.2, 1) 0ms;
  transition: background-color 300ms cubic-bezier(0.4, 0, 0.2, 1) 0ms,box-shadow 300ms cubic-bezier(0.4, 0, 0.2, 1) 0ms;
  cursor: default;
  outline: 0;
  -webkit-text-decoration: none;
  text-decoration: none;
  border: 0;
  padding: 0;
  vertical-align: middle;
  box-sizing: border-box;
}

.emotion-4.Mui-disabled {
  opacity: 0.38;
  pointer-events: none;
}

.emotion-4 .MuiChip-avatar {
  margin-left: 5px;
  margin-right: -6px;
  width: 24px;
  height: 24px;
  color: #616161;
  font-size: 0.75rem;
}

.emotion-4 .MuiChip-avatarColorPrimary {
  color: #fff;
  background-color: #1565c0;
}

.emotion-4 .MuiChip-avatarColorSecondary {
  color: #fff;
  background-color: #7b1fa2;
}

.emotion-4 .MuiChip-avatarSmall {
  margin-left: 4px;
  margin-right: -4px;
  width: 18px;
  height: 18px;
  font-size: 0.625rem;
}

.emotion-4 .MuiChip-icon {
  color: inherit;
  margin-left: 4px;
  margin-right: -4px;
  font-size: 18px;
}

.emotion-4 .MuiChip-deleteIcon {
  -webkit-tap-highlight-color: transparent;
  color: rgba(255, 255, 255, 0.7);
  font-size: 16px;
  cursor: pointer;
  margin: 0 5px 0 -6px;
  margin-right: 4px;
  margin-left: -4px;
}

.emotion-4 .MuiChip-deleteIcon:hover {
  color: rgba(0, 0, 0, 0.4);
}

.emotion-4 .MuiChip-deleteIcon:hover,
.emotion-4 .MuiChip-deleteIcon:active {
  color: #fff;
}

.emotion-5 {
  overflow: hidden;
  text-overflow: ellipsis;
  padding-left: 8px;
  padding-right: 8px;
  white-space: nowrap;
}

.emotion-6 {
  height: 0;
  overflow: hidden;
  -webkit-transition: height 300ms cubic-bezier(0.4, 0, 0.2, 1) 0ms;
  transition: height 300ms cubic-bezier(0.4, 0, 0.2, 1) 0ms;
  visibility: hidden;
}

.emotion-7 {
  display: -webkit-box;
  display: -webkit-flex;
  display: -ms-flexbox;
  display: flex;
  width: 100%;
}

.emotion-8 {
  width: 100%;
}

.emotion-9 {
  padding: 8px 16px 16px;
}

<div
  class="authsets"
>
  <div
    class="header"
  >
    <div
      class="columnHeader"
    />
    <div
      class="columnHeader"
    >
      Status
    </div>
    <div
      class="columnHeader"
    >
      Public key
    </div>
    <div
      class="columnHeader"
    >
      Time of request
    </div>
    <div
      class="columnHeader"
    >
      Actions
    </div>
  </div>
  <div
    class="body relative"
  >
    <div
      class="MuiPaper-root MuiPaper-elevation MuiPaper-elevation1 MuiAccordion-root MuiAccordion-gutters emotion-0 emotion-1"
    >
      <div
        aria-expanded="false"
        class="MuiButtonBase-root MuiAccordionSummary-root MuiAccordionSummary-gutters emotion-2"
        role="button"
        style="cursor: default;"
        tabindex="0"
      >
        <div
          class="MuiAccordionSummary-content MuiAccordionSummary-contentGutters emotion-3"
        >
          <div
            class="MuiChip-root MuiChip-filled MuiChip-sizeSmall MuiChip-colorPrimary MuiChip-filledPrimary emotion-4"
            style="justify-self: flex-start;"
          >
            <span
              class="MuiChip-label MuiChip-labelSmall emotion-5"
            >
              new
            </span>
          </div>
          <div
            class="capitalized"
          >
            pending
          </div>
          <a>
            show key
          </a>
          <time
            datetime="2020-09-21T12:48:34+00:00"
          >
            2020-09-21 12:48
          </time>
          <div
            class="action-buttons flexbox"
          >
            <a>
              Accept
            </a>
            <a>
              Reject
            </a>
            <a>
              Dismiss
            </a>
          </div>
        </div>
      </div>
      <div
        class="MuiCollapse-root MuiCollapse-vertical MuiCollapse-hidden emotion-6"
        style="min-height: 0px;"
      >
        <div
          class="MuiCollapse-wrapper MuiCollapse-vertical emotion-7"
        >
          <div
            class="MuiCollapse-wrapperInner MuiCollapse-vertical emotion-8"
          >
            <div
              class="MuiAccordion-region"
              role="region"
            >
              <div
                class="MuiAccordionDetails-root emotion-9"
              >
                <div
                  style="flex-grow: 1;"
                />
                <p
                  class="bold expanded"
                >
                   Are you sure you want to continue?
                </p>
              </div>
            </div>
          </div>
        </div>
      </div>
    </div>
    <div
      class="MuiPaper-root MuiPaper-elevation MuiPaper-elevation1 MuiAccordion-root MuiAccordion-gutters emotion-0 emotion-1"
    >
      <div
        aria-expanded="false"
        class="MuiButtonBase-root MuiAccordionSummary-root MuiAccordionSummary-gutters emotion-2"
        role="button"
        style="cursor: default;"
        tabindex="0"
      >
        <div
          class="MuiAccordionSummary-content MuiAccordionSummary-contentGutters emotion-3"
        >
          <div
            class="MuiChip-root MuiChip-filled MuiChip-sizeSmall MuiChip-colorPrimary MuiChip-filledPrimary emotion-4"
            style="justify-self: flex-start;"
          >
            <span
              class="MuiChip-label MuiChip-labelSmall emotion-5"
            >
              new
            </span>
          </div>
          <div
            class="capitalized"
          >
            pending
          </div>
          <a>
            show key
          </a>
          <time
            datetime="2020-09-21T12:43:34+00:00"
          >
            2020-09-21 12:43
          </time>
          <div
            class="action-buttons flexbox"
          >
            <a>
              Accept
            </a>
            <a>
              Reject
            </a>
            <a>
              Dismiss
            </a>
          </div>
        </div>
      </div>
      <div
        class="MuiCollapse-root MuiCollapse-vertical MuiCollapse-hidden emotion-6"
        style="min-height: 0px;"
      >
        <div
          class="MuiCollapse-wrapper MuiCollapse-vertical emotion-7"
        >
          <div
            class="MuiCollapse-wrapperInner MuiCollapse-vertical emotion-8"
          >
            <div
              class="MuiAccordion-region"
              role="region"
            >
              <div
                class="MuiAccordionDetails-root emotion-9"
              >
                <div
                  style="flex-grow: 1;"
                />
                <p
                  class="bold expanded"
                >
                   Are you sure you want to continue?
                </p>
              </div>
            </div>
          </div>
        </div>
      </div>
    </div>
    <div
      class="MuiPaper-root MuiPaper-elevation MuiPaper-elevation1 MuiAccordion-root MuiAccordion-gutters emotion-0 emotion-1"
    >
      <div
        aria-expanded="false"
        class="MuiButtonBase-root MuiAccordionSummary-root MuiAccordionSummary-gutters emotion-2"
        role="button"
        style="cursor: default;"
        tabindex="0"
      >
        <div
          class="MuiAccordionSummary-content MuiAccordionSummary-contentGutters emotion-3"
        >
          <div
            class="MuiChip-root MuiChip-filled MuiChip-sizeSmall MuiChip-colorPrimary MuiChip-filledPrimary emotion-4"
            style="justify-self: flex-start;"
          >
            <span
              class="MuiChip-label MuiChip-labelSmall emotion-5"
            >
              new
            </span>
          </div>
          <div
            class="capitalized"
          >
            pending
          </div>
          <a>
            show key
          </a>
          <time
            datetime="2020-09-21T12:38:34+00:00"
          >
            2020-09-21 12:38
          </time>
          <div
            class="action-buttons flexbox"
          >
            <a>
              Accept
            </a>
            <a>
              Reject
            </a>
            <a>
              Dismiss
            </a>
          </div>
        </div>
      </div>
      <div
        class="MuiCollapse-root MuiCollapse-vertical MuiCollapse-hidden emotion-6"
        style="min-height: 0px;"
      >
        <div
          class="MuiCollapse-wrapper MuiCollapse-vertical emotion-7"
        >
          <div
            class="MuiCollapse-wrapperInner MuiCollapse-vertical emotion-8"
          >
            <div
              class="MuiAccordion-region"
              role="region"
            >
              <div
                class="MuiAccordionDetails-root emotion-9"
              >
                <div
                  style="flex-grow: 1;"
                />
                <p
                  class="bold expanded"
                >
                   Are you sure you want to continue?
                </p>
              </div>
            </div>
          </div>
        </div>
      </div>
    </div>
    <div
      class="MuiPaper-root MuiPaper-elevation MuiPaper-elevation1 MuiAccordion-root MuiAccordion-gutters emotion-0 emotion-1"
    >
      <div
        aria-expanded="false"
        class="MuiButtonBase-root MuiAccordionSummary-root MuiAccordionSummary-gutters emotion-2"
        role="button"
        style="cursor: default;"
        tabindex="0"
      >
        <div
          class="MuiAccordionSummary-content MuiAccordionSummary-contentGutters emotion-3"
        >
          <div
            class="capitalized"
          >
            Active
          </div>
          <div
            class="capitalized"
          >
            accepted
          </div>
          <a>
            show key
          </a>
          <time
            datetime="2020-09-21T12:47:34+00:00"
          >
            2020-09-21 12:47
          </time>
          <div
            class="action-buttons flexbox"
          >
            <div>
              Accept
            </div>
            <a>
              Reject
            </a>
            <a>
              Dismiss
            </a>
          </div>
        </div>
      </div>
      <div
        class="MuiCollapse-root MuiCollapse-vertical MuiCollapse-hidden emotion-6"
        style="min-height: 0px;"
      >
        <div
          class="MuiCollapse-wrapper MuiCollapse-vertical emotion-7"
        >
          <div
            class="MuiCollapse-wrapperInner MuiCollapse-vertical emotion-8"
          >
            <div
              class="MuiAccordion-region"
              role="region"
            >
              <div
                class="MuiAccordionDetails-root emotion-9"
              >
                <div
                  style="flex-grow: 1;"
                />
                <p
                  class="bold expanded"
                >
                   Are you sure you want to continue?
                </p>
              </div>
            </div>
          </div>
        </div>
      </div>
    </div>
    <div
      class="MuiPaper-root MuiPaper-elevation MuiPaper-elevation1 MuiAccordion-root MuiAccordion-gutters emotion-0 emotion-1"
    >
      <div
        aria-expanded="false"
        class="MuiButtonBase-root MuiAccordionSummary-root MuiAccordionSummary-gutters emotion-2"
        role="button"
        style="cursor: default;"
        tabindex="0"
      >
        <div
          class="MuiAccordionSummary-content MuiAccordionSummary-contentGutters emotion-3"
        >
          <div
            class="capitalized"
          >
            Active
          </div>
          <div
            class="capitalized"
          >
            accepted
          </div>
          <a>
            show key
          </a>
          <time
            datetime="2020-09-21T12:42:34+00:00"
          >
            2020-09-21 12:42
          </time>
          <div
            class="action-buttons flexbox"
          >
            <div>
              Accept
            </div>
            <a>
              Reject
            </a>
            <a>
              Dismiss
            </a>
          </div>
        </div>
      </div>
      <div
        class="MuiCollapse-root MuiCollapse-vertical MuiCollapse-hidden emotion-6"
        style="min-height: 0px;"
      >
        <div
          class="MuiCollapse-wrapper MuiCollapse-vertical emotion-7"
        >
          <div
            class="MuiCollapse-wrapperInner MuiCollapse-vertical emotion-8"
          >
            <div
              class="MuiAccordion-region"
              role="region"
            >
              <div
                class="MuiAccordionDetails-root emotion-9"
              >
                <div
                  style="flex-grow: 1;"
                />
                <p
                  class="bold expanded"
                >
                   Are you sure you want to continue?
                </p>
              </div>
            </div>
          </div>
        </div>
      </div>
    </div>
    <div
      class="MuiPaper-root MuiPaper-elevation MuiPaper-elevation1 MuiAccordion-root MuiAccordion-gutters emotion-0 emotion-1"
    >
      <div
        aria-expanded="false"
        class="MuiButtonBase-root MuiAccordionSummary-root MuiAccordionSummary-gutters emotion-2"
        role="button"
        style="cursor: default;"
        tabindex="0"
      >
        <div
          class="MuiAccordionSummary-content MuiAccordionSummary-contentGutters emotion-3"
        >
          <div
            class="capitalized"
          >
            Active
          </div>
          <div
            class="capitalized"
          >
            accepted
          </div>
          <a>
            show key
          </a>
          <time
            datetime="2020-09-21T12:37:34+00:00"
          >
            2020-09-21 12:37
          </time>
          <div
            class="action-buttons flexbox"
          >
            <div>
              Accept
            </div>
            <a>
              Reject
            </a>
            <a>
              Dismiss
            </a>
          </div>
        </div>
      </div>
      <div
        class="MuiCollapse-root MuiCollapse-vertical MuiCollapse-hidden emotion-6"
        style="min-height: 0px;"
      >
        <div
          class="MuiCollapse-wrapper MuiCollapse-vertical emotion-7"
        >
          <div
            class="MuiCollapse-wrapperInner MuiCollapse-vertical emotion-8"
          >
            <div
              class="MuiAccordion-region"
              role="region"
            >
              <div
                class="MuiAccordionDetails-root emotion-9"
              >
                <div
                  style="flex-grow: 1;"
                />
                <p
                  class="bold expanded"
                >
                   Are you sure you want to continue?
                </p>
              </div>
            </div>
          </div>
        </div>
      </div>
    </div>
    <div
      class="MuiPaper-root MuiPaper-elevation MuiPaper-elevation1 MuiAccordion-root MuiAccordion-gutters emotion-0 emotion-1"
    >
      <div
        aria-expanded="false"
        class="MuiButtonBase-root MuiAccordionSummary-root MuiAccordionSummary-gutters emotion-2"
        role="button"
        style="cursor: default;"
        tabindex="0"
      >
        <div
          class="MuiAccordionSummary-content MuiAccordionSummary-contentGutters emotion-3"
        >
          <div />
          <div
            class="capitalized"
          >
            rejected
          </div>
          <a>
            show key
          </a>
          <time
            datetime="2020-09-21T12:50:34+00:00"
          >
            2020-09-21 12:50
          </time>
          <div
            class="action-buttons flexbox"
          >
            <a>
              Accept
            </a>
            <div>
              Reject
            </div>
            <a>
              Dismiss
            </a>
          </div>
        </div>
      </div>
      <div
        class="MuiCollapse-root MuiCollapse-vertical MuiCollapse-hidden emotion-6"
        style="min-height: 0px;"
      >
        <div
          class="MuiCollapse-wrapper MuiCollapse-vertical emotion-7"
        >
          <div
            class="MuiCollapse-wrapperInner MuiCollapse-vertical emotion-8"
          >
            <div
              class="MuiAccordion-region"
              role="region"
            >
              <div
                class="MuiAccordionDetails-root emotion-9"
              >
                <div
                  style="flex-grow: 1;"
                />
                <p
                  class="bold expanded"
                >
                   Are you sure you want to continue?
                </p>
              </div>
            </div>
          </div>
        </div>
      </div>
    </div>
    <div
      class="MuiPaper-root MuiPaper-elevation MuiPaper-elevation1 MuiAccordion-root MuiAccordion-gutters emotion-0 emotion-1"
    >
      <div
        aria-expanded="false"
        class="MuiButtonBase-root MuiAccordionSummary-root MuiAccordionSummary-gutters emotion-2"
        role="button"
        style="cursor: default;"
        tabindex="0"
      >
        <div
          class="MuiAccordionSummary-content MuiAccordionSummary-contentGutters emotion-3"
        >
          <div />
          <div
            class="capitalized"
          >
            preauth
          </div>
          <a>
            show key
          </a>
          <time
            datetime="2020-09-21T12:49:34+00:00"
          >
            2020-09-21 12:49
          </time>
          <div
            class="action-buttons flexbox"
          >
            <a>
              Accept
            </a>
            <a>
              Reject
            </a>
            <a>
              Dismiss
            </a>
          </div>
        </div>
      </div>
      <div
        class="MuiCollapse-root MuiCollapse-vertical MuiCollapse-hidden emotion-6"
        style="min-height: 0px;"
      >
        <div
          class="MuiCollapse-wrapper MuiCollapse-vertical emotion-7"
        >
          <div
            class="MuiCollapse-wrapperInner MuiCollapse-vertical emotion-8"
          >
            <div
              class="MuiAccordion-region"
              role="region"
            >
              <div
                class="MuiAccordionDetails-root emotion-9"
              >
                <div
                  style="flex-grow: 1;"
                />
                <p
                  class="bold expanded"
                >
                   Are you sure you want to continue?
                </p>
              </div>
            </div>
          </div>
        </div>
      </div>
    </div>
    <div
      class="MuiPaper-root MuiPaper-elevation MuiPaper-elevation1 MuiAccordion-root MuiAccordion-gutters emotion-0 emotion-1"
    >
      <div
        aria-expanded="false"
        class="MuiButtonBase-root MuiAccordionSummary-root MuiAccordionSummary-gutters emotion-2"
        role="button"
        style="cursor: default;"
        tabindex="0"
      >
        <div
          class="MuiAccordionSummary-content MuiAccordionSummary-contentGutters emotion-3"
        >
          <div />
          <div
            class="capitalized"
          >
            rejected
          </div>
          <a>
            show key
          </a>
          <time
            datetime="2020-09-21T12:45:34+00:00"
          >
            2020-09-21 12:45
          </time>
          <div
            class="action-buttons flexbox"
          >
            <a>
              Accept
            </a>
            <div>
              Reject
            </div>
            <a>
              Dismiss
            </a>
          </div>
        </div>
      </div>
      <div
        class="MuiCollapse-root MuiCollapse-vertical MuiCollapse-hidden emotion-6"
        style="min-height: 0px;"
      >
        <div
          class="MuiCollapse-wrapper MuiCollapse-vertical emotion-7"
        >
          <div
            class="MuiCollapse-wrapperInner MuiCollapse-vertical emotion-8"
          >
            <div
              class="MuiAccordion-region"
              role="region"
            >
              <div
                class="MuiAccordionDetails-root emotion-9"
              >
                <div
                  style="flex-grow: 1;"
                />
                <p
                  class="bold expanded"
                >
                   Are you sure you want to continue?
                </p>
              </div>
            </div>
          </div>
        </div>
      </div>
    </div>
    <div
      class="MuiPaper-root MuiPaper-elevation MuiPaper-elevation1 MuiAccordion-root MuiAccordion-gutters emotion-0 emotion-1"
    >
      <div
        aria-expanded="false"
        class="MuiButtonBase-root MuiAccordionSummary-root MuiAccordionSummary-gutters emotion-2"
        role="button"
        style="cursor: default;"
        tabindex="0"
      >
        <div
          class="MuiAccordionSummary-content MuiAccordionSummary-contentGutters emotion-3"
        >
          <div />
          <div
            class="capitalized"
          >
            preauth
          </div>
          <a>
            show key
          </a>
          <time
            datetime="2020-09-21T12:44:34+00:00"
          >
            2020-09-21 12:44
          </time>
          <div
            class="action-buttons flexbox"
          >
            <a>
              Accept
            </a>
            <a>
              Reject
            </a>
            <a>
              Dismiss
            </a>
          </div>
        </div>
      </div>
      <div
        class="MuiCollapse-root MuiCollapse-vertical MuiCollapse-hidden emotion-6"
        style="min-height: 0px;"
      >
        <div
          class="MuiCollapse-wrapper MuiCollapse-vertical emotion-7"
        >
          <div
            class="MuiCollapse-wrapperInner MuiCollapse-vertical emotion-8"
          >
            <div
              class="MuiAccordion-region"
              role="region"
            >
              <div
                class="MuiAccordionDetails-root emotion-9"
              >
                <div
                  style="flex-grow: 1;"
                />
                <p
                  class="bold expanded"
                >
                   Are you sure you want to continue?
                </p>
              </div>
            </div>
          </div>
        </div>
      </div>
    </div>
    <div
      class="MuiPaper-root MuiPaper-elevation MuiPaper-elevation1 MuiAccordion-root MuiAccordion-gutters emotion-0 emotion-1"
    >
      <div
        aria-expanded="false"
        class="MuiButtonBase-root MuiAccordionSummary-root MuiAccordionSummary-gutters emotion-2"
        role="button"
        style="cursor: default;"
        tabindex="0"
      >
        <div
          class="MuiAccordionSummary-content MuiAccordionSummary-contentGutters emotion-3"
        >
          <div />
          <div
            class="capitalized"
          >
            rejected
          </div>
          <a>
            show key
          </a>
          <time
            datetime="2020-09-21T12:40:34+00:00"
          >
            2020-09-21 12:40
          </time>
          <div
            class="action-buttons flexbox"
          >
            <a>
              Accept
            </a>
            <div>
              Reject
            </div>
            <a>
              Dismiss
            </a>
          </div>
        </div>
      </div>
      <div
        class="MuiCollapse-root MuiCollapse-vertical MuiCollapse-hidden emotion-6"
        style="min-height: 0px;"
      >
        <div
          class="MuiCollapse-wrapper MuiCollapse-vertical emotion-7"
        >
          <div
            class="MuiCollapse-wrapperInner MuiCollapse-vertical emotion-8"
          >
            <div
              class="MuiAccordion-region"
              role="region"
            >
              <div
                class="MuiAccordionDetails-root emotion-9"
              >
                <div
                  style="flex-grow: 1;"
                />
                <p
                  class="bold expanded"
                >
                   Are you sure you want to continue?
                </p>
              </div>
            </div>
          </div>
        </div>
      </div>
    </div>
    <div
      class="MuiPaper-root MuiPaper-elevation MuiPaper-elevation1 MuiAccordion-root MuiAccordion-gutters emotion-0 emotion-1"
    >
      <div
        aria-expanded="false"
        class="MuiButtonBase-root MuiAccordionSummary-root MuiAccordionSummary-gutters emotion-2"
        role="button"
        style="cursor: default;"
        tabindex="0"
      >
        <div
          class="MuiAccordionSummary-content MuiAccordionSummary-contentGutters emotion-3"
        >
          <div />
          <div
            class="capitalized"
          >
            preauth
          </div>
          <a>
            show key
          </a>
          <time
            datetime="2020-09-21T12:39:34+00:00"
          >
            2020-09-21 12:39
          </time>
          <div
            class="action-buttons flexbox"
          >
            <a>
              Accept
            </a>
            <a>
              Reject
            </a>
            <a>
              Dismiss
            </a>
          </div>
        </div>
      </div>
      <div
        class="MuiCollapse-root MuiCollapse-vertical MuiCollapse-hidden emotion-6"
        style="min-height: 0px;"
      >
        <div
          class="MuiCollapse-wrapper MuiCollapse-vertical emotion-7"
        >
          <div
            class="MuiCollapse-wrapperInner MuiCollapse-vertical emotion-8"
          >
            <div
              class="MuiAccordion-region"
              role="region"
            >
              <div
                class="MuiAccordionDetails-root emotion-9"
              >
                <div
                  style="flex-grow: 1;"
                />
                <p
                  class="bold expanded"
                >
                   Are you sure you want to continue?
                </p>
              </div>
            </div>
          </div>
        </div>
      </div>
    </div>
  </div>
</div>
`;
